[2026-06-04T14:34:10.529+0000] {local_task_job_runner.py:123} INFO - ::group::Pre task execution logs
[2026-06-04T14:34:10.543+0000] {taskinstance.py:2612} INFO - Dependencies all met for dep_context=non-requeueable deps ti=<TaskInstance: ehr_data_pipeline.compute_features manual__2026-06-04T14:28:28.476247+00:00 [queued]>
[2026-06-04T14:34:10.548+0000] {taskinstance.py:2612} INFO - Dependencies all met for dep_context=requeueable deps ti=<TaskInstance: ehr_data_pipeline.compute_features manual__2026-06-04T14:28:28.476247+00:00 [queued]>
[2026-06-04T14:34:10.549+0000] {taskinstance.py:2865} INFO - Starting attempt 1 of 1
[2026-06-04T14:34:10.559+0000] {taskinstance.py:2888} INFO - Executing <Task(PythonOperator): compute_features> on 2026-06-04 14:28:28.476247+00:00
[2026-06-04T14:34:10.565+0000] {standard_task_runner.py:104} INFO - Running: ['***', 'tasks', 'run', 'ehr_data_pipeline', 'compute_features', 'manual__2026-06-04T14:28:28.476247+00:00', '--job-id', '44', '--raw', '--subdir', 'DAGS_FOLDER/ehr_data_pipeline.py', '--cfg-path', '/tmp/tmp0x3c8te4']
[2026-06-04T14:34:10.566+0000] {standard_task_runner.py:105} INFO - Job 44: Subtask compute_features
[2026-06-04T14:34:10.567+0000] {logging_mixin.py:190} WARNING - /home/***/.local/lib/python3.12/site-packages/***/task/task_runner/standard_task_runner.py:70 DeprecationWarning: This process (pid=4021) is multi-threaded, use of fork() may lead to deadlocks in the child.
[2026-06-04T14:34:10.567+0000] {standard_task_runner.py:72} INFO - Started process 4022 to run task
[2026-06-04T14:34:10.600+0000] {task_command.py:467} INFO - Running <TaskInstance: ehr_data_pipeline.compute_features manual__2026-06-04T14:28:28.476247+00:00 [running]> on host g120.grove.adaptcentre.ie
[2026-06-04T14:34:10.670+0000] {taskinstance.py:3131} INFO - Exporting env vars: AIRFLOW_CTX_DAG_OWNER='***' AIRFLOW_CTX_DAG_ID='ehr_data_pipeline' AIRFLOW_CTX_TASK_ID='compute_features' AIRFLOW_CTX_EXECUTION_DATE='2026-06-04T14:28:28.476247+00:00' AIRFLOW_CTX_TRY_NUMBER='1' AIRFLOW_CTX_DAG_RUN_ID='manual__2026-06-04T14:28:28.476247+00:00'
[2026-06-04T14:34:10.671+0000] {taskinstance.py:731} INFO - ::endgroup::
[2026-06-04T14:35:09.671+0000] {logging_mixin.py:190} INFO - :: loading settings :: url = jar:file:/home/***/.local/lib/python3.12/site-packages/pyspark/jars/ivy-2.5.1.jar!/org/apache/ivy/core/settings/ivysettings.xml
Ivy Default Cache set to: /home/***/.ivy2/cache
The jars for the packages stored in: /home/***/.ivy2/jars
io.delta#delta-spark_2.12 added as a dependency
org.apache.hadoop#hadoop-aws added as a dependency
com.amazonaws#aws-java-sdk-bundle added as a dependency
:: resolving dependencies :: org.apache.spark#spark-submit-parent-81abd332-167b-4b1a-8877-ba85a8dd1f40;1.0
	confs: [default]
	found io.delta#delta-spark_2.12;3.3.0 in central
	found io.delta#delta-storage;3.3.0 in central
	found org.antlr#antlr4-runtime;4.9.3 in central
	found org.apache.hadoop#hadoop-aws;3.3.4 in central
	found com.amazonaws#aws-java-sdk-bundle;1.12.262 in central
	found org.wildfly.openssl#wildfly-openssl;1.0.7.Final in central
:: resolution report :: resolve 255ms :: artifacts dl 14ms
	:: modules in use:
	com.amazonaws#aws-java-sdk-bundle;1.12.262 from central in [default]
	io.delta#delta-spark_2.12;3.3.0 from central in [default]
	io.delta#delta-storage;3.3.0 from central in [default]
	org.antlr#antlr4-runtime;4.9.3 from central in [default]
	org.apache.hadoop#hadoop-aws;3.3.4 from central in [default]
	org.wildfly.openssl#wildfly-openssl;1.0.7.Final from central in [default]
	---------------------------------------------------------------------
	|                  |            modules            ||   artifacts   |
	|       conf       | number| search|dwnlded|evicted|| number|dwnlded|
	---------------------------------------------------------------------
	|      default     |   6   |   0   |   0   |   0   ||   6   |   0   |
	---------------------------------------------------------------------
:: retrieving :: org.apache.spark#spark-submit-parent-81abd332-167b-4b1a-8877-ba85a8dd1f40
	confs: [default]
	0 artifacts copied, 6 already retrieved (0kB/8ms)
26/06/04 14:34:12 WARN NativeCodeLoader: Unable to load native-hadoop library for your platform... using builtin-java classes where applicable
2026-06-04 14:34:13.826 | INFO     | __main__:main:421 - ============================================================
2026-06-04 14:34:13.827 | INFO     | __main__:main:422 - EHR FEATURE ENGINEERING — run_id=20260604_143413
2026-06-04 14:34:13.827 | INFO     | __main__:main:423 -   lookback=6 months
2026-06-04 14:34:13.827 | INFO     | __main__:main:424 - ============================================================
2026-06-04 14:34:13.827 | INFO     | utils:build_spark_session:69 - Connecting to Spark cluster: local[*] for EHR-Feature-Engineering
26/06/04 14:34:13 INFO SparkContext: Running Spark version 3.5.6
26/06/04 14:34:13 INFO SparkContext: OS info Linux, 5.10.0-42-amd64, amd64
26/06/04 14:34:13 INFO SparkContext: Java version 17.0.11
26/06/04 14:34:13 INFO ResourceUtils: ==============================================================
26/06/04 14:34:13 INFO ResourceUtils: No custom resources configured for spark.driver.
26/06/04 14:34:13 INFO ResourceUtils: ==============================================================
26/06/04 14:34:13 INFO SparkContext: Submitted application: EHR-Feature-Engineering
26/06/04 14:34:13 INFO ResourceProfile: Default ResourceProfile created, executor resources: Map(cores -> name: cores, amount: 2, script: , vendor: , memory -> name: memory, amount: 16384, script: , vendor: , offHeap -> name: offHeap, amount: 0, script: , vendor: ), task resources: Map(cpus -> name: cpus, amount: 1.0)
26/06/04 14:34:13 INFO ResourceProfile: Limiting resource is cpus at 2 tasks per executor
26/06/04 14:34:13 INFO ResourceProfileManager: Added ResourceProfile id: 0
26/06/04 14:34:14 INFO SecurityManager: Changing view acls to: ***
26/06/04 14:34:14 INFO SecurityManager: Changing modify acls to: ***
26/06/04 14:34:14 INFO SecurityManager: Changing view acls groups to: 
26/06/04 14:34:14 INFO SecurityManager: Changing modify acls groups to: 
26/06/04 14:34:14 INFO SecurityManager: SecurityManager: authentication disabled; ui acls disabled; users with view permissions: ***; groups with view permissions: EMPTY; users with modify permissions: ***; groups with modify permissions: EMPTY
26/06/04 14:34:14 INFO Utils: Successfully started service 'sparkDriver' on port 35611.
26/06/04 14:34:14 INFO SparkEnv: Registering MapOutputTracker
26/06/04 14:34:14 INFO SparkEnv: Registering BlockManagerMaster
26/06/04 14:34:14 INFO BlockManagerMasterEndpoint: Using org.apache.spark.storage.DefaultTopologyMapper for getting topology information
26/06/04 14:34:14 INFO BlockManagerMasterEndpoint: BlockManagerMasterEndpoint up
26/06/04 14:34:14 INFO SparkEnv: Registering BlockManagerMasterHeartbeat
26/06/04 14:34:14 INFO DiskBlockManager: Created local directory at /tmp/blockmgr-26cb3fc7-580a-49bd-a4fc-7c54bc322fd4
26/06/04 14:34:14 INFO MemoryStore: MemoryStore started with capacity 434.4 MiB
26/06/04 14:34:14 INFO SparkEnv: Registering OutputCommitCoordinator
26/06/04 14:34:14 INFO JettyUtils: Start Jetty 0.0.0.0:4040 for SparkUI
26/06/04 14:34:14 INFO Utils: Successfully started service 'SparkUI' on port 4040.
26/06/04 14:34:14 INFO SparkContext: Added JAR file:///home/***/.ivy2/jars/io.delta_delta-spark_2.12-3.3.0.jar at spark://host.containers.internal:35611/jars/io.delta_delta-spark_2.12-3.3.0.jar with timestamp 1780583653916
26/06/04 14:34:14 INFO SparkContext: Added JAR file:///home/***/.ivy2/jars/org.apache.hadoop_hadoop-aws-3.3.4.jar at spark://host.containers.internal:35611/jars/org.apache.hadoop_hadoop-aws-3.3.4.jar with timestamp 1780583653916
26/06/04 14:34:14 INFO SparkContext: Added JAR file:///home/***/.ivy2/jars/com.amazonaws_aws-java-sdk-bundle-1.12.262.jar at spark://host.containers.internal:35611/jars/com.amazonaws_aws-java-sdk-bundle-1.12.262.jar with timestamp 1780583653916
26/06/04 14:34:14 INFO SparkContext: Added JAR file:///home/***/.ivy2/jars/io.delta_delta-storage-3.3.0.jar at spark://host.containers.internal:35611/jars/io.delta_delta-storage-3.3.0.jar with timestamp 1780583653916
26/06/04 14:34:14 INFO SparkContext: Added JAR file:///home/***/.ivy2/jars/org.antlr_antlr4-runtime-4.9.3.jar at spark://host.containers.internal:35611/jars/org.antlr_antlr4-runtime-4.9.3.jar with timestamp 1780583653916
26/06/04 14:34:14 INFO SparkContext: Added JAR file:///home/***/.ivy2/jars/org.wildfly.openssl_wildfly-openssl-1.0.7.Final.jar at spark://host.containers.internal:35611/jars/org.wildfly.openssl_wildfly-openssl-1.0.7.Final.jar with timestamp 1780583653916
26/06/04 14:34:14 INFO SparkContext: Added file file:///home/***/.ivy2/jars/io.delta_delta-spark_2.12-3.3.0.jar at file:///home/***/.ivy2/jars/io.delta_delta-spark_2.12-3.3.0.jar with timestamp 1780583653916
26/06/04 14:34:14 INFO Utils: Copying /home/***/.ivy2/jars/io.delta_delta-spark_2.12-3.3.0.jar to /tmp/spark-9262ec99-0365-450c-aba4-a125a44ca7d2/userFiles-54e9ac9d-c9f7-4a20-8571-bf57a65f17c6/io.delta_delta-spark_2.12-3.3.0.jar
26/06/04 14:34:14 INFO SparkContext: Added file file:///home/***/.ivy2/jars/org.apache.hadoop_hadoop-aws-3.3.4.jar at file:///home/***/.ivy2/jars/org.apache.hadoop_hadoop-aws-3.3.4.jar with timestamp 1780583653916
26/06/04 14:34:14 INFO Utils: Copying /home/***/.ivy2/jars/org.apache.hadoop_hadoop-aws-3.3.4.jar to /tmp/spark-9262ec99-0365-450c-aba4-a125a44ca7d2/userFiles-54e9ac9d-c9f7-4a20-8571-bf57a65f17c6/org.apache.hadoop_hadoop-aws-3.3.4.jar
26/06/04 14:34:14 INFO SparkContext: Added file file:///home/***/.ivy2/jars/com.amazonaws_aws-java-sdk-bundle-1.12.262.jar at file:///home/***/.ivy2/jars/com.amazonaws_aws-java-sdk-bundle-1.12.262.jar with timestamp 1780583653916
26/06/04 14:34:14 INFO Utils: Copying /home/***/.ivy2/jars/com.amazonaws_aws-java-sdk-bundle-1.12.262.jar to /tmp/spark-9262ec99-0365-450c-aba4-a125a44ca7d2/userFiles-54e9ac9d-c9f7-4a20-8571-bf57a65f17c6/com.amazonaws_aws-java-sdk-bundle-1.12.262.jar
26/06/04 14:34:14 INFO SparkContext: Added file file:///home/***/.ivy2/jars/io.delta_delta-storage-3.3.0.jar at file:///home/***/.ivy2/jars/io.delta_delta-storage-3.3.0.jar with timestamp 1780583653916
26/06/04 14:34:14 INFO Utils: Copying /home/***/.ivy2/jars/io.delta_delta-storage-3.3.0.jar to /tmp/spark-9262ec99-0365-450c-aba4-a125a44ca7d2/userFiles-54e9ac9d-c9f7-4a20-8571-bf57a65f17c6/io.delta_delta-storage-3.3.0.jar
26/06/04 14:34:14 INFO SparkContext: Added file file:///home/***/.ivy2/jars/org.antlr_antlr4-runtime-4.9.3.jar at file:///home/***/.ivy2/jars/org.antlr_antlr4-runtime-4.9.3.jar with timestamp 1780583653916
26/06/04 14:34:14 INFO Utils: Copying /home/***/.ivy2/jars/org.antlr_antlr4-runtime-4.9.3.jar to /tmp/spark-9262ec99-0365-450c-aba4-a125a44ca7d2/userFiles-54e9ac9d-c9f7-4a20-8571-bf57a65f17c6/org.antlr_antlr4-runtime-4.9.3.jar
26/06/04 14:34:14 INFO SparkContext: Added file file:///home/***/.ivy2/jars/org.wildfly.openssl_wildfly-openssl-1.0.7.Final.jar at file:///home/***/.ivy2/jars/org.wildfly.openssl_wildfly-openssl-1.0.7.Final.jar with timestamp 1780583653916
26/06/04 14:34:14 INFO Utils: Copying /home/***/.ivy2/jars/org.wildfly.openssl_wildfly-openssl-1.0.7.Final.jar to /tmp/spark-9262ec99-0365-450c-aba4-a125a44ca7d2/userFiles-54e9ac9d-c9f7-4a20-8571-bf57a65f17c6/org.wildfly.openssl_wildfly-openssl-1.0.7.Final.jar
26/06/04 14:34:14 INFO Executor: Starting executor ID driver on host host.containers.internal
26/06/04 14:34:14 INFO Executor: OS info Linux, 5.10.0-42-amd64, amd64
26/06/04 14:34:14 INFO Executor: Java version 17.0.11
26/06/04 14:34:14 INFO Executor: Starting executor with user classpath (userClassPathFirst = false): ''
26/06/04 14:34:14 INFO Executor: Created or updated repl class loader org.apache.spark.util.MutableURLClassLoader@5a1f51d4 for default.
26/06/04 14:34:14 INFO Executor: Fetching file:///home/***/.ivy2/jars/io.delta_delta-storage-3.3.0.jar with timestamp 1780583653916
26/06/04 14:34:15 INFO Utils: /home/***/.ivy2/jars/io.delta_delta-storage-3.3.0.jar has been previously copied to /tmp/spark-9262ec99-0365-450c-aba4-a125a44ca7d2/userFiles-54e9ac9d-c9f7-4a20-8571-bf57a65f17c6/io.delta_delta-storage-3.3.0.jar
26/06/04 14:34:15 INFO Executor: Fetching file:///home/***/.ivy2/jars/org.apache.hadoop_hadoop-aws-3.3.4.jar with timestamp 1780583653916
26/06/04 14:34:15 INFO Utils: /home/***/.ivy2/jars/org.apache.hadoop_hadoop-aws-3.3.4.jar has been previously copied to /tmp/spark-9262ec99-0365-450c-aba4-a125a44ca7d2/userFiles-54e9ac9d-c9f7-4a20-8571-bf57a65f17c6/org.apache.hadoop_hadoop-aws-3.3.4.jar
26/06/04 14:34:15 INFO Executor: Fetching file:///home/***/.ivy2/jars/io.delta_delta-spark_2.12-3.3.0.jar with timestamp 1780583653916
26/06/04 14:34:15 INFO Utils: /home/***/.ivy2/jars/io.delta_delta-spark_2.12-3.3.0.jar has been previously copied to /tmp/spark-9262ec99-0365-450c-aba4-a125a44ca7d2/userFiles-54e9ac9d-c9f7-4a20-8571-bf57a65f17c6/io.delta_delta-spark_2.12-3.3.0.jar
26/06/04 14:34:15 INFO Executor: Fetching file:///home/***/.ivy2/jars/org.antlr_antlr4-runtime-4.9.3.jar with timestamp 1780583653916
26/06/04 14:34:15 INFO Utils: /home/***/.ivy2/jars/org.antlr_antlr4-runtime-4.9.3.jar has been previously copied to /tmp/spark-9262ec99-0365-450c-aba4-a125a44ca7d2/userFiles-54e9ac9d-c9f7-4a20-8571-bf57a65f17c6/org.antlr_antlr4-runtime-4.9.3.jar
26/06/04 14:34:15 INFO Executor: Fetching file:///home/***/.ivy2/jars/org.wildfly.openssl_wildfly-openssl-1.0.7.Final.jar with timestamp 1780583653916
26/06/04 14:34:15 INFO Utils: /home/***/.ivy2/jars/org.wildfly.openssl_wildfly-openssl-1.0.7.Final.jar has been previously copied to /tmp/spark-9262ec99-0365-450c-aba4-a125a44ca7d2/userFiles-54e9ac9d-c9f7-4a20-8571-bf57a65f17c6/org.wildfly.openssl_wildfly-openssl-1.0.7.Final.jar
26/06/04 14:34:15 INFO Executor: Fetching file:///home/***/.ivy2/jars/com.amazonaws_aws-java-sdk-bundle-1.12.262.jar with timestamp 1780583653916
26/06/04 14:34:15 INFO Utils: /home/***/.ivy2/jars/com.amazonaws_aws-java-sdk-bundle-1.12.262.jar has been previously copied to /tmp/spark-9262ec99-0365-450c-aba4-a125a44ca7d2/userFiles-54e9ac9d-c9f7-4a20-8571-bf57a65f17c6/com.amazonaws_aws-java-sdk-bundle-1.12.262.jar
26/06/04 14:34:15 INFO Executor: Fetching spark://host.containers.internal:35611/jars/org.wildfly.openssl_wildfly-openssl-1.0.7.Final.jar with timestamp 1780583653916
26/06/04 14:34:15 INFO TransportClientFactory: Successfully created connection to host.containers.internal/192.168.1.120:35611 after 20 ms (0 ms spent in bootstraps)
26/06/04 14:34:15 INFO Utils: Fetching spark://host.containers.internal:35611/jars/org.wildfly.openssl_wildfly-openssl-1.0.7.Final.jar to /tmp/spark-9262ec99-0365-450c-aba4-a125a44ca7d2/userFiles-54e9ac9d-c9f7-4a20-8571-bf57a65f17c6/fetchFileTemp13583131287205837770.tmp
26/06/04 14:34:15 INFO Utils: /tmp/spark-9262ec99-0365-450c-aba4-a125a44ca7d2/userFiles-54e9ac9d-c9f7-4a20-8571-bf57a65f17c6/fetchFileTemp13583131287205837770.tmp has been previously copied to /tmp/spark-9262ec99-0365-450c-aba4-a125a44ca7d2/userFiles-54e9ac9d-c9f7-4a20-8571-bf57a65f17c6/org.wildfly.openssl_wildfly-openssl-1.0.7.Final.jar
26/06/04 14:34:15 INFO Executor: Adding file:/tmp/spark-9262ec99-0365-450c-aba4-a125a44ca7d2/userFiles-54e9ac9d-c9f7-4a20-8571-bf57a65f17c6/org.wildfly.openssl_wildfly-openssl-1.0.7.Final.jar to class loader default
26/06/04 14:34:15 INFO Executor: Fetching spark://host.containers.internal:35611/jars/io.delta_delta-storage-3.3.0.jar with timestamp 1780583653916
26/06/04 14:34:15 INFO Utils: Fetching spark://host.containers.internal:35611/jars/io.delta_delta-storage-3.3.0.jar to /tmp/spark-9262ec99-0365-450c-aba4-a125a44ca7d2/userFiles-54e9ac9d-c9f7-4a20-8571-bf57a65f17c6/fetchFileTemp17138009242745165789.tmp
26/06/04 14:34:15 INFO Utils: /tmp/spark-9262ec99-0365-450c-aba4-a125a44ca7d2/userFiles-54e9ac9d-c9f7-4a20-8571-bf57a65f17c6/fetchFileTemp17138009242745165789.tmp has been previously copied to /tmp/spark-9262ec99-0365-450c-aba4-a125a44ca7d2/userFiles-54e9ac9d-c9f7-4a20-8571-bf57a65f17c6/io.delta_delta-storage-3.3.0.jar
26/06/04 14:34:15 INFO Executor: Adding file:/tmp/spark-9262ec99-0365-450c-aba4-a125a44ca7d2/userFiles-54e9ac9d-c9f7-4a20-8571-bf57a65f17c6/io.delta_delta-storage-3.3.0.jar to class loader default
26/06/04 14:34:15 INFO Executor: Fetching spark://host.containers.internal:35611/jars/com.amazonaws_aws-java-sdk-bundle-1.12.262.jar with timestamp 1780583653916
26/06/04 14:34:15 INFO Utils: Fetching spark://host.containers.internal:35611/jars/com.amazonaws_aws-java-sdk-bundle-1.12.262.jar to /tmp/spark-9262ec99-0365-450c-aba4-a125a44ca7d2/userFiles-54e9ac9d-c9f7-4a20-8571-bf57a65f17c6/fetchFileTemp6302577796757519407.tmp
26/06/04 14:34:16 INFO Utils: /tmp/spark-9262ec99-0365-450c-aba4-a125a44ca7d2/userFiles-54e9ac9d-c9f7-4a20-8571-bf57a65f17c6/fetchFileTemp6302577796757519407.tmp has been previously copied to /tmp/spark-9262ec99-0365-450c-aba4-a125a44ca7d2/userFiles-54e9ac9d-c9f7-4a20-8571-bf57a65f17c6/com.amazonaws_aws-java-sdk-bundle-1.12.262.jar
26/06/04 14:34:16 INFO Executor: Adding file:/tmp/spark-9262ec99-0365-450c-aba4-a125a44ca7d2/userFiles-54e9ac9d-c9f7-4a20-8571-bf57a65f17c6/com.amazonaws_aws-java-sdk-bundle-1.12.262.jar to class loader default
26/06/04 14:34:16 INFO Executor: Fetching spark://host.containers.internal:35611/jars/org.apache.hadoop_hadoop-aws-3.3.4.jar with timestamp 1780583653916
26/06/04 14:34:16 INFO Utils: Fetching spark://host.containers.internal:35611/jars/org.apache.hadoop_hadoop-aws-3.3.4.jar to /tmp/spark-9262ec99-0365-450c-aba4-a125a44ca7d2/userFiles-54e9ac9d-c9f7-4a20-8571-bf57a65f17c6/fetchFileTemp13080442546803119406.tmp
26/06/04 14:34:16 INFO Utils: /tmp/spark-9262ec99-0365-450c-aba4-a125a44ca7d2/userFiles-54e9ac9d-c9f7-4a20-8571-bf57a65f17c6/fetchFileTemp13080442546803119406.tmp has been previously copied to /tmp/spark-9262ec99-0365-450c-aba4-a125a44ca7d2/userFiles-54e9ac9d-c9f7-4a20-8571-bf57a65f17c6/org.apache.hadoop_hadoop-aws-3.3.4.jar
26/06/04 14:34:16 INFO Executor: Adding file:/tmp/spark-9262ec99-0365-450c-aba4-a125a44ca7d2/userFiles-54e9ac9d-c9f7-4a20-8571-bf57a65f17c6/org.apache.hadoop_hadoop-aws-3.3.4.jar to class loader default
26/06/04 14:34:16 INFO Executor: Fetching spark://host.containers.internal:35611/jars/org.antlr_antlr4-runtime-4.9.3.jar with timestamp 1780583653916
26/06/04 14:34:16 INFO Utils: Fetching spark://host.containers.internal:35611/jars/org.antlr_antlr4-runtime-4.9.3.jar to /tmp/spark-9262ec99-0365-450c-aba4-a125a44ca7d2/userFiles-54e9ac9d-c9f7-4a20-8571-bf57a65f17c6/fetchFileTemp4177735325349629271.tmp
26/06/04 14:34:16 INFO Utils: /tmp/spark-9262ec99-0365-450c-aba4-a125a44ca7d2/userFiles-54e9ac9d-c9f7-4a20-8571-bf57a65f17c6/fetchFileTemp4177735325349629271.tmp has been previously copied to /tmp/spark-9262ec99-0365-450c-aba4-a125a44ca7d2/userFiles-54e9ac9d-c9f7-4a20-8571-bf57a65f17c6/org.antlr_antlr4-runtime-4.9.3.jar
26/06/04 14:34:16 INFO Executor: Adding file:/tmp/spark-9262ec99-0365-450c-aba4-a125a44ca7d2/userFiles-54e9ac9d-c9f7-4a20-8571-bf57a65f17c6/org.antlr_antlr4-runtime-4.9.3.jar to class loader default
26/06/04 14:34:16 INFO Executor: Fetching spark://host.containers.internal:35611/jars/io.delta_delta-spark_2.12-3.3.0.jar with timestamp 1780583653916
26/06/04 14:34:16 INFO Utils: Fetching spark://host.containers.internal:35611/jars/io.delta_delta-spark_2.12-3.3.0.jar to /tmp/spark-9262ec99-0365-450c-aba4-a125a44ca7d2/userFiles-54e9ac9d-c9f7-4a20-8571-bf57a65f17c6/fetchFileTemp2135509939575365845.tmp
26/06/04 14:34:16 INFO Utils: /tmp/spark-9262ec99-0365-450c-aba4-a125a44ca7d2/userFiles-54e9ac9d-c9f7-4a20-8571-bf57a65f17c6/fetchFileTemp2135509939575365845.tmp has been previously copied to /tmp/spark-9262ec99-0365-450c-aba4-a125a44ca7d2/userFiles-54e9ac9d-c9f7-4a20-8571-bf57a65f17c6/io.delta_delta-spark_2.12-3.3.0.jar
26/06/04 14:34:16 INFO Executor: Adding file:/tmp/spark-9262ec99-0365-450c-aba4-a125a44ca7d2/userFiles-54e9ac9d-c9f7-4a20-8571-bf57a65f17c6/io.delta_delta-spark_2.12-3.3.0.jar to class loader default
26/06/04 14:34:16 INFO Utils: Successfully started service 'org.apache.spark.network.netty.NettyBlockTransferService' on port 42953.
26/06/04 14:34:16 INFO NettyBlockTransferService: Server created on host.containers.internal:42953
26/06/04 14:34:16 INFO BlockManager: Using org.apache.spark.storage.RandomBlockReplicationPolicy for block replication policy
26/06/04 14:34:16 INFO BlockManagerMaster: Registering BlockManager BlockManagerId(driver, host.containers.internal, 42953, None)
26/06/04 14:34:16 INFO BlockManagerMasterEndpoint: Registering block manager host.containers.internal:42953 with 434.4 MiB RAM, BlockManagerId(driver, host.containers.internal, 42953, None)
26/06/04 14:34:16 INFO BlockManagerMaster: Registered BlockManager BlockManagerId(driver, host.containers.internal, 42953, None)
26/06/04 14:34:16 INFO BlockManager: Initialized BlockManager: BlockManagerId(driver, host.containers.internal, 42953, None)
26/06/04 14:34:16 INFO SingleEventLogFileWriter: Logging events to file:/.tmp/spark-logs/local-1780583654955.inprogress
2026-06-04 14:34:16.912 | INFO     | utils:build_spark_session:101 - Spark version: 3.5.6
2026-06-04 14:34:17.060 | INFO     | __main__:resolve_as_of_ts:122 - FEATURE_AS_OF_DATE not set — deriving as_of_ts from max(event_timestamp) in OBT ...
26/06/04 14:34:17 WARN MetricsConfig: Cannot locate configuration: tried hadoop-metrics2-s3a-file-system.properties,hadoop-metrics2.properties
26/06/04 14:34:21 WARN SparkStringUtils: Truncated the string representation of a plan since it was too large. This behavior can be adjusted by setting 'spark.sql.debug.maxToStringFields'.
2026-06-04 14:34:28.867 | INFO     | __main__:resolve_as_of_ts:130 - Derived as_of_ts: 2024-01-13 22:16:19
2026-06-04 14:34:28.867 | INFO     | __main__:main:432 - as_of_ts = 2024-01-13 22:16:19
2026-06-04 14:34:28.867 | INFO     | utils:load_event_metadata:110 - Loading event metadata from dim_event_type (Gold)...
2026-06-04 14:34:31.869 | INFO     | utils:load_event_metadata:124 -   diagnosis: ['Diabetes', 'Hyperlipidemia', 'Hypertension', 'URI']
2026-06-04 14:34:31.869 | INFO     | utils:load_event_metadata:124 -   lab: ['Creatinine', 'Glucose', 'Hemoglobin', 'WBC']
2026-06-04 14:34:31.869 | INFO     | utils:load_event_metadata:124 -   medication: ['Amoxicillin', 'Atorvastatin', 'Lisinopril', 'Metformin']
2026-06-04 14:34:31.869 | INFO     | utils:load_event_metadata:124 -   vital: ['Diastolic BP', 'Heart Rate', 'SpO2', 'Systolic BP', 'Temperature']
2026-06-04 14:34:33.404 | INFO     | __main__:load_obt_window:142 - OBT window [2024-01-13 22:16:19 - 6m]: 74,350 events
2026-06-04 14:34:33.862 | INFO     | __main__:compute_vitals_features:157 - Computing feat_patient_vitals_6m for 5 vitals: ['Diastolic BP', 'Heart Rate', 'SpO2', 'Systolic BP', 'Temperature']
2026-06-04 14:34:39.488 | INFO     | __main__:compute_vitals_features:178 -   feat_patient_vitals_6m: 7,496 patients
2026-06-04 14:34:39.489 | INFO     | __main__:compute_labs_features:187 - Computing feat_patient_labs_6m for 4 labs: ['Creatinine', 'Glucose', 'Hemoglobin', 'WBC']
2026-06-04 14:34:42.788 | INFO     | __main__:compute_labs_features:208 -   feat_patient_labs_6m: 7,206 patients
2026-06-04 14:34:42.788 | INFO     | __main__:compute_icd_features:218 - Computing feat_patient_icd_6m ...
2026-06-04 14:34:49.442 | INFO     | __main__:compute_icd_features:247 -   feat_patient_icd_6m: 7,218 patients
2026-06-04 14:34:49.442 | INFO     | __main__:compute_medication_features:256 - Computing feat_patient_medication_6m for 4 medications: ['Amoxicillin', 'Atorvastatin', 'Lisinopril', 'Metformin']
2026-06-04 14:34:52.054 | INFO     | __main__:compute_medication_features:273 -   feat_patient_medication_6m: 7,250 patients
2026-06-04 14:34:52.054 | INFO     | __main__:compute_demographics_features:283 - Computing feat_patient_demographics ...
2026-06-04 14:34:56.693 | INFO     | __main__:compute_demographics_features:305 -   feat_patient_demographics: 10,000 patients
2026-06-04 14:34:56.693 | INFO     | __main__:compute_visit_labels:330 - Computing gold_visit_labels ...
2026-06-04 14:35:08.082 | INFO     | __main__:compute_visit_labels:408 -   gold_visit_labels: 47,497 visits
2026-06-04 14:35:08.082 | INFO     | __main__:compute_visit_labels:409 -     is_readmitted_7d:       8,339 (17.6%)
2026-06-04 14:35:08.082 | INFO     | __main__:compute_visit_labels:410 -     has_inpatient_mortality: 0  (0.0%)
2026-06-04 14:35:08.082 | INFO     | __main__:compute_visit_labels:411 -     has_30day_mortality:     180  (0.4%)
2026-06-04 14:35:08.082 | INFO     | __main__:main:452 - ============================================================
2026-06-04 14:35:08.082 | INFO     | __main__:main:453 - Row counts:
2026-06-04 14:35:08.082 | INFO     | __main__:main:455 -   feat_patient_vitals_6m             :      7,496 rows
2026-06-04 14:35:08.082 | INFO     | __main__:main:455 -   feat_patient_labs_6m               :      7,206 rows
2026-06-04 14:35:08.082 | INFO     | __main__:main:455 -   feat_patient_icd_6m                :      7,218 rows
2026-06-04 14:35:08.082 | INFO     | __main__:main:455 -   feat_patient_medication_6m         :      7,250 rows
2026-06-04 14:35:08.082 | INFO     | __main__:main:455 -   feat_patient_demographics          :     10,000 rows
2026-06-04 14:35:08.082 | INFO     | __main__:main:455 -   gold_visit_labels                  :     47,497 rows
2026-06-04 14:35:08.082 | INFO     | utils:register_tables_in_trino:133 - Registering tables in Trino under delta.gold ...
2026-06-04 14:35:08.099 | INFO     | utils:register_tables_in_trino:146 -   delta.gold schema ensured.
2026-06-04 14:35:08.099 | INFO     | utils:register_tables_in_trino:149 -   Registering delta.gold.feat_patient_vitals_6m ...
2026-06-04 14:35:08.185 | INFO     | utils:register_tables_in_trino:149 -   Registering delta.gold.feat_patient_labs_6m ...
2026-06-04 14:35:08.280 | INFO     | utils:register_tables_in_trino:149 -   Registering delta.gold.feat_patient_icd_6m ...
2026-06-04 14:35:08.385 | INFO     | utils:register_tables_in_trino:149 -   Registering delta.gold.feat_patient_medication_6m ...
2026-06-04 14:35:08.486 | INFO     | utils:register_tables_in_trino:149 -   Registering delta.gold.feat_patient_demographics ...
2026-06-04 14:35:08.568 | INFO     | utils:register_tables_in_trino:149 -   Registering delta.gold.gold_visit_labels ...
2026-06-04 14:35:08.661 | INFO     | utils:register_tables_in_trino:161 -   All tables registered in Trino under delta.gold.
2026-06-04 14:35:09.438 | INFO     | __main__:main:463 - ============================================================
2026-06-04 14:35:09.439 | INFO     | __main__:main:464 - Feature engineering complete. run_id=20260604_143413, elapsed=55.6s
2026-06-04 14:35:09.439 | INFO     | __main__:main:465 - ============================================================
[2026-06-04T14:35:09.672+0000] {logging_mixin.py:190} WARNING - 2026-06-04 14:34:11.054 | INFO     | utils:run_with_spark_submit:179 - Script was not started with spark-submit. Submitting job to cluster via subprocess...
2026-06-04 14:34:11.054 | INFO     | utils:run_with_spark_submit:189 - Running command: spark-submit --master local[*] --packages io.delta:delta-spark_2.12:3.3.0,org.apache.hadoop:hadoop-aws:3.3.4,com.amazonaws:aws-java-sdk-bundle:1.12.262 /opt/***/scripts/5_compute_features.py
[2026-06-04T14:35:09.904+0000] {logging_mixin.py:190} INFO - [datahub] Emitted batch step: compute_features
[2026-06-04T14:35:09.916+0000] {logging_mixin.py:190} INFO - [run-meta] compute_features → SUCCESS  run_id=17a6a999-0e57-41d9-a16c-c66ddf7586ef
[2026-06-04T14:35:09.916+0000] {python.py:240} INFO - Done. Returned value was: None
[2026-06-04T14:35:09.923+0000] {taskinstance.py:340} INFO - ::group::Post task execution logs
[2026-06-04T14:35:09.923+0000] {taskinstance.py:352} INFO - Marking task as SUCCESS. dag_id=ehr_data_pipeline, task_id=compute_features, run_id=manual__2026-06-04T14:28:28.476247+00:00, execution_date=20260604T142828, start_date=20260604T143410, end_date=20260604T143509
[2026-06-04T14:35:09.976+0000] {local_task_job_runner.py:266} INFO - Task exited with return code 0
[2026-06-04T14:35:09.990+0000] {taskinstance.py:3900} INFO - 1 downstream tasks scheduled from follow-on schedule check
[2026-06-04T14:35:09.995+0000] {local_task_job_runner.py:245} INFO - ::endgroup::
