[2026-06-04T14:11:14.967+0000] {local_task_job_runner.py:123} INFO - ::group::Pre task execution logs
[2026-06-04T14:11:14.984+0000] {taskinstance.py:2612} INFO - Dependencies all met for dep_context=non-requeueable deps ti=<TaskInstance: ehr_data_pipeline.bronze_ingest manual__2026-06-04T14:11:14.322275+00:00 [queued]>
[2026-06-04T14:11:14.992+0000] {taskinstance.py:2612} INFO - Dependencies all met for dep_context=requeueable deps ti=<TaskInstance: ehr_data_pipeline.bronze_ingest manual__2026-06-04T14:11:14.322275+00:00 [queued]>
[2026-06-04T14:11:14.992+0000] {taskinstance.py:2865} INFO - Starting attempt 1 of 1
[2026-06-04T14:11:15.016+0000] {taskinstance.py:2888} INFO - Executing <Task(PythonOperator): bronze_ingest> on 2026-06-04 14:11:14.322275+00:00
[2026-06-04T14:11:15.022+0000] {standard_task_runner.py:104} INFO - Running: ['***', 'tasks', 'run', 'ehr_data_pipeline', 'bronze_ingest', 'manual__2026-06-04T14:11:14.322275+00:00', '--job-id', '32', '--raw', '--subdir', 'DAGS_FOLDER/ehr_data_pipeline.py', '--cfg-path', '/tmp/tmp5dcqbwjp']
[2026-06-04T14:11:15.023+0000] {standard_task_runner.py:105} INFO - Job 32: Subtask bronze_ingest
[2026-06-04T14:11:15.024+0000] {logging_mixin.py:190} WARNING - /home/***/.local/lib/python3.12/site-packages/***/task/task_runner/standard_task_runner.py:70 DeprecationWarning: This process (pid=190) is multi-threaded, use of fork() may lead to deadlocks in the child.
[2026-06-04T14:11:15.025+0000] {standard_task_runner.py:72} INFO - Started process 192 to run task
[2026-06-04T14:11:15.075+0000] {task_command.py:467} INFO - Running <TaskInstance: ehr_data_pipeline.bronze_ingest manual__2026-06-04T14:11:14.322275+00:00 [running]> on host g120.grove.adaptcentre.ie
[2026-06-04T14:11:15.181+0000] {taskinstance.py:3131} INFO - Exporting env vars: AIRFLOW_CTX_DAG_OWNER='***' AIRFLOW_CTX_DAG_ID='ehr_data_pipeline' AIRFLOW_CTX_TASK_ID='bronze_ingest' AIRFLOW_CTX_EXECUTION_DATE='2026-06-04T14:11:14.322275+00:00' AIRFLOW_CTX_TRY_NUMBER='1' AIRFLOW_CTX_DAG_RUN_ID='manual__2026-06-04T14:11:14.322275+00:00'
[2026-06-04T14:11:15.191+0000] {taskinstance.py:731} INFO - ::endgroup::
[2026-06-04T14:11:20.240+0000] {logging_mixin.py:190} WARNING - 2026-06-04 14:11:18.140 | INFO     | __main__:ingest_to_minio:50 - Initializing MinIO connection...
2026-06-04 14:11:18.144 | INFO     | __main__:ingest_to_minio:62 - MinIO bucket 'lakehouse' already exists.
2026-06-04 14:11:18.144 | INFO     | __main__:ingest_to_minio:80 - Writing raw_patients table to S3/Delta...
2026-06-04 14:11:18.355 | INFO     | __main__:ingest_to_minio:80 - Writing raw_wards table to S3/Delta...
2026-06-04 14:11:18.451 | INFO     | __main__:ingest_to_minio:80 - Writing raw_event_metadata table to S3/Delta...
2026-06-04 14:11:18.544 | INFO     | __main__:ingest_to_minio:80 - Writing raw_visits table to S3/Delta...
2026-06-04 14:11:18.750 | INFO     | __main__:ingest_to_minio:80 - Writing raw_events table to S3/Delta...
2026-06-04 14:11:19.128 | INFO     | __main__:ingest_to_minio:87 - Successfully wrote all historical EHR Delta tables to MinIO.
2026-06-04 14:11:19.135 | INFO     | utils:register_tables_in_trino:133 - Registering tables in Trino under delta.bronze ...
2026-06-04 14:11:19.170 | INFO     | utils:register_tables_in_trino:146 -   delta.bronze schema ensured.
2026-06-04 14:11:19.170 | INFO     | utils:register_tables_in_trino:149 -   Registering delta.bronze.raw_patients ...
2026-06-04 14:11:19.401 | INFO     | utils:register_tables_in_trino:149 -   Registering delta.bronze.raw_wards ...
2026-06-04 14:11:19.568 | INFO     | utils:register_tables_in_trino:149 -   Registering delta.bronze.raw_event_metadata ...
2026-06-04 14:11:19.744 | INFO     | utils:register_tables_in_trino:149 -   Registering delta.bronze.raw_visits ...
2026-06-04 14:11:19.924 | INFO     | utils:register_tables_in_trino:149 -   Registering delta.bronze.raw_events ...
2026-06-04 14:11:20.100 | INFO     | utils:register_tables_in_trino:161 -   All tables registered in Trino under delta.bronze.
2026-06-04 14:11:20.100 | INFO     | __main__:main:106 - Historical Batch Ingestion process finished.
[2026-06-04T14:11:20.468+0000] {logging_mixin.py:190} INFO - [datahub] Emitted batch step: bronze_ingest
[2026-06-04T14:11:20.478+0000] {logging_mixin.py:190} INFO - [run-meta] bronze_ingest → SUCCESS  run_id=cb047a7f-819b-4352-bfc9-777b726515a1
[2026-06-04T14:11:20.478+0000] {python.py:240} INFO - Done. Returned value was: None
[2026-06-04T14:11:20.501+0000] {taskinstance.py:340} INFO - ::group::Post task execution logs
[2026-06-04T14:11:20.501+0000] {taskinstance.py:352} INFO - Marking task as SUCCESS. dag_id=ehr_data_pipeline, task_id=bronze_ingest, run_id=manual__2026-06-04T14:11:14.322275+00:00, execution_date=20260604T141114, start_date=20260604T141114, end_date=20260604T141120
[2026-06-04T14:11:20.548+0000] {local_task_job_runner.py:266} INFO - Task exited with return code 0
[2026-06-04T14:11:20.567+0000] {taskinstance.py:3900} INFO - 1 downstream tasks scheduled from follow-on schedule check
[2026-06-04T14:11:20.572+0000] {local_task_job_runner.py:245} INFO - ::endgroup::
