[2026-06-04T16:30:01.142+0000] {local_task_job_runner.py:123} INFO - ::group::Pre task execution logs
[2026-06-04T16:30:01.215+0000] {taskinstance.py:2612} INFO - Dependencies all met for dep_context=non-requeueable deps ti=<TaskInstance: datahub_metadata_ingestion.ingest_postgres scheduled__2026-06-04T16:25:00+00:00 [queued]>
[2026-06-04T16:30:01.239+0000] {taskinstance.py:2612} INFO - Dependencies all met for dep_context=requeueable deps ti=<TaskInstance: datahub_metadata_ingestion.ingest_postgres scheduled__2026-06-04T16:25:00+00:00 [queued]>
[2026-06-04T16:30:01.243+0000] {taskinstance.py:2865} INFO - Starting attempt 1 of 1
[2026-06-04T16:30:01.267+0000] {taskinstance.py:2888} INFO - Executing <Task(PythonOperator): ingest_postgres> on 2026-06-04 16:25:00+00:00
[2026-06-04T16:30:01.295+0000] {standard_task_runner.py:104} INFO - Running: ['***', 'tasks', 'run', 'datahub_metadata_ingestion', 'ingest_postgres', 'scheduled__2026-06-04T16:25:00+00:00', '--job-id', '88', '--raw', '--subdir', 'DAGS_FOLDER/datahub_ingestion.py', '--cfg-path', '/tmp/tmp7_qo6xfx']
[2026-06-04T16:30:01.305+0000] {standard_task_runner.py:105} INFO - Job 88: Subtask ingest_postgres
[2026-06-04T16:30:01.305+0000] {logging_mixin.py:190} WARNING - /home/***/.local/lib/python3.12/site-packages/***/task/task_runner/standard_task_runner.py:70 DeprecationWarning: This process (pid=7473) is multi-threaded, use of fork() may lead to deadlocks in the child.
[2026-06-04T16:30:01.314+0000] {standard_task_runner.py:72} INFO - Started process 7485 to run task
[2026-06-04T16:30:01.422+0000] {task_command.py:467} INFO - Running <TaskInstance: datahub_metadata_ingestion.ingest_postgres scheduled__2026-06-04T16:25:00+00:00 [running]> on host g120.grove.adaptcentre.ie
[2026-06-04T16:30:01.702+0000] {taskinstance.py:3131} INFO - Exporting env vars: AIRFLOW_CTX_DAG_OWNER='***' AIRFLOW_CTX_DAG_ID='datahub_metadata_ingestion' AIRFLOW_CTX_TASK_ID='ingest_postgres' AIRFLOW_CTX_EXECUTION_DATE='2026-06-04T16:25:00+00:00' AIRFLOW_CTX_TRY_NUMBER='1' AIRFLOW_CTX_DAG_RUN_ID='scheduled__2026-06-04T16:25:00+00:00'
[2026-06-04T16:30:01.709+0000] {taskinstance.py:731} INFO - ::endgroup::
[2026-06-04T16:30:02.922+0000] {datahub_rest.py:156} WARNING - REST sink mode is ASYNC_BATCH but DATAHUB_EMIT_MODE is SYNC_PRIMARY (sync family). Overriding GMS emit mode to ASYNC.
[2026-06-04T16:30:02.946+0000] {pipeline.py:225} INFO - Sink configured successfully. DataHubRestEmitter: configured to talk to http://127.0.0.1:8088
[2026-06-04T16:30:07.456+0000] {sql_parsing_aggregator.py:505} INFO - Processing join clauses in column-level lineage
[2026-06-04T16:30:07.588+0000] {pipeline.py:266} INFO - Source configured successfully.
[2026-06-04T16:30:08.135+0000] {python.py:240} INFO - Done. Returned value was: None
[2026-06-04T16:30:08.174+0000] {taskinstance.py:340} INFO - ::group::Post task execution logs
[2026-06-04T16:30:08.179+0000] {taskinstance.py:352} INFO - Marking task as SUCCESS. dag_id=datahub_metadata_ingestion, task_id=ingest_postgres, run_id=scheduled__2026-06-04T16:25:00+00:00, execution_date=20260604T162500, start_date=20260604T163001, end_date=20260604T163008
[2026-06-04T16:30:08.254+0000] {local_task_job_runner.py:266} INFO - Task exited with return code 0
[2026-06-04T16:30:08.337+0000] {taskinstance.py:3900} INFO - 0 downstream tasks scheduled from follow-on schedule check
[2026-06-04T16:30:08.348+0000] {local_task_job_runner.py:245} INFO - ::endgroup::
