[2026-06-04T15:04:50.070+0000] {local_task_job_runner.py:123} INFO - ::group::Pre task execution logs
[2026-06-04T15:04:50.086+0000] {taskinstance.py:2612} INFO - Dependencies all met for dep_context=non-requeueable deps ti=<TaskInstance: ehr_data_pipeline.feast_materialize manual__2026-06-04T14:57:38.342806+00:00 [queued]>
[2026-06-04T15:04:50.093+0000] {taskinstance.py:2612} INFO - Dependencies all met for dep_context=requeueable deps ti=<TaskInstance: ehr_data_pipeline.feast_materialize manual__2026-06-04T14:57:38.342806+00:00 [queued]>
[2026-06-04T15:04:50.094+0000] {taskinstance.py:2865} INFO - Starting attempt 1 of 1
[2026-06-04T15:04:50.113+0000] {taskinstance.py:2888} INFO - Executing <Task(PythonOperator): feast_materialize> on 2026-06-04 14:57:38.342806+00:00
[2026-06-04T15:04:50.119+0000] {standard_task_runner.py:104} INFO - Running: ['***', 'tasks', 'run', 'ehr_data_pipeline', 'feast_materialize', 'manual__2026-06-04T14:57:38.342806+00:00', '--job-id', '54', '--raw', '--subdir', 'DAGS_FOLDER/ehr_data_pipeline.py', '--cfg-path', '/tmp/tmp9lgsfr8d']
[2026-06-04T15:04:50.121+0000] {standard_task_runner.py:105} INFO - Job 54: Subtask feast_materialize
[2026-06-04T15:04:50.123+0000] {logging_mixin.py:190} WARNING - /home/***/.local/lib/python3.12/site-packages/***/task/task_runner/standard_task_runner.py:70 DeprecationWarning: This process (pid=2947) is multi-threaded, use of fork() may lead to deadlocks in the child.
[2026-06-04T15:04:50.124+0000] {standard_task_runner.py:72} INFO - Started process 2948 to run task
[2026-06-04T15:04:50.163+0000] {task_command.py:467} INFO - Running <TaskInstance: ehr_data_pipeline.feast_materialize manual__2026-06-04T14:57:38.342806+00:00 [running]> on host g120.grove.adaptcentre.ie
[2026-06-04T15:04:50.254+0000] {taskinstance.py:3131} INFO - Exporting env vars: AIRFLOW_CTX_DAG_OWNER='***' AIRFLOW_CTX_DAG_ID='ehr_data_pipeline' AIRFLOW_CTX_TASK_ID='feast_materialize' AIRFLOW_CTX_EXECUTION_DATE='2026-06-04T14:57:38.342806+00:00' AIRFLOW_CTX_TRY_NUMBER='1' AIRFLOW_CTX_DAG_RUN_ID='manual__2026-06-04T14:57:38.342806+00:00'
[2026-06-04T15:04:50.255+0000] {taskinstance.py:731} INFO - ::endgroup::
[2026-06-04T15:04:57.610+0000] {logging_mixin.py:190} INFO - [run-meta] feast_materialize → FAILED   run_id=049384f9-ff4c-47c5-ae6a-87ac2d4d279d  err=Command '['feast', '--chdir', '/opt/***/feature_store', 'apply']' returned non-zero exit status 1.
[2026-06-04T15:04:57.611+0000] {taskinstance.py:3310} ERROR - Task failed with exception
Traceback (most recent call last):
  File "/home/airflow/.local/lib/python3.12/site-packages/airflow/models/taskinstance.py", line 767, in _execute_task
    result = _execute_callable(context=context, **execute_callable_kwargs)
             ^^^^^^^^^^^^^^^^^^^^^^^^^^^^^^^^^^^^^^^^^^^^^^^^^^^^^^^^^^^^^
  File "/home/airflow/.local/lib/python3.12/site-packages/airflow/models/taskinstance.py", line 733, in _execute_callable
    return ExecutionCallableRunner(
           ^^^^^^^^^^^^^^^^^^^^^^^^
  File "/home/airflow/.local/lib/python3.12/site-packages/airflow/utils/operator_helpers.py", line 252, in run
    return self.func(*args, **kwargs)
           ^^^^^^^^^^^^^^^^^^^^^^^^^^
  File "/home/airflow/.local/lib/python3.12/site-packages/airflow/models/baseoperator.py", line 406, in wrapper
    return func(self, *args, **kwargs)
           ^^^^^^^^^^^^^^^^^^^^^^^^^^^
  File "/home/airflow/.local/lib/python3.12/site-packages/airflow/operators/python.py", line 238, in execute
    return_value = self.execute_callable()
                   ^^^^^^^^^^^^^^^^^^^^^^^
  File "/home/airflow/.local/lib/python3.12/site-packages/airflow/operators/python.py", line 256, in execute_callable
    return runner.run(*self.op_args, **self.op_kwargs)
           ^^^^^^^^^^^^^^^^^^^^^^^^^^^^^^^^^^^^^^^^^^^
  File "/home/airflow/.local/lib/python3.12/site-packages/airflow/utils/operator_helpers.py", line 252, in run
    return self.func(*args, **kwargs)
           ^^^^^^^^^^^^^^^^^^^^^^^^^^
  File "/opt/airflow/dags/ehr_data_pipeline.py", line 605, in feast_materialize
    subprocess.run(
  File "/usr/local/lib/python3.12/subprocess.py", line 571, in run
    raise CalledProcessError(retcode, process.args,
subprocess.CalledProcessError: Command '['feast', '--chdir', '/opt/airflow/feature_store', 'apply']' returned non-zero exit status 1.
[2026-06-04T15:04:57.621+0000] {taskinstance.py:1225} INFO - Marking task as FAILED. dag_id=ehr_data_pipeline, task_id=feast_materialize, run_id=manual__2026-06-04T14:57:38.342806+00:00, execution_date=20260604T145738, start_date=20260604T150450, end_date=20260604T150457
[2026-06-04T15:04:57.640+0000] {taskinstance.py:340} INFO - ::group::Post task execution logs
[2026-06-04T15:04:57.640+0000] {standard_task_runner.py:124} ERROR - Failed to execute job 54 for task feast_materialize (Command '['feast', '--chdir', '/opt/airflow/feature_store', 'apply']' returned non-zero exit status 1.; 2948)
Traceback (most recent call last):
  File "/home/airflow/.local/lib/python3.12/site-packages/airflow/task/task_runner/standard_task_runner.py", line 117, in _start_by_fork
    ret = args.func(args, dag=self.dag)
          ^^^^^^^^^^^^^^^^^^^^^^^^^^^^^
  File "/home/airflow/.local/lib/python3.12/site-packages/airflow/cli/cli_config.py", line 49, in command
    return func(*args, **kwargs)
           ^^^^^^^^^^^^^^^^^^^^^
  File "/home/airflow/.local/lib/python3.12/site-packages/airflow/utils/cli.py", line 115, in wrapper
    return f(*args, **kwargs)
           ^^^^^^^^^^^^^^^^^^
  File "/home/airflow/.local/lib/python3.12/site-packages/airflow/cli/commands/task_command.py", line 483, in task_run
    task_return_code = _run_task_by_selected_method(args, _dag, ti)
                       ^^^^^^^^^^^^^^^^^^^^^^^^^^^^^^^^^^^^^^^^^^^^
  File "/home/airflow/.local/lib/python3.12/site-packages/airflow/cli/commands/task_command.py", line 256, in _run_task_by_selected_method
    return _run_raw_task(args, ti)
           ^^^^^^^^^^^^^^^^^^^^^^^
  File "/home/airflow/.local/lib/python3.12/site-packages/airflow/cli/commands/task_command.py", line 341, in _run_raw_task
    return ti._run_raw_task(
           ^^^^^^^^^^^^^^^^^
  File "/home/airflow/.local/lib/python3.12/site-packages/airflow/utils/session.py", line 97, in wrapper
    return func(*args, session=session, **kwargs)
           ^^^^^^^^^^^^^^^^^^^^^^^^^^^^^^^^^^^^^^
  File "/home/airflow/.local/lib/python3.12/site-packages/airflow/models/taskinstance.py", line 3004, in _run_raw_task
    return _run_raw_task(
           ^^^^^^^^^^^^^^
  File "/home/airflow/.local/lib/python3.12/site-packages/airflow/models/taskinstance.py", line 273, in _run_raw_task
    TaskInstance._execute_task_with_callbacks(
  File "/home/airflow/.local/lib/python3.12/site-packages/airflow/models/taskinstance.py", line 3158, in _execute_task_with_callbacks
    result = self._execute_task(context, task_orig)
             ^^^^^^^^^^^^^^^^^^^^^^^^^^^^^^^^^^^^^^
  File "/home/airflow/.local/lib/python3.12/site-packages/airflow/models/taskinstance.py", line 3182, in _execute_task
    return _execute_task(self, context, task_orig)
           ^^^^^^^^^^^^^^^^^^^^^^^^^^^^^^^^^^^^^^^
  File "/home/airflow/.local/lib/python3.12/site-packages/airflow/models/taskinstance.py", line 767, in _execute_task
    result = _execute_callable(context=context, **execute_callable_kwargs)
             ^^^^^^^^^^^^^^^^^^^^^^^^^^^^^^^^^^^^^^^^^^^^^^^^^^^^^^^^^^^^^
  File "/home/airflow/.local/lib/python3.12/site-packages/airflow/models/taskinstance.py", line 733, in _execute_callable
    return ExecutionCallableRunner(
           ^^^^^^^^^^^^^^^^^^^^^^^^
  File "/home/airflow/.local/lib/python3.12/site-packages/airflow/utils/operator_helpers.py", line 252, in run
    return self.func(*args, **kwargs)
           ^^^^^^^^^^^^^^^^^^^^^^^^^^
  File "/home/airflow/.local/lib/python3.12/site-packages/airflow/models/baseoperator.py", line 406, in wrapper
    return func(self, *args, **kwargs)
           ^^^^^^^^^^^^^^^^^^^^^^^^^^^
  File "/home/airflow/.local/lib/python3.12/site-packages/airflow/operators/python.py", line 238, in execute
    return_value = self.execute_callable()
                   ^^^^^^^^^^^^^^^^^^^^^^^
  File "/home/airflow/.local/lib/python3.12/site-packages/airflow/operators/python.py", line 256, in execute_callable
    return runner.run(*self.op_args, **self.op_kwargs)
           ^^^^^^^^^^^^^^^^^^^^^^^^^^^^^^^^^^^^^^^^^^^
  File "/home/airflow/.local/lib/python3.12/site-packages/airflow/utils/operator_helpers.py", line 252, in run
    return self.func(*args, **kwargs)
           ^^^^^^^^^^^^^^^^^^^^^^^^^^
  File "/opt/airflow/dags/ehr_data_pipeline.py", line 605, in feast_materialize
    subprocess.run(
  File "/usr/local/lib/python3.12/subprocess.py", line 571, in run
    raise CalledProcessError(retcode, process.args,
subprocess.CalledProcessError: Command '['feast', '--chdir', '/opt/airflow/feature_store', 'apply']' returned non-zero exit status 1.
[2026-06-04T15:04:57.678+0000] {local_task_job_runner.py:266} INFO - Task exited with return code 1
[2026-06-04T15:04:57.690+0000] {taskinstance.py:3900} INFO - 0 downstream tasks scheduled from follow-on schedule check
[2026-06-04T15:04:57.700+0000] {local_task_job_runner.py:245} INFO - ::endgroup::
