[2026-06-04T16:23:54.150+0000] {local_task_job_runner.py:123} INFO - ::group::Pre task execution logs
[2026-06-04T16:23:54.276+0000] {taskinstance.py:2612} INFO - Dependencies all met for dep_context=non-requeueable deps ti=<TaskInstance: datahub_metadata_ingestion.ingest_hive_metastore manual__2026-06-04T16:23:51.775528+00:00 [queued]>
[2026-06-04T16:23:54.321+0000] {taskinstance.py:2612} INFO - Dependencies all met for dep_context=requeueable deps ti=<TaskInstance: datahub_metadata_ingestion.ingest_hive_metastore manual__2026-06-04T16:23:51.775528+00:00 [queued]>
[2026-06-04T16:23:54.328+0000] {taskinstance.py:2865} INFO - Starting attempt 1 of 1
[2026-06-04T16:23:54.401+0000] {taskinstance.py:2888} INFO - Executing <Task(PythonOperator): ingest_hive_metastore> on 2026-06-04 16:23:51.775528+00:00
[2026-06-04T16:23:54.433+0000] {logging_mixin.py:190} WARNING - /home/***/.local/lib/python3.12/site-packages/***/task/task_runner/standard_task_runner.py:70 DeprecationWarning: This process (pid=4849) is multi-threaded, use of fork() may lead to deadlocks in the child.
[2026-06-04T16:23:54.449+0000] {standard_task_runner.py:104} INFO - Running: ['***', 'tasks', 'run', 'datahub_metadata_ingestion', 'ingest_hive_metastore', 'manual__2026-06-04T16:23:51.775528+00:00', '--job-id', '77', '--raw', '--subdir', 'DAGS_FOLDER/datahub_ingestion.py', '--cfg-path', '/tmp/tmp78exxg15']
[2026-06-04T16:23:54.465+0000] {standard_task_runner.py:105} INFO - Job 77: Subtask ingest_hive_metastore
[2026-06-04T16:23:54.458+0000] {standard_task_runner.py:72} INFO - Started process 4859 to run task
[2026-06-04T16:23:54.737+0000] {task_command.py:467} INFO - Running <TaskInstance: datahub_metadata_ingestion.ingest_hive_metastore manual__2026-06-04T16:23:51.775528+00:00 [running]> on host g120.grove.adaptcentre.ie
[2026-06-04T16:23:55.153+0000] {taskinstance.py:3131} INFO - Exporting env vars: AIRFLOW_CTX_DAG_OWNER='***' AIRFLOW_CTX_DAG_ID='datahub_metadata_ingestion' AIRFLOW_CTX_TASK_ID='ingest_hive_metastore' AIRFLOW_CTX_EXECUTION_DATE='2026-06-04T16:23:51.775528+00:00' AIRFLOW_CTX_TRY_NUMBER='1' AIRFLOW_CTX_DAG_RUN_ID='manual__2026-06-04T16:23:51.775528+00:00'
[2026-06-04T16:23:55.166+0000] {taskinstance.py:731} INFO - ::endgroup::
[2026-06-04T16:23:58.038+0000] {datahub_rest.py:156} WARNING - REST sink mode is ASYNC_BATCH but DATAHUB_EMIT_MODE is SYNC_PRIMARY (sync family). Overriding GMS emit mode to ASYNC.
[2026-06-04T16:23:58.055+0000] {pipeline.py:225} INFO - Sink configured successfully. DataHubRestEmitter: configured to talk to http://127.0.0.1:8088
[2026-06-04T16:24:01.086+0000] {sql_parsing_aggregator.py:505} INFO - Processing join clauses in column-level lineage
[2026-06-04T16:24:01.731+0000] {pipeline.py:266} INFO - Source configured successfully.
[2026-06-04T16:24:06.797+0000] {pipeline.py:598} ERROR - Ingestion pipeline threw an uncaught exception: No module named 'pymysql'
Traceback (most recent call last):
  File "/home/airflow/.local/lib/python3.12/site-packages/datahub/ingestion/run/pipeline.py", line 521, in run
    for wu in itertools.islice(
              ^^^^^^^^^^^^^^^^^
  File "/home/airflow/.local/lib/python3.12/site-packages/datahub/ingestion/api/source.py", line 608, in get_workunits
    yield from self._apply_workunit_processors(
  File "/home/airflow/.local/lib/python3.12/site-packages/datahub/ingestion/api/source_helpers.py", line 579, in stamp
    for wu in stream:
              ^^^^^^
  File "/home/airflow/.local/lib/python3.12/site-packages/datahub/ingestion/source/state/stale_entity_removal_handler.py", line 82, in auto_stale_entity_removal
    for wu in stream:
              ^^^^^^
  File "/home/airflow/.local/lib/python3.12/site-packages/datahub/ingestion/api/auto_work_units/auto_ensure_aspect_size.py", line 520, in ensure_aspect_size
    for wu in stream:
              ^^^^^^
  File "/home/airflow/.local/lib/python3.12/site-packages/datahub/ingestion/api/auto_work_units/auto_validate_input_fields.py", line 28, in validate_input_fields
    for wu in stream:
              ^^^^^^
  File "/home/airflow/.local/lib/python3.12/site-packages/datahub/ingestion/api/auto_work_units/auto_dataset_properties_aspect.py", line 62, in auto_patch_last_modified
    for wu in stream:
              ^^^^^^
  File "/home/airflow/.local/lib/python3.12/site-packages/datahub/ingestion/api/source_helpers.py", line 167, in auto_workunit_reporter
    for wu in stream:
              ^^^^^^
  File "/home/airflow/.local/lib/python3.12/site-packages/datahub/ingestion/api/source_helpers.py", line 271, in auto_browse_path_v2
    for urn, batch in _batch_workunits_by_urn(stream):
                      ^^^^^^^^^^^^^^^^^^^^^^^^^^^^^^^
  File "/home/airflow/.local/lib/python3.12/site-packages/datahub/ingestion/api/source_helpers.py", line 546, in _batch_workunits_by_urn
    for wu in stream:
              ^^^^^^
  File "/home/airflow/.local/lib/python3.12/site-packages/datahub/ingestion/api/source_helpers.py", line 453, in auto_fix_empty_field_paths
    for wu in stream:
              ^^^^^^
  File "/home/airflow/.local/lib/python3.12/site-packages/datahub/ingestion/api/source_helpers.py", line 405, in auto_fix_duplicate_schema_field_paths
    for wu in stream:
              ^^^^^^
  File "/home/airflow/.local/lib/python3.12/site-packages/datahub/ingestion/api/source_helpers.py", line 190, in auto_materialize_referenced_tags_terms
    for wu in stream:
              ^^^^^^
  File "/home/airflow/.local/lib/python3.12/site-packages/datahub/ingestion/api/source_helpers.py", line 122, in auto_status_aspect
    for wu in stream:
              ^^^^^^
  File "/home/airflow/.local/lib/python3.12/site-packages/datahub/ingestion/api/source_helpers.py", line 68, in auto_workunit
    for item in stream:
                ^^^^^^
  File "/home/airflow/.local/lib/python3.12/site-packages/datahub/ingestion/source/sql/hive/hive_metastore_source.py", line 290, in get_workunits_internal
    yield from processor.get_workunits()
  File "/home/airflow/.local/lib/python3.12/site-packages/datahub/ingestion/source/sql/hive/hive_metadata_processor.py", line 320, in get_workunits
    yield from self.gen_schema_containers(db_name)
  File "/home/airflow/.local/lib/python3.12/site-packages/datahub/ingestion/source/sql/hive/hive_metadata_processor.py", line 358, in gen_schema_containers
    for row in self.fetcher.fetch_schema_rows():
               ^^^^^^^^^^^^^^^^^^^^^^^^^^^^^^^^
  File "/home/airflow/.local/lib/python3.12/site-packages/datahub/ingestion/source/sql/hive/hive_sql_fetcher.py", line 292, in execute_query
    results = self.connection.execute(sql)
              ^^^^^^^^^^^^^^^
  File "/home/airflow/.local/lib/python3.12/site-packages/datahub/ingestion/source/sql/hive/hive_sql_fetcher.py", line 274, in connection
    engine = create_engine(url, **self.config.options)
             ^^^^^^^^^^^^^^^^^^^^^^^^^^^^^^^^^^^^^^^^^
  File "<string>", line 2, in create_engine
  File "/home/airflow/.local/lib/python3.12/site-packages/sqlalchemy/util/deprecations.py", line 375, in warned
    return fn(*args, **kwargs)
           ^^^^^^^^^^^^^^^^^^^
  File "/home/airflow/.local/lib/python3.12/site-packages/sqlalchemy/engine/create.py", line 544, in create_engine
    dbapi = dialect_cls.dbapi(**dbapi_args)
            ^^^^^^^^^^^^^^^^^^^^^^^^^^^^^^^
  File "/home/airflow/.local/lib/python3.12/site-packages/sqlalchemy/dialects/mysql/pymysql.py", line 80, in dbapi
    return __import__("pymysql")
           ^^^^^^^^^^^^^^^^^^^^^
ModuleNotFoundError: No module named 'pymysql'
[2026-06-04T16:24:07.853+0000] {taskinstance.py:3310} ERROR - Task failed with exception
Traceback (most recent call last):
  File "/home/airflow/.local/lib/python3.12/site-packages/airflow/models/taskinstance.py", line 767, in _execute_task
    result = _execute_callable(context=context, **execute_callable_kwargs)
             ^^^^^^^^^^^^^^^^^^^^^^^^^^^^^^^^^^^^^^^^^^^^^^^^^^^^^^^^^^^^^
  File "/home/airflow/.local/lib/python3.12/site-packages/airflow/models/taskinstance.py", line 733, in _execute_callable
    return ExecutionCallableRunner(
           ^^^^^^^^^^^^^^^^^^^^^^^^
  File "/home/airflow/.local/lib/python3.12/site-packages/airflow/utils/operator_helpers.py", line 252, in run
    return self.func(*args, **kwargs)
           ^^^^^^^^^^^^^^^^^^^^^^^^^^
  File "/home/airflow/.local/lib/python3.12/site-packages/airflow/models/baseoperator.py", line 406, in wrapper
    return func(self, *args, **kwargs)
           ^^^^^^^^^^^^^^^^^^^^^^^^^^^
  File "/home/airflow/.local/lib/python3.12/site-packages/airflow/operators/python.py", line 238, in execute
    return_value = self.execute_callable()
                   ^^^^^^^^^^^^^^^^^^^^^^^
  File "/home/airflow/.local/lib/python3.12/site-packages/airflow/operators/python.py", line 256, in execute_callable
    return runner.run(*self.op_args, **self.op_kwargs)
           ^^^^^^^^^^^^^^^^^^^^^^^^^^^^^^^^^^^^^^^^^^^
  File "/home/airflow/.local/lib/python3.12/site-packages/airflow/utils/operator_helpers.py", line 252, in run
    return self.func(*args, **kwargs)
           ^^^^^^^^^^^^^^^^^^^^^^^^^^
  File "/opt/airflow/dags/datahub_ingestion.py", line 104, in _run_ingestion
    pipeline.run()
  File "/home/airflow/.local/lib/python3.12/site-packages/datahub/ingestion/run/pipeline.py", line 494, in run
    with self.exit_stack, self.inner_exit_stack:
                          ^^^^^^^^^^^^^^^^^^^^^
  File "/usr/local/lib/python3.12/contextlib.py", line 610, in __exit__
    raise exc_details[1]
  File "/usr/local/lib/python3.12/contextlib.py", line 595, in __exit__
    if cb(*exc_details):
       ^^^^^^^^^^^^^^^^
  File "/home/airflow/.local/lib/python3.12/site-packages/datahub/ingestion/api/closeable.py", line 24, in __exit__
    self.close()
  File "/home/airflow/.local/lib/python3.12/site-packages/datahub/ingestion/source/sql/hive/hive_metastore_source.py", line 304, in close
    from datahub.ingestion.source.sql.hive.hive_thrift_fetcher import (
  File "/home/airflow/.local/lib/python3.12/site-packages/datahub/ingestion/source/sql/hive/hive_thrift_fetcher.py", line 15, in <module>
    from datahub.ingestion.source.sql.hive.hive_thrift_client import (
  File "/home/airflow/.local/lib/python3.12/site-packages/datahub/ingestion/source/sql/hive/hive_thrift_client.py", line 32, in <module>
    from pymetastore.hive_metastore import ThriftHiveMetastore
ModuleNotFoundError: No module named 'pymetastore'
[2026-06-04T16:24:07.881+0000] {taskinstance.py:1225} INFO - Marking task as FAILED. dag_id=datahub_metadata_ingestion, task_id=ingest_hive_metastore, run_id=manual__2026-06-04T16:23:51.775528+00:00, execution_date=20260604T162351, start_date=20260604T162354, end_date=20260604T162407
[2026-06-04T16:24:07.919+0000] {taskinstance.py:340} INFO - ::group::Post task execution logs
[2026-06-04T16:24:07.926+0000] {standard_task_runner.py:124} ERROR - Failed to execute job 77 for task ingest_hive_metastore (No module named 'pymetastore'; 4859)
Traceback (most recent call last):
  File "/home/airflow/.local/lib/python3.12/site-packages/airflow/task/task_runner/standard_task_runner.py", line 117, in _start_by_fork
    ret = args.func(args, dag=self.dag)
          ^^^^^^^^^^^^^^^^^^^^^^^^^^^^^
  File "/home/airflow/.local/lib/python3.12/site-packages/airflow/cli/cli_config.py", line 49, in command
    return func(*args, **kwargs)
           ^^^^^^^^^^^^^^^^^^^^^
  File "/home/airflow/.local/lib/python3.12/site-packages/airflow/utils/cli.py", line 115, in wrapper
    return f(*args, **kwargs)
           ^^^^^^^^^^^^^^^^^^
  File "/home/airflow/.local/lib/python3.12/site-packages/airflow/cli/commands/task_command.py", line 483, in task_run
    task_return_code = _run_task_by_selected_method(args, _dag, ti)
                       ^^^^^^^^^^^^^^^^^^^^^^^^^^^^^^^^^^^^^^^^^^^^
  File "/home/airflow/.local/lib/python3.12/site-packages/airflow/cli/commands/task_command.py", line 256, in _run_task_by_selected_method
    return _run_raw_task(args, ti)
           ^^^^^^^^^^^^^^^^^^^^^^^
  File "/home/airflow/.local/lib/python3.12/site-packages/airflow/cli/commands/task_command.py", line 341, in _run_raw_task
    return ti._run_raw_task(
           ^^^^^^^^^^^^^^^^^
  File "/home/airflow/.local/lib/python3.12/site-packages/airflow/utils/session.py", line 97, in wrapper
    return func(*args, session=session, **kwargs)
           ^^^^^^^^^^^^^^^^^^^^^^^^^^^^^^^^^^^^^^
  File "/home/airflow/.local/lib/python3.12/site-packages/airflow/models/taskinstance.py", line 3004, in _run_raw_task
    return _run_raw_task(
           ^^^^^^^^^^^^^^
  File "/home/airflow/.local/lib/python3.12/site-packages/airflow/models/taskinstance.py", line 273, in _run_raw_task
    TaskInstance._execute_task_with_callbacks(
  File "/home/airflow/.local/lib/python3.12/site-packages/airflow/models/taskinstance.py", line 3158, in _execute_task_with_callbacks
    result = self._execute_task(context, task_orig)
             ^^^^^^^^^^^^^^^^^^^^^^^^^^^^^^^^^^^^^^
  File "/home/airflow/.local/lib/python3.12/site-packages/airflow/models/taskinstance.py", line 3182, in _execute_task
    return _execute_task(self, context, task_orig)
           ^^^^^^^^^^^^^^^^^^^^^^^^^^^^^^^^^^^^^^^
  File "/home/airflow/.local/lib/python3.12/site-packages/airflow/models/taskinstance.py", line 767, in _execute_task
    result = _execute_callable(context=context, **execute_callable_kwargs)
             ^^^^^^^^^^^^^^^^^^^^^^^^^^^^^^^^^^^^^^^^^^^^^^^^^^^^^^^^^^^^^
  File "/home/airflow/.local/lib/python3.12/site-packages/airflow/models/taskinstance.py", line 733, in _execute_callable
    return ExecutionCallableRunner(
           ^^^^^^^^^^^^^^^^^^^^^^^^
  File "/home/airflow/.local/lib/python3.12/site-packages/airflow/utils/operator_helpers.py", line 252, in run
    return self.func(*args, **kwargs)
           ^^^^^^^^^^^^^^^^^^^^^^^^^^
  File "/home/airflow/.local/lib/python3.12/site-packages/airflow/models/baseoperator.py", line 406, in wrapper
    return func(self, *args, **kwargs)
           ^^^^^^^^^^^^^^^^^^^^^^^^^^^
  File "/home/airflow/.local/lib/python3.12/site-packages/airflow/operators/python.py", line 238, in execute
    return_value = self.execute_callable()
                   ^^^^^^^^^^^^^^^^^^^^^^^
  File "/home/airflow/.local/lib/python3.12/site-packages/airflow/operators/python.py", line 256, in execute_callable
    return runner.run(*self.op_args, **self.op_kwargs)
           ^^^^^^^^^^^^^^^^^^^^^^^^^^^^^^^^^^^^^^^^^^^
  File "/home/airflow/.local/lib/python3.12/site-packages/airflow/utils/operator_helpers.py", line 252, in run
    return self.func(*args, **kwargs)
           ^^^^^^^^^^^^^^^^^^^^^^^^^^
  File "/opt/airflow/dags/datahub_ingestion.py", line 104, in _run_ingestion
    pipeline.run()
  File "/home/airflow/.local/lib/python3.12/site-packages/datahub/ingestion/run/pipeline.py", line 494, in run
    with self.exit_stack, self.inner_exit_stack:
                          ^^^^^^^^^^^^^^^^^^^^^
  File "/usr/local/lib/python3.12/contextlib.py", line 610, in __exit__
    raise exc_details[1]
  File "/usr/local/lib/python3.12/contextlib.py", line 595, in __exit__
    if cb(*exc_details):
       ^^^^^^^^^^^^^^^^
  File "/home/airflow/.local/lib/python3.12/site-packages/datahub/ingestion/api/closeable.py", line 24, in __exit__
    self.close()
  File "/home/airflow/.local/lib/python3.12/site-packages/datahub/ingestion/source/sql/hive/hive_metastore_source.py", line 304, in close
    from datahub.ingestion.source.sql.hive.hive_thrift_fetcher import (
  File "/home/airflow/.local/lib/python3.12/site-packages/datahub/ingestion/source/sql/hive/hive_thrift_fetcher.py", line 15, in <module>
    from datahub.ingestion.source.sql.hive.hive_thrift_client import (
  File "/home/airflow/.local/lib/python3.12/site-packages/datahub/ingestion/source/sql/hive/hive_thrift_client.py", line 32, in <module>
    from pymetastore.hive_metastore import ThriftHiveMetastore
ModuleNotFoundError: No module named 'pymetastore'
[2026-06-04T16:24:08.017+0000] {local_task_job_runner.py:266} INFO - Task exited with return code 1
[2026-06-04T16:24:08.046+0000] {taskinstance.py:3900} INFO - 0 downstream tasks scheduled from follow-on schedule check
[2026-06-04T16:24:08.058+0000] {local_task_job_runner.py:245} INFO - ::endgroup::
