[2026-06-04T16:21:14.462+0000] {local_task_job_runner.py:123} INFO - ::group::Pre task execution logs
[2026-06-04T16:21:14.488+0000] {taskinstance.py:2612} INFO - Dependencies all met for dep_context=non-requeueable deps ti=<TaskInstance: ehr_data_pipeline.bronze_ingest manual__2026-06-04T16:21:14.038551+00:00 [queued]>
[2026-06-04T16:21:14.501+0000] {taskinstance.py:2612} INFO - Dependencies all met for dep_context=requeueable deps ti=<TaskInstance: ehr_data_pipeline.bronze_ingest manual__2026-06-04T16:21:14.038551+00:00 [queued]>
[2026-06-04T16:21:14.506+0000] {taskinstance.py:2865} INFO - Starting attempt 1 of 1
[2026-06-04T16:21:14.526+0000] {taskinstance.py:2888} INFO - Executing <Task(PythonOperator): bronze_ingest> on 2026-06-04 16:21:14.038551+00:00
[2026-06-04T16:21:14.540+0000] {standard_task_runner.py:104} INFO - Running: ['***', 'tasks', 'run', 'ehr_data_pipeline', 'bronze_ingest', 'manual__2026-06-04T16:21:14.038551+00:00', '--job-id', '64', '--raw', '--subdir', 'DAGS_FOLDER/ehr_data_pipeline.py', '--cfg-path', '/tmp/tmpbgn_7lpz']
[2026-06-04T16:21:14.544+0000] {logging_mixin.py:190} WARNING - /home/***/.local/lib/python3.12/site-packages/***/task/task_runner/standard_task_runner.py:70 DeprecationWarning: This process (pid=3864) is multi-threaded, use of fork() may lead to deadlocks in the child.
[2026-06-04T16:21:14.547+0000] {standard_task_runner.py:105} INFO - Job 64: Subtask bronze_ingest
[2026-06-04T16:21:14.551+0000] {standard_task_runner.py:72} INFO - Started process 3865 to run task
[2026-06-04T16:21:14.607+0000] {task_command.py:467} INFO - Running <TaskInstance: ehr_data_pipeline.bronze_ingest manual__2026-06-04T16:21:14.038551+00:00 [running]> on host g120.grove.adaptcentre.ie
[2026-06-04T16:21:14.722+0000] {taskinstance.py:3131} INFO - Exporting env vars: AIRFLOW_CTX_DAG_OWNER='***' AIRFLOW_CTX_DAG_ID='ehr_data_pipeline' AIRFLOW_CTX_TASK_ID='bronze_ingest' AIRFLOW_CTX_EXECUTION_DATE='2026-06-04T16:21:14.038551+00:00' AIRFLOW_CTX_TRY_NUMBER='1' AIRFLOW_CTX_DAG_RUN_ID='manual__2026-06-04T16:21:14.038551+00:00'
[2026-06-04T16:21:14.736+0000] {taskinstance.py:731} INFO - ::endgroup::
[2026-06-04T16:21:18.829+0000] {logging_mixin.py:190} WARNING - 2026-06-04 16:21:16.125 | INFO     | __main__:ingest_to_minio:50 - Initializing MinIO connection...
2026-06-04 16:21:16.132 | INFO     | __main__:ingest_to_minio:62 - MinIO bucket 'lakehouse' already exists.
2026-06-04 16:21:16.133 | INFO     | __main__:ingest_to_minio:80 - Writing raw_patients table to S3/Delta...
2026-06-04 16:21:16.386 | INFO     | __main__:ingest_to_minio:80 - Writing raw_wards table to S3/Delta...
2026-06-04 16:21:16.535 | INFO     | __main__:ingest_to_minio:80 - Writing raw_event_metadata table to S3/Delta...
2026-06-04 16:21:16.670 | INFO     | __main__:ingest_to_minio:80 - Writing raw_visits table to S3/Delta...
2026-06-04 16:21:17.011 | INFO     | __main__:ingest_to_minio:80 - Writing raw_events table to S3/Delta...
2026-06-04 16:21:17.618 | INFO     | __main__:ingest_to_minio:87 - Successfully wrote all historical EHR Delta tables to MinIO.
2026-06-04 16:21:17.626 | INFO     | utils:register_tables_in_trino:133 - Registering tables in Trino under delta.bronze ...
2026-06-04 16:21:17.662 | INFO     | utils:register_tables_in_trino:146 -   delta.bronze schema ensured.
2026-06-04 16:21:17.663 | INFO     | utils:register_tables_in_trino:149 -   Registering delta.bronze.raw_patients ...
2026-06-04 16:21:17.882 | INFO     | utils:register_tables_in_trino:149 -   Registering delta.bronze.raw_wards ...
2026-06-04 16:21:18.055 | INFO     | utils:register_tables_in_trino:149 -   Registering delta.bronze.raw_event_metadata ...
2026-06-04 16:21:18.264 | INFO     | utils:register_tables_in_trino:149 -   Registering delta.bronze.raw_visits ...
2026-06-04 16:21:18.438 | INFO     | utils:register_tables_in_trino:149 -   Registering delta.bronze.raw_events ...
2026-06-04 16:21:18.643 | INFO     | utils:register_tables_in_trino:161 -   All tables registered in Trino under delta.bronze.
2026-06-04 16:21:18.643 | INFO     | __main__:main:106 - Historical Batch Ingestion process finished.
[2026-06-04T16:21:19.047+0000] {logging_mixin.py:190} INFO - [datahub] Emitted batch step: bronze_ingest
[2026-06-04T16:21:19.060+0000] {logging_mixin.py:190} INFO - [run-meta] bronze_ingest → SUCCESS  run_id=e4b2046b-077d-4360-b063-e6dcbc430e7a
[2026-06-04T16:21:19.064+0000] {python.py:240} INFO - Done. Returned value was: None
[2026-06-04T16:21:19.087+0000] {taskinstance.py:340} INFO - ::group::Post task execution logs
[2026-06-04T16:21:19.091+0000] {taskinstance.py:352} INFO - Marking task as SUCCESS. dag_id=ehr_data_pipeline, task_id=bronze_ingest, run_id=manual__2026-06-04T16:21:14.038551+00:00, execution_date=20260604T162114, start_date=20260604T162114, end_date=20260604T162119
[2026-06-04T16:21:19.156+0000] {local_task_job_runner.py:266} INFO - Task exited with return code 0
[2026-06-04T16:21:19.191+0000] {taskinstance.py:3900} INFO - 1 downstream tasks scheduled from follow-on schedule check
[2026-06-04T16:21:19.199+0000] {local_task_job_runner.py:245} INFO - ::endgroup::
