[2026-06-04T14:28:37.366+0000] {local_task_job_runner.py:123} INFO - ::group::Pre task execution logs
[2026-06-04T14:28:37.380+0000] {taskinstance.py:2612} INFO - Dependencies all met for dep_context=non-requeueable deps ti=<TaskInstance: ehr_data_pipeline.silver_transform manual__2026-06-04T14:28:28.476247+00:00 [queued]>
[2026-06-04T14:28:37.386+0000] {taskinstance.py:2612} INFO - Dependencies all met for dep_context=requeueable deps ti=<TaskInstance: ehr_data_pipeline.silver_transform manual__2026-06-04T14:28:28.476247+00:00 [queued]>
[2026-06-04T14:28:37.386+0000] {taskinstance.py:2865} INFO - Starting attempt 1 of 1
[2026-06-04T14:28:37.398+0000] {taskinstance.py:2888} INFO - Executing <Task(PythonOperator): silver_transform> on 2026-06-04 14:28:28.476247+00:00
[2026-06-04T14:28:37.404+0000] {standard_task_runner.py:104} INFO - Running: ['***', 'tasks', 'run', 'ehr_data_pipeline', 'silver_transform', 'manual__2026-06-04T14:28:28.476247+00:00', '--job-id', '42', '--raw', '--subdir', 'DAGS_FOLDER/ehr_data_pipeline.py', '--cfg-path', '/tmp/tmp8jzbmpna']
[2026-06-04T14:28:37.406+0000] {standard_task_runner.py:105} INFO - Job 42: Subtask silver_transform
[2026-06-04T14:28:37.406+0000] {logging_mixin.py:190} WARNING - /home/***/.local/lib/python3.12/site-packages/***/task/task_runner/standard_task_runner.py:70 DeprecationWarning: This process (pid=2198) is multi-threaded, use of fork() may lead to deadlocks in the child.
[2026-06-04T14:28:37.407+0000] {standard_task_runner.py:72} INFO - Started process 2199 to run task
[2026-06-04T14:28:37.441+0000] {task_command.py:467} INFO - Running <TaskInstance: ehr_data_pipeline.silver_transform manual__2026-06-04T14:28:28.476247+00:00 [running]> on host g120.grove.adaptcentre.ie
[2026-06-04T14:28:37.517+0000] {taskinstance.py:3131} INFO - Exporting env vars: AIRFLOW_CTX_DAG_OWNER='***' AIRFLOW_CTX_DAG_ID='ehr_data_pipeline' AIRFLOW_CTX_TASK_ID='silver_transform' AIRFLOW_CTX_EXECUTION_DATE='2026-06-04T14:28:28.476247+00:00' AIRFLOW_CTX_TRY_NUMBER='1' AIRFLOW_CTX_DAG_RUN_ID='manual__2026-06-04T14:28:28.476247+00:00'
[2026-06-04T14:28:37.517+0000] {taskinstance.py:731} INFO - ::endgroup::
[2026-06-04T14:31:52.172+0000] {logging_mixin.py:190} INFO - :: loading settings :: url = jar:file:/home/***/.local/lib/python3.12/site-packages/pyspark/jars/ivy-2.5.1.jar!/org/apache/ivy/core/settings/ivysettings.xml
Ivy Default Cache set to: /home/***/.ivy2/cache
The jars for the packages stored in: /home/***/.ivy2/jars
io.delta#delta-spark_2.12 added as a dependency
org.apache.hadoop#hadoop-aws added as a dependency
com.amazonaws#aws-java-sdk-bundle added as a dependency
:: resolving dependencies :: org.apache.spark#spark-submit-parent-f7656fbd-74c5-4e89-9a9a-4a5335c71531;1.0
	confs: [default]
	found io.delta#delta-spark_2.12;3.3.0 in central
	found io.delta#delta-storage;3.3.0 in central
	found org.antlr#antlr4-runtime;4.9.3 in central
	found org.apache.hadoop#hadoop-aws;3.3.4 in central
	found com.amazonaws#aws-java-sdk-bundle;1.12.262 in central
	found org.wildfly.openssl#wildfly-openssl;1.0.7.Final in central
:: resolution report :: resolve 237ms :: artifacts dl 12ms
	:: modules in use:
	com.amazonaws#aws-java-sdk-bundle;1.12.262 from central in [default]
	io.delta#delta-spark_2.12;3.3.0 from central in [default]
	io.delta#delta-storage;3.3.0 from central in [default]
	org.antlr#antlr4-runtime;4.9.3 from central in [default]
	org.apache.hadoop#hadoop-aws;3.3.4 from central in [default]
	org.wildfly.openssl#wildfly-openssl;1.0.7.Final from central in [default]
	---------------------------------------------------------------------
	|                  |            modules            ||   artifacts   |
	|       conf       | number| search|dwnlded|evicted|| number|dwnlded|
	---------------------------------------------------------------------
	|      default     |   6   |   0   |   0   |   0   ||   6   |   0   |
	---------------------------------------------------------------------
:: retrieving :: org.apache.spark#spark-submit-parent-f7656fbd-74c5-4e89-9a9a-4a5335c71531
	confs: [default]
	0 artifacts copied, 6 already retrieved (0kB/7ms)
26/06/04 14:28:39 WARN NativeCodeLoader: Unable to load native-hadoop library for your platform... using builtin-java classes where applicable
/opt/***/scripts/3_transform_to_silver.py:297: DeprecationWarning: datetime.datetime.utcnow() is deprecated and scheduled for removal in a future version. Use timezone-aware objects to represent datetimes in UTC: datetime.datetime.now(datetime.UTC).
  run_id    = datetime.utcnow().strftime("%Y%m%d_%H%M%S")
2026-06-04 14:28:40.653 | INFO     | __main__:main:299 - ============================================================
2026-06-04 14:28:40.654 | INFO     | __main__:main:300 - EHR SILVER TRANSFORMATION — run_id=20260604_142840
2026-06-04 14:28:40.654 | INFO     | __main__:main:301 - ============================================================
2026-06-04 14:28:40.654 | INFO     | utils:build_spark_session:69 - Connecting to Spark cluster: local[*] for EHR-Silver-Transformation
26/06/04 14:28:40 INFO SparkContext: Running Spark version 3.5.6
26/06/04 14:28:40 INFO SparkContext: OS info Linux, 5.10.0-42-amd64, amd64
26/06/04 14:28:40 INFO SparkContext: Java version 17.0.11
26/06/04 14:28:40 INFO ResourceUtils: ==============================================================
26/06/04 14:28:40 INFO ResourceUtils: No custom resources configured for spark.driver.
26/06/04 14:28:40 INFO ResourceUtils: ==============================================================
26/06/04 14:28:40 INFO SparkContext: Submitted application: EHR-Silver-Transformation
26/06/04 14:28:40 INFO ResourceProfile: Default ResourceProfile created, executor resources: Map(cores -> name: cores, amount: 2, script: , vendor: , memory -> name: memory, amount: 16384, script: , vendor: , offHeap -> name: offHeap, amount: 0, script: , vendor: ), task resources: Map(cpus -> name: cpus, amount: 1.0)
26/06/04 14:28:40 INFO ResourceProfile: Limiting resource is cpus at 2 tasks per executor
26/06/04 14:28:40 INFO ResourceProfileManager: Added ResourceProfile id: 0
26/06/04 14:28:40 INFO SecurityManager: Changing view acls to: ***
26/06/04 14:28:40 INFO SecurityManager: Changing modify acls to: ***
26/06/04 14:28:40 INFO SecurityManager: Changing view acls groups to: 
26/06/04 14:28:40 INFO SecurityManager: Changing modify acls groups to: 
26/06/04 14:28:40 INFO SecurityManager: SecurityManager: authentication disabled; ui acls disabled; users with view permissions: ***; groups with view permissions: EMPTY; users with modify permissions: ***; groups with modify permissions: EMPTY
26/06/04 14:28:41 INFO Utils: Successfully started service 'sparkDriver' on port 46129.
26/06/04 14:28:41 INFO SparkEnv: Registering MapOutputTracker
26/06/04 14:28:41 INFO SparkEnv: Registering BlockManagerMaster
26/06/04 14:28:41 INFO BlockManagerMasterEndpoint: Using org.apache.spark.storage.DefaultTopologyMapper for getting topology information
26/06/04 14:28:41 INFO BlockManagerMasterEndpoint: BlockManagerMasterEndpoint up
26/06/04 14:28:41 INFO SparkEnv: Registering BlockManagerMasterHeartbeat
26/06/04 14:28:41 INFO DiskBlockManager: Created local directory at /tmp/blockmgr-ba857ce3-233e-4198-a849-8f9c62161252
26/06/04 14:28:41 INFO MemoryStore: MemoryStore started with capacity 434.4 MiB
26/06/04 14:28:41 INFO SparkEnv: Registering OutputCommitCoordinator
26/06/04 14:28:41 INFO JettyUtils: Start Jetty 0.0.0.0:4040 for SparkUI
26/06/04 14:28:41 INFO Utils: Successfully started service 'SparkUI' on port 4040.
26/06/04 14:28:41 INFO SparkContext: Added JAR file:///home/***/.ivy2/jars/io.delta_delta-spark_2.12-3.3.0.jar at spark://host.containers.internal:46129/jars/io.delta_delta-spark_2.12-3.3.0.jar with timestamp 1780583320741
26/06/04 14:28:41 INFO SparkContext: Added JAR file:///home/***/.ivy2/jars/org.apache.hadoop_hadoop-aws-3.3.4.jar at spark://host.containers.internal:46129/jars/org.apache.hadoop_hadoop-aws-3.3.4.jar with timestamp 1780583320741
26/06/04 14:28:41 INFO SparkContext: Added JAR file:///home/***/.ivy2/jars/com.amazonaws_aws-java-sdk-bundle-1.12.262.jar at spark://host.containers.internal:46129/jars/com.amazonaws_aws-java-sdk-bundle-1.12.262.jar with timestamp 1780583320741
26/06/04 14:28:41 INFO SparkContext: Added JAR file:///home/***/.ivy2/jars/io.delta_delta-storage-3.3.0.jar at spark://host.containers.internal:46129/jars/io.delta_delta-storage-3.3.0.jar with timestamp 1780583320741
26/06/04 14:28:41 INFO SparkContext: Added JAR file:///home/***/.ivy2/jars/org.antlr_antlr4-runtime-4.9.3.jar at spark://host.containers.internal:46129/jars/org.antlr_antlr4-runtime-4.9.3.jar with timestamp 1780583320741
26/06/04 14:28:41 INFO SparkContext: Added JAR file:///home/***/.ivy2/jars/org.wildfly.openssl_wildfly-openssl-1.0.7.Final.jar at spark://host.containers.internal:46129/jars/org.wildfly.openssl_wildfly-openssl-1.0.7.Final.jar with timestamp 1780583320741
26/06/04 14:28:41 INFO SparkContext: Added file file:///home/***/.ivy2/jars/io.delta_delta-spark_2.12-3.3.0.jar at file:///home/***/.ivy2/jars/io.delta_delta-spark_2.12-3.3.0.jar with timestamp 1780583320741
26/06/04 14:28:41 INFO Utils: Copying /home/***/.ivy2/jars/io.delta_delta-spark_2.12-3.3.0.jar to /tmp/spark-249f397c-9aea-464f-90ec-851b60dd24bf/userFiles-a871dcd1-4ad2-4c28-866a-2ecf7545779d/io.delta_delta-spark_2.12-3.3.0.jar
26/06/04 14:28:41 INFO SparkContext: Added file file:///home/***/.ivy2/jars/org.apache.hadoop_hadoop-aws-3.3.4.jar at file:///home/***/.ivy2/jars/org.apache.hadoop_hadoop-aws-3.3.4.jar with timestamp 1780583320741
26/06/04 14:28:41 INFO Utils: Copying /home/***/.ivy2/jars/org.apache.hadoop_hadoop-aws-3.3.4.jar to /tmp/spark-249f397c-9aea-464f-90ec-851b60dd24bf/userFiles-a871dcd1-4ad2-4c28-866a-2ecf7545779d/org.apache.hadoop_hadoop-aws-3.3.4.jar
26/06/04 14:28:41 INFO SparkContext: Added file file:///home/***/.ivy2/jars/com.amazonaws_aws-java-sdk-bundle-1.12.262.jar at file:///home/***/.ivy2/jars/com.amazonaws_aws-java-sdk-bundle-1.12.262.jar with timestamp 1780583320741
26/06/04 14:28:41 INFO Utils: Copying /home/***/.ivy2/jars/com.amazonaws_aws-java-sdk-bundle-1.12.262.jar to /tmp/spark-249f397c-9aea-464f-90ec-851b60dd24bf/userFiles-a871dcd1-4ad2-4c28-866a-2ecf7545779d/com.amazonaws_aws-java-sdk-bundle-1.12.262.jar
26/06/04 14:28:41 INFO SparkContext: Added file file:///home/***/.ivy2/jars/io.delta_delta-storage-3.3.0.jar at file:///home/***/.ivy2/jars/io.delta_delta-storage-3.3.0.jar with timestamp 1780583320741
26/06/04 14:28:41 INFO Utils: Copying /home/***/.ivy2/jars/io.delta_delta-storage-3.3.0.jar to /tmp/spark-249f397c-9aea-464f-90ec-851b60dd24bf/userFiles-a871dcd1-4ad2-4c28-866a-2ecf7545779d/io.delta_delta-storage-3.3.0.jar
26/06/04 14:28:41 INFO SparkContext: Added file file:///home/***/.ivy2/jars/org.antlr_antlr4-runtime-4.9.3.jar at file:///home/***/.ivy2/jars/org.antlr_antlr4-runtime-4.9.3.jar with timestamp 1780583320741
26/06/04 14:28:41 INFO Utils: Copying /home/***/.ivy2/jars/org.antlr_antlr4-runtime-4.9.3.jar to /tmp/spark-249f397c-9aea-464f-90ec-851b60dd24bf/userFiles-a871dcd1-4ad2-4c28-866a-2ecf7545779d/org.antlr_antlr4-runtime-4.9.3.jar
26/06/04 14:28:41 INFO SparkContext: Added file file:///home/***/.ivy2/jars/org.wildfly.openssl_wildfly-openssl-1.0.7.Final.jar at file:///home/***/.ivy2/jars/org.wildfly.openssl_wildfly-openssl-1.0.7.Final.jar with timestamp 1780583320741
26/06/04 14:28:41 INFO Utils: Copying /home/***/.ivy2/jars/org.wildfly.openssl_wildfly-openssl-1.0.7.Final.jar to /tmp/spark-249f397c-9aea-464f-90ec-851b60dd24bf/userFiles-a871dcd1-4ad2-4c28-866a-2ecf7545779d/org.wildfly.openssl_wildfly-openssl-1.0.7.Final.jar
26/06/04 14:28:41 INFO Executor: Starting executor ID driver on host host.containers.internal
26/06/04 14:28:41 INFO Executor: OS info Linux, 5.10.0-42-amd64, amd64
26/06/04 14:28:41 INFO Executor: Java version 17.0.11
26/06/04 14:28:41 INFO Executor: Starting executor with user classpath (userClassPathFirst = false): ''
26/06/04 14:28:41 INFO Executor: Created or updated repl class loader org.apache.spark.util.MutableURLClassLoader@a81a2a for default.
26/06/04 14:28:41 INFO Executor: Fetching file:///home/***/.ivy2/jars/io.delta_delta-storage-3.3.0.jar with timestamp 1780583320741
26/06/04 14:28:41 INFO Utils: /home/***/.ivy2/jars/io.delta_delta-storage-3.3.0.jar has been previously copied to /tmp/spark-249f397c-9aea-464f-90ec-851b60dd24bf/userFiles-a871dcd1-4ad2-4c28-866a-2ecf7545779d/io.delta_delta-storage-3.3.0.jar
26/06/04 14:28:41 INFO Executor: Fetching file:///home/***/.ivy2/jars/org.apache.hadoop_hadoop-aws-3.3.4.jar with timestamp 1780583320741
26/06/04 14:28:41 INFO Utils: /home/***/.ivy2/jars/org.apache.hadoop_hadoop-aws-3.3.4.jar has been previously copied to /tmp/spark-249f397c-9aea-464f-90ec-851b60dd24bf/userFiles-a871dcd1-4ad2-4c28-866a-2ecf7545779d/org.apache.hadoop_hadoop-aws-3.3.4.jar
26/06/04 14:28:41 INFO Executor: Fetching file:///home/***/.ivy2/jars/io.delta_delta-spark_2.12-3.3.0.jar with timestamp 1780583320741
26/06/04 14:28:41 INFO Utils: /home/***/.ivy2/jars/io.delta_delta-spark_2.12-3.3.0.jar has been previously copied to /tmp/spark-249f397c-9aea-464f-90ec-851b60dd24bf/userFiles-a871dcd1-4ad2-4c28-866a-2ecf7545779d/io.delta_delta-spark_2.12-3.3.0.jar
26/06/04 14:28:41 INFO Executor: Fetching file:///home/***/.ivy2/jars/org.antlr_antlr4-runtime-4.9.3.jar with timestamp 1780583320741
26/06/04 14:28:41 INFO Utils: /home/***/.ivy2/jars/org.antlr_antlr4-runtime-4.9.3.jar has been previously copied to /tmp/spark-249f397c-9aea-464f-90ec-851b60dd24bf/userFiles-a871dcd1-4ad2-4c28-866a-2ecf7545779d/org.antlr_antlr4-runtime-4.9.3.jar
26/06/04 14:28:41 INFO Executor: Fetching file:///home/***/.ivy2/jars/org.wildfly.openssl_wildfly-openssl-1.0.7.Final.jar with timestamp 1780583320741
26/06/04 14:28:41 INFO Utils: /home/***/.ivy2/jars/org.wildfly.openssl_wildfly-openssl-1.0.7.Final.jar has been previously copied to /tmp/spark-249f397c-9aea-464f-90ec-851b60dd24bf/userFiles-a871dcd1-4ad2-4c28-866a-2ecf7545779d/org.wildfly.openssl_wildfly-openssl-1.0.7.Final.jar
26/06/04 14:28:41 INFO Executor: Fetching file:///home/***/.ivy2/jars/com.amazonaws_aws-java-sdk-bundle-1.12.262.jar with timestamp 1780583320741
26/06/04 14:28:42 INFO Utils: /home/***/.ivy2/jars/com.amazonaws_aws-java-sdk-bundle-1.12.262.jar has been previously copied to /tmp/spark-249f397c-9aea-464f-90ec-851b60dd24bf/userFiles-a871dcd1-4ad2-4c28-866a-2ecf7545779d/com.amazonaws_aws-java-sdk-bundle-1.12.262.jar
26/06/04 14:28:42 INFO Executor: Fetching spark://host.containers.internal:46129/jars/io.delta_delta-spark_2.12-3.3.0.jar with timestamp 1780583320741
26/06/04 14:28:42 INFO TransportClientFactory: Successfully created connection to host.containers.internal/192.168.1.120:46129 after 30 ms (0 ms spent in bootstraps)
26/06/04 14:28:42 INFO Utils: Fetching spark://host.containers.internal:46129/jars/io.delta_delta-spark_2.12-3.3.0.jar to /tmp/spark-249f397c-9aea-464f-90ec-851b60dd24bf/userFiles-a871dcd1-4ad2-4c28-866a-2ecf7545779d/fetchFileTemp6044668223621736244.tmp
26/06/04 14:28:42 INFO Utils: /tmp/spark-249f397c-9aea-464f-90ec-851b60dd24bf/userFiles-a871dcd1-4ad2-4c28-866a-2ecf7545779d/fetchFileTemp6044668223621736244.tmp has been previously copied to /tmp/spark-249f397c-9aea-464f-90ec-851b60dd24bf/userFiles-a871dcd1-4ad2-4c28-866a-2ecf7545779d/io.delta_delta-spark_2.12-3.3.0.jar
26/06/04 14:28:42 INFO Executor: Adding file:/tmp/spark-249f397c-9aea-464f-90ec-851b60dd24bf/userFiles-a871dcd1-4ad2-4c28-866a-2ecf7545779d/io.delta_delta-spark_2.12-3.3.0.jar to class loader default
26/06/04 14:28:42 INFO Executor: Fetching spark://host.containers.internal:46129/jars/com.amazonaws_aws-java-sdk-bundle-1.12.262.jar with timestamp 1780583320741
26/06/04 14:28:42 INFO Utils: Fetching spark://host.containers.internal:46129/jars/com.amazonaws_aws-java-sdk-bundle-1.12.262.jar to /tmp/spark-249f397c-9aea-464f-90ec-851b60dd24bf/userFiles-a871dcd1-4ad2-4c28-866a-2ecf7545779d/fetchFileTemp3769786617552294815.tmp
26/06/04 14:28:43 INFO Utils: /tmp/spark-249f397c-9aea-464f-90ec-851b60dd24bf/userFiles-a871dcd1-4ad2-4c28-866a-2ecf7545779d/fetchFileTemp3769786617552294815.tmp has been previously copied to /tmp/spark-249f397c-9aea-464f-90ec-851b60dd24bf/userFiles-a871dcd1-4ad2-4c28-866a-2ecf7545779d/com.amazonaws_aws-java-sdk-bundle-1.12.262.jar
26/06/04 14:28:43 INFO Executor: Adding file:/tmp/spark-249f397c-9aea-464f-90ec-851b60dd24bf/userFiles-a871dcd1-4ad2-4c28-866a-2ecf7545779d/com.amazonaws_aws-java-sdk-bundle-1.12.262.jar to class loader default
26/06/04 14:28:43 INFO Executor: Fetching spark://host.containers.internal:46129/jars/io.delta_delta-storage-3.3.0.jar with timestamp 1780583320741
26/06/04 14:28:43 INFO Utils: Fetching spark://host.containers.internal:46129/jars/io.delta_delta-storage-3.3.0.jar to /tmp/spark-249f397c-9aea-464f-90ec-851b60dd24bf/userFiles-a871dcd1-4ad2-4c28-866a-2ecf7545779d/fetchFileTemp9893662235237319941.tmp
26/06/04 14:28:43 INFO Utils: /tmp/spark-249f397c-9aea-464f-90ec-851b60dd24bf/userFiles-a871dcd1-4ad2-4c28-866a-2ecf7545779d/fetchFileTemp9893662235237319941.tmp has been previously copied to /tmp/spark-249f397c-9aea-464f-90ec-851b60dd24bf/userFiles-a871dcd1-4ad2-4c28-866a-2ecf7545779d/io.delta_delta-storage-3.3.0.jar
26/06/04 14:28:43 INFO Executor: Adding file:/tmp/spark-249f397c-9aea-464f-90ec-851b60dd24bf/userFiles-a871dcd1-4ad2-4c28-866a-2ecf7545779d/io.delta_delta-storage-3.3.0.jar to class loader default
26/06/04 14:28:43 INFO Executor: Fetching spark://host.containers.internal:46129/jars/org.antlr_antlr4-runtime-4.9.3.jar with timestamp 1780583320741
26/06/04 14:28:43 INFO Utils: Fetching spark://host.containers.internal:46129/jars/org.antlr_antlr4-runtime-4.9.3.jar to /tmp/spark-249f397c-9aea-464f-90ec-851b60dd24bf/userFiles-a871dcd1-4ad2-4c28-866a-2ecf7545779d/fetchFileTemp6797525642170424388.tmp
26/06/04 14:28:43 INFO Utils: /tmp/spark-249f397c-9aea-464f-90ec-851b60dd24bf/userFiles-a871dcd1-4ad2-4c28-866a-2ecf7545779d/fetchFileTemp6797525642170424388.tmp has been previously copied to /tmp/spark-249f397c-9aea-464f-90ec-851b60dd24bf/userFiles-a871dcd1-4ad2-4c28-866a-2ecf7545779d/org.antlr_antlr4-runtime-4.9.3.jar
26/06/04 14:28:43 INFO Executor: Adding file:/tmp/spark-249f397c-9aea-464f-90ec-851b60dd24bf/userFiles-a871dcd1-4ad2-4c28-866a-2ecf7545779d/org.antlr_antlr4-runtime-4.9.3.jar to class loader default
26/06/04 14:28:43 INFO Executor: Fetching spark://host.containers.internal:46129/jars/org.wildfly.openssl_wildfly-openssl-1.0.7.Final.jar with timestamp 1780583320741
26/06/04 14:28:43 INFO Utils: Fetching spark://host.containers.internal:46129/jars/org.wildfly.openssl_wildfly-openssl-1.0.7.Final.jar to /tmp/spark-249f397c-9aea-464f-90ec-851b60dd24bf/userFiles-a871dcd1-4ad2-4c28-866a-2ecf7545779d/fetchFileTemp12194559727025510285.tmp
26/06/04 14:28:43 INFO Utils: /tmp/spark-249f397c-9aea-464f-90ec-851b60dd24bf/userFiles-a871dcd1-4ad2-4c28-866a-2ecf7545779d/fetchFileTemp12194559727025510285.tmp has been previously copied to /tmp/spark-249f397c-9aea-464f-90ec-851b60dd24bf/userFiles-a871dcd1-4ad2-4c28-866a-2ecf7545779d/org.wildfly.openssl_wildfly-openssl-1.0.7.Final.jar
26/06/04 14:28:43 INFO Executor: Adding file:/tmp/spark-249f397c-9aea-464f-90ec-851b60dd24bf/userFiles-a871dcd1-4ad2-4c28-866a-2ecf7545779d/org.wildfly.openssl_wildfly-openssl-1.0.7.Final.jar to class loader default
26/06/04 14:28:43 INFO Executor: Fetching spark://host.containers.internal:46129/jars/org.apache.hadoop_hadoop-aws-3.3.4.jar with timestamp 1780583320741
26/06/04 14:28:43 INFO Utils: Fetching spark://host.containers.internal:46129/jars/org.apache.hadoop_hadoop-aws-3.3.4.jar to /tmp/spark-249f397c-9aea-464f-90ec-851b60dd24bf/userFiles-a871dcd1-4ad2-4c28-866a-2ecf7545779d/fetchFileTemp13047754107294223879.tmp
26/06/04 14:28:43 INFO Utils: /tmp/spark-249f397c-9aea-464f-90ec-851b60dd24bf/userFiles-a871dcd1-4ad2-4c28-866a-2ecf7545779d/fetchFileTemp13047754107294223879.tmp has been previously copied to /tmp/spark-249f397c-9aea-464f-90ec-851b60dd24bf/userFiles-a871dcd1-4ad2-4c28-866a-2ecf7545779d/org.apache.hadoop_hadoop-aws-3.3.4.jar
26/06/04 14:28:43 INFO Executor: Adding file:/tmp/spark-249f397c-9aea-464f-90ec-851b60dd24bf/userFiles-a871dcd1-4ad2-4c28-866a-2ecf7545779d/org.apache.hadoop_hadoop-aws-3.3.4.jar to class loader default
26/06/04 14:28:43 INFO Utils: Successfully started service 'org.apache.spark.network.netty.NettyBlockTransferService' on port 39901.
26/06/04 14:28:43 INFO NettyBlockTransferService: Server created on host.containers.internal:39901
26/06/04 14:28:43 INFO BlockManager: Using org.apache.spark.storage.RandomBlockReplicationPolicy for block replication policy
26/06/04 14:28:43 INFO BlockManagerMaster: Registering BlockManager BlockManagerId(driver, host.containers.internal, 39901, None)
26/06/04 14:28:43 INFO BlockManagerMasterEndpoint: Registering block manager host.containers.internal:39901 with 434.4 MiB RAM, BlockManagerId(driver, host.containers.internal, 39901, None)
26/06/04 14:28:43 INFO BlockManagerMaster: Registered BlockManager BlockManagerId(driver, host.containers.internal, 39901, None)
26/06/04 14:28:43 INFO BlockManager: Initialized BlockManager: BlockManagerId(driver, host.containers.internal, 39901, None)
26/06/04 14:28:43 INFO SingleEventLogFileWriter: Logging events to file:/.tmp/spark-logs/local-1780583321807.inprogress
2026-06-04 14:28:43.695 | INFO     | utils:build_spark_session:101 - Spark version: 3.5.6
2026-06-04 14:28:43.695 | INFO     | __main__:transform_patients:77 - Transforming raw_patients → stg_patients ...
26/06/04 14:28:44 WARN MetricsConfig: Cannot locate configuration: tried hadoop-metrics2-s3a-file-system.properties,hadoop-metrics2.properties
26/06/04 14:28:50 WARN SparkStringUtils: Truncated the string representation of a plan since it was too large. This behavior can be adjusted by setting 'spark.sql.debug.maxToStringFields'.
2026-06-04 14:28:57.120 | INFO     | __main__:transform_patients:95 -   stg_patients: 10,000 → 10,000 rows (removed 0 dupes)
2026-06-04 14:29:09.997 | INFO     | utils:run_data_assertions:287 - Running data quality assertions on stg_patients...
2026-06-04 14:29:12.900 | WARNING  | utils:run_data_assertions:370 - Failed to emit assertions to DataHub: (<avro.schema.RecordSchema object at 0x7f032278bbc0>, AssertionInfoClass({'customProperties': {}, 'externalUrl': None, 'type': 'DATASET', 'datasetAssertion': DatasetAssertionInfoClass({'dataset': 'urn:li:dataset:(urn:li:dataPlatform:trino,delta.silver.stg_patients,PROD)', 'scope': 'DATASET_COLUMN', 'fields': ['patient_id'], 'aggregation': None, 'operator': 'EQUAL', 'parameters': None, 'nativeType': None, 'nativeParameters': None, 'logic': None}), 'freshnessAssertion': None, 'volumeAssertion': None, 'sqlAssertion': None, 'fieldAssertion': None, 'schemaAssertion': None, 'customAssertion': None, 'source': None, 'lastUpdated': None, 'description': None, 'note': None}))
2026-06-04 14:29:16.806 | INFO     | __main__:transform_wards:114 - Transforming raw_wards → stg_wards ...
2026-06-04 14:29:19.953 | INFO     | __main__:transform_wards:128 -   stg_wards: 4 → 4 rows
2026-06-04 14:29:19.953 | INFO     | utils:run_data_assertions:287 - Running data quality assertions on stg_wards...
2026-06-04 14:29:21.087 | WARNING  | utils:run_data_assertions:370 - Failed to emit assertions to DataHub: (<avro.schema.RecordSchema object at 0x7f032278bbc0>, AssertionInfoClass({'customProperties': {}, 'externalUrl': None, 'type': 'DATASET', 'datasetAssertion': DatasetAssertionInfoClass({'dataset': 'urn:li:dataset:(urn:li:dataPlatform:trino,delta.silver.stg_wards,PROD)', 'scope': 'DATASET_COLUMN', 'fields': ['ward_id'], 'aggregation': None, 'operator': 'EQUAL', 'parameters': None, 'nativeType': None, 'nativeParameters': None, 'logic': None}), 'freshnessAssertion': None, 'volumeAssertion': None, 'sqlAssertion': None, 'fieldAssertion': None, 'schemaAssertion': None, 'customAssertion': None, 'source': None, 'lastUpdated': None, 'description': None, 'note': None}))
2026-06-04 14:29:23.601 | INFO     | __main__:transform_event_metadata:147 - Transforming raw_event_metadata → stg_event_metadata ...
2026-06-04 14:29:26.083 | INFO     | __main__:transform_event_metadata:159 -   stg_event_metadata: 17 → 17 rows
2026-06-04 14:29:26.084 | INFO     | utils:run_data_assertions:287 - Running data quality assertions on stg_event_metadata...
2026-06-04 14:29:27.088 | WARNING  | utils:run_data_assertions:370 - Failed to emit assertions to DataHub: (<avro.schema.RecordSchema object at 0x7f032278bbc0>, AssertionInfoClass({'customProperties': {}, 'externalUrl': None, 'type': 'DATASET', 'datasetAssertion': DatasetAssertionInfoClass({'dataset': 'urn:li:dataset:(urn:li:dataPlatform:trino,delta.silver.stg_event_metadata,PROD)', 'scope': 'DATASET_COLUMN', 'fields': ['event_type_id'], 'aggregation': None, 'operator': 'EQUAL', 'parameters': None, 'nativeType': None, 'nativeParameters': None, 'logic': None}), 'freshnessAssertion': None, 'volumeAssertion': None, 'sqlAssertion': None, 'fieldAssertion': None, 'schemaAssertion': None, 'customAssertion': None, 'source': None, 'lastUpdated': None, 'description': None, 'note': None}))
2026-06-04 14:29:29.412 | INFO     | __main__:transform_visits:186 - Transforming raw_visits → stg_visits ...
2026-06-04 14:29:32.131 | INFO     | __main__:transform_visits:219 -   stg_visits: 50,000 → 50,000 rows
2026-06-04 14:29:32.131 | INFO     | utils:run_data_assertions:287 - Running data quality assertions on stg_visits...
2026-06-04 14:29:34.063 | WARNING  | utils:run_data_assertions:370 - Failed to emit assertions to DataHub: (<avro.schema.RecordSchema object at 0x7f032278bbc0>, AssertionInfoClass({'customProperties': {}, 'externalUrl': None, 'type': 'DATASET', 'datasetAssertion': DatasetAssertionInfoClass({'dataset': 'urn:li:dataset:(urn:li:dataPlatform:trino,delta.silver.stg_visits,PROD)', 'scope': 'DATASET_COLUMN', 'fields': ['visit_id'], 'aggregation': None, 'operator': 'EQUAL', 'parameters': None, 'nativeType': None, 'nativeParameters': None, 'logic': None}), 'freshnessAssertion': None, 'volumeAssertion': None, 'sqlAssertion': None, 'fieldAssertion': None, 'schemaAssertion': None, 'customAssertion': None, 'source': None, 'lastUpdated': None, 'description': None, 'note': None}))
2026-06-04 14:30:59.346 | INFO     | __main__:transform_events:248 - Transforming raw_events → stg_events ...
2026-06-04 14:31:04.110 | INFO     | __main__:transform_events:276 -   stg_events: 153,000 → 150,000 rows
2026-06-04 14:31:04.110 | INFO     | __main__:transform_events:277 -   Duplicates removed: 3,000 (1.96%)
2026-06-04 14:31:04.110 | INFO     | __main__:transform_events:278 -   Unknown event_type rows flagged: 0
2026-06-04 14:31:04.110 | INFO     | utils:run_data_assertions:287 - Running data quality assertions on stg_events...
2026-06-04 14:31:07.583 | WARNING  | utils:run_data_assertions:370 - Failed to emit assertions to DataHub: (<avro.schema.RecordSchema object at 0x7f032278bbc0>, AssertionInfoClass({'customProperties': {}, 'externalUrl': None, 'type': 'DATASET', 'datasetAssertion': DatasetAssertionInfoClass({'dataset': 'urn:li:dataset:(urn:li:dataPlatform:trino,delta.silver.stg_events,PROD)', 'scope': 'DATASET_COLUMN', 'fields': ['event_id'], 'aggregation': None, 'operator': 'EQUAL', 'parameters': None, 'nativeType': None, 'nativeParameters': None, 'logic': None}), 'freshnessAssertion': None, 'volumeAssertion': None, 'sqlAssertion': None, 'fieldAssertion': None, 'schemaAssertion': None, 'customAssertion': None, 'source': None, 'lastUpdated': None, 'description': None, 'note': None}))
2026-06-04 14:31:46.984 | INFO     | __main__:main:314 - ============================================================
2026-06-04 14:31:46.984 | INFO     | __main__:main:315 - Silver table row counts:
2026-06-04 14:31:46.984 | INFO     | __main__:main:317 -   stg_patients             :     10,000 rows
2026-06-04 14:31:46.984 | INFO     | __main__:main:317 -   stg_wards                :          4 rows
2026-06-04 14:31:46.984 | INFO     | __main__:main:317 -   stg_event_metadata       :         17 rows
2026-06-04 14:31:46.984 | INFO     | __main__:main:317 -   stg_visits               :     50,000 rows
2026-06-04 14:31:46.984 | INFO     | __main__:main:317 -   stg_events               :    150,000 rows
2026-06-04 14:31:46.984 | INFO     | utils:register_tables_in_trino:133 - Registering tables in Trino under delta.silver ...
2026-06-04 14:31:47.010 | INFO     | utils:register_tables_in_trino:146 -   delta.silver schema ensured.
2026-06-04 14:31:47.011 | INFO     | utils:register_tables_in_trino:149 -   Registering delta.silver.stg_patients ...
2026-06-04 14:31:47.137 | INFO     | utils:register_tables_in_trino:149 -   Registering delta.silver.stg_wards ...
2026-06-04 14:31:47.230 | INFO     | utils:register_tables_in_trino:149 -   Registering delta.silver.stg_event_metadata ...
2026-06-04 14:31:47.321 | INFO     | utils:register_tables_in_trino:149 -   Registering delta.silver.stg_visits ...
2026-06-04 14:31:48.074 | INFO     | utils:register_tables_in_trino:149 -   Registering delta.silver.stg_events ...
2026-06-04 14:31:48.969 | INFO     | utils:register_tables_in_trino:161 -   All tables registered in Trino under delta.silver.
2026-06-04 14:31:49.484 | INFO     | __main__:main:326 - ============================================================
2026-06-04 14:31:49.485 | INFO     | __main__:main:327 - Silver transformation complete. run_id=20260604_142840, elapsed=188.8s
2026-06-04 14:31:49.485 | INFO     | __main__:main:328 - ============================================================
[2026-06-04T14:31:52.173+0000] {logging_mixin.py:190} WARNING - 2026-06-04 14:28:37.884 | INFO     | utils:run_with_spark_submit:179 - Script was not started with spark-submit. Submitting job to cluster via subprocess...
2026-06-04 14:28:37.884 | INFO     | utils:run_with_spark_submit:189 - Running command: spark-submit --master local[*] --packages io.delta:delta-spark_2.12:3.3.0,org.apache.hadoop:hadoop-aws:3.3.4,com.amazonaws:aws-java-sdk-bundle:1.12.262 /opt/***/scripts/3_transform_to_silver.py
[2026-06-04T14:31:52.394+0000] {logging_mixin.py:190} INFO - [datahub] Emitted batch step: silver_transform
[2026-06-04T14:31:52.404+0000] {logging_mixin.py:190} INFO - [run-meta] silver_transform → SUCCESS  run_id=6cffa1ce-7cae-487e-9945-d716995b1fb2
[2026-06-04T14:31:52.405+0000] {python.py:240} INFO - Done. Returned value was: None
[2026-06-04T14:31:52.414+0000] {taskinstance.py:340} INFO - ::group::Post task execution logs
[2026-06-04T14:31:52.415+0000] {taskinstance.py:352} INFO - Marking task as SUCCESS. dag_id=ehr_data_pipeline, task_id=silver_transform, run_id=manual__2026-06-04T14:28:28.476247+00:00, execution_date=20260604T142828, start_date=20260604T142837, end_date=20260604T143152
[2026-06-04T14:31:52.468+0000] {local_task_job_runner.py:266} INFO - Task exited with return code 0
[2026-06-04T14:31:52.489+0000] {taskinstance.py:3900} INFO - 1 downstream tasks scheduled from follow-on schedule check
[2026-06-04T14:31:52.496+0000] {local_task_job_runner.py:245} INFO - ::endgroup::
