[2026-06-04T16:25:44.904+0000] {local_task_job_runner.py:123} INFO - ::group::Pre task execution logs
[2026-06-04T16:25:44.935+0000] {taskinstance.py:2612} INFO - Dependencies all met for dep_context=non-requeueable deps ti=<TaskInstance: ehr_data_pipeline.gold_transform manual__2026-06-04T16:21:14.038551+00:00 [queued]>
[2026-06-04T16:25:44.949+0000] {taskinstance.py:2612} INFO - Dependencies all met for dep_context=requeueable deps ti=<TaskInstance: ehr_data_pipeline.gold_transform manual__2026-06-04T16:21:14.038551+00:00 [queued]>
[2026-06-04T16:25:44.952+0000] {taskinstance.py:2865} INFO - Starting attempt 1 of 1
[2026-06-04T16:25:44.981+0000] {taskinstance.py:2888} INFO - Executing <Task(PythonOperator): gold_transform> on 2026-06-04 16:21:14.038551+00:00
[2026-06-04T16:25:45.010+0000] {standard_task_runner.py:104} INFO - Running: ['***', 'tasks', 'run', 'ehr_data_pipeline', 'gold_transform', 'manual__2026-06-04T16:21:14.038551+00:00', '--job-id', '85', '--raw', '--subdir', 'DAGS_FOLDER/ehr_data_pipeline.py', '--cfg-path', '/tmp/tmpo9ll1xfj']
[2026-06-04T16:25:45.013+0000] {logging_mixin.py:190} WARNING - /home/***/.local/lib/python3.12/site-packages/***/task/task_runner/standard_task_runner.py:70 DeprecationWarning: This process (pid=5756) is multi-threaded, use of fork() may lead to deadlocks in the child.
[2026-06-04T16:25:45.015+0000] {standard_task_runner.py:105} INFO - Job 85: Subtask gold_transform
[2026-06-04T16:25:45.022+0000] {standard_task_runner.py:72} INFO - Started process 5757 to run task
[2026-06-04T16:25:45.100+0000] {task_command.py:467} INFO - Running <TaskInstance: ehr_data_pipeline.gold_transform manual__2026-06-04T16:21:14.038551+00:00 [running]> on host g120.grove.adaptcentre.ie
[2026-06-04T16:25:45.252+0000] {taskinstance.py:3131} INFO - Exporting env vars: AIRFLOW_CTX_DAG_OWNER='***' AIRFLOW_CTX_DAG_ID='ehr_data_pipeline' AIRFLOW_CTX_TASK_ID='gold_transform' AIRFLOW_CTX_EXECUTION_DATE='2026-06-04T16:21:14.038551+00:00' AIRFLOW_CTX_TRY_NUMBER='1' AIRFLOW_CTX_DAG_RUN_ID='manual__2026-06-04T16:21:14.038551+00:00'
[2026-06-04T16:25:45.256+0000] {taskinstance.py:731} INFO - ::endgroup::
[2026-06-04T16:29:21.326+0000] {logging_mixin.py:190} INFO - :: loading settings :: url = jar:file:/home/***/.local/lib/python3.12/site-packages/pyspark/jars/ivy-2.5.1.jar!/org/apache/ivy/core/settings/ivysettings.xml
Ivy Default Cache set to: /home/***/.ivy2/cache
The jars for the packages stored in: /home/***/.ivy2/jars
io.delta#delta-spark_2.12 added as a dependency
org.apache.hadoop#hadoop-aws added as a dependency
com.amazonaws#aws-java-sdk-bundle added as a dependency
:: resolving dependencies :: org.apache.spark#spark-submit-parent-ea1b298c-0b05-4098-9c3e-c3be5406c7b1;1.0
	confs: [default]
	found io.delta#delta-spark_2.12;3.3.0 in central
	found io.delta#delta-storage;3.3.0 in central
	found org.antlr#antlr4-runtime;4.9.3 in central
	found org.apache.hadoop#hadoop-aws;3.3.4 in central
	found com.amazonaws#aws-java-sdk-bundle;1.12.262 in central
	found org.wildfly.openssl#wildfly-openssl;1.0.7.Final in central
:: resolution report :: resolve 835ms :: artifacts dl 37ms
	:: modules in use:
	com.amazonaws#aws-java-sdk-bundle;1.12.262 from central in [default]
	io.delta#delta-spark_2.12;3.3.0 from central in [default]
	io.delta#delta-storage;3.3.0 from central in [default]
	org.antlr#antlr4-runtime;4.9.3 from central in [default]
	org.apache.hadoop#hadoop-aws;3.3.4 from central in [default]
	org.wildfly.openssl#wildfly-openssl;1.0.7.Final from central in [default]
	---------------------------------------------------------------------
	|                  |            modules            ||   artifacts   |
	|       conf       | number| search|dwnlded|evicted|| number|dwnlded|
	---------------------------------------------------------------------
	|      default     |   6   |   0   |   0   |   0   ||   6   |   0   |
	---------------------------------------------------------------------
:: retrieving :: org.apache.spark#spark-submit-parent-ea1b298c-0b05-4098-9c3e-c3be5406c7b1
	confs: [default]
	0 artifacts copied, 6 already retrieved (0kB/24ms)
26/06/04 16:25:51 WARN NativeCodeLoader: Unable to load native-hadoop library for your platform... using builtin-java classes where applicable
/opt/***/scripts/4_transform_to_gold.py:303: DeprecationWarning: datetime.datetime.utcnow() is deprecated and scheduled for removal in a future version. Use timezone-aware objects to represent datetimes in UTC: datetime.datetime.now(datetime.UTC).
  run_id    = datetime.utcnow().strftime("%Y%m%d_%H%M%S")
2026-06-04 16:25:52.318 | INFO     | __main__:main:305 - ============================================================
2026-06-04 16:25:52.318 | INFO     | __main__:main:306 - EHR GOLD TRANSFORMATION — run_id=20260604_162552
2026-06-04 16:25:52.319 | INFO     | __main__:main:307 - ============================================================
2026-06-04 16:25:52.319 | INFO     | utils:build_spark_session:69 - Connecting to Spark cluster: local[*] for EHR-Gold-Transformation
26/06/04 16:25:52 INFO SparkContext: Running Spark version 3.5.6
26/06/04 16:25:52 INFO SparkContext: OS info Linux, 5.10.0-42-amd64, amd64
26/06/04 16:25:52 INFO SparkContext: Java version 17.0.11
26/06/04 16:25:52 INFO ResourceUtils: ==============================================================
26/06/04 16:25:52 INFO ResourceUtils: No custom resources configured for spark.driver.
26/06/04 16:25:52 INFO ResourceUtils: ==============================================================
26/06/04 16:25:52 INFO SparkContext: Submitted application: EHR-Gold-Transformation
26/06/04 16:25:52 INFO ResourceProfile: Default ResourceProfile created, executor resources: Map(cores -> name: cores, amount: 2, script: , vendor: , memory -> name: memory, amount: 16384, script: , vendor: , offHeap -> name: offHeap, amount: 0, script: , vendor: ), task resources: Map(cpus -> name: cpus, amount: 1.0)
26/06/04 16:25:52 INFO ResourceProfile: Limiting resource is cpus at 2 tasks per executor
26/06/04 16:25:52 INFO ResourceProfileManager: Added ResourceProfile id: 0
26/06/04 16:25:52 INFO SecurityManager: Changing view acls to: ***
26/06/04 16:25:52 INFO SecurityManager: Changing modify acls to: ***
26/06/04 16:25:52 INFO SecurityManager: Changing view acls groups to: 
26/06/04 16:25:52 INFO SecurityManager: Changing modify acls groups to: 
26/06/04 16:25:52 INFO SecurityManager: SecurityManager: authentication disabled; ui acls disabled; users with view permissions: ***; groups with view permissions: EMPTY; users with modify permissions: ***; groups with modify permissions: EMPTY
26/06/04 16:25:52 INFO Utils: Successfully started service 'sparkDriver' on port 40409.
26/06/04 16:25:52 INFO SparkEnv: Registering MapOutputTracker
26/06/04 16:25:52 INFO SparkEnv: Registering BlockManagerMaster
26/06/04 16:25:52 INFO BlockManagerMasterEndpoint: Using org.apache.spark.storage.DefaultTopologyMapper for getting topology information
26/06/04 16:25:52 INFO BlockManagerMasterEndpoint: BlockManagerMasterEndpoint up
26/06/04 16:25:52 INFO SparkEnv: Registering BlockManagerMasterHeartbeat
26/06/04 16:25:52 INFO DiskBlockManager: Created local directory at /tmp/blockmgr-c625348e-9d1e-4b03-ad79-fe39e66debf1
26/06/04 16:25:52 INFO MemoryStore: MemoryStore started with capacity 434.4 MiB
26/06/04 16:25:52 INFO SparkEnv: Registering OutputCommitCoordinator
26/06/04 16:25:52 INFO JettyUtils: Start Jetty 0.0.0.0:4040 for SparkUI
26/06/04 16:25:52 INFO Utils: Successfully started service 'SparkUI' on port 4040.
26/06/04 16:25:53 INFO SparkContext: Added JAR file:///home/***/.ivy2/jars/io.delta_delta-spark_2.12-3.3.0.jar at spark://host.containers.internal:40409/jars/io.delta_delta-spark_2.12-3.3.0.jar with timestamp 1780590352395
26/06/04 16:25:53 INFO SparkContext: Added JAR file:///home/***/.ivy2/jars/org.apache.hadoop_hadoop-aws-3.3.4.jar at spark://host.containers.internal:40409/jars/org.apache.hadoop_hadoop-aws-3.3.4.jar with timestamp 1780590352395
26/06/04 16:25:53 INFO SparkContext: Added JAR file:///home/***/.ivy2/jars/com.amazonaws_aws-java-sdk-bundle-1.12.262.jar at spark://host.containers.internal:40409/jars/com.amazonaws_aws-java-sdk-bundle-1.12.262.jar with timestamp 1780590352395
26/06/04 16:25:53 INFO SparkContext: Added JAR file:///home/***/.ivy2/jars/io.delta_delta-storage-3.3.0.jar at spark://host.containers.internal:40409/jars/io.delta_delta-storage-3.3.0.jar with timestamp 1780590352395
26/06/04 16:25:53 INFO SparkContext: Added JAR file:///home/***/.ivy2/jars/org.antlr_antlr4-runtime-4.9.3.jar at spark://host.containers.internal:40409/jars/org.antlr_antlr4-runtime-4.9.3.jar with timestamp 1780590352395
26/06/04 16:25:53 INFO SparkContext: Added JAR file:///home/***/.ivy2/jars/org.wildfly.openssl_wildfly-openssl-1.0.7.Final.jar at spark://host.containers.internal:40409/jars/org.wildfly.openssl_wildfly-openssl-1.0.7.Final.jar with timestamp 1780590352395
26/06/04 16:25:53 INFO SparkContext: Added file file:///home/***/.ivy2/jars/io.delta_delta-spark_2.12-3.3.0.jar at file:///home/***/.ivy2/jars/io.delta_delta-spark_2.12-3.3.0.jar with timestamp 1780590352395
26/06/04 16:25:53 INFO Utils: Copying /home/***/.ivy2/jars/io.delta_delta-spark_2.12-3.3.0.jar to /tmp/spark-0c7e6c41-5dc0-4f33-b1e0-14fa5abf85c2/userFiles-02bab700-d7e9-4d40-9659-2e6a5a8be079/io.delta_delta-spark_2.12-3.3.0.jar
26/06/04 16:25:53 INFO SparkContext: Added file file:///home/***/.ivy2/jars/org.apache.hadoop_hadoop-aws-3.3.4.jar at file:///home/***/.ivy2/jars/org.apache.hadoop_hadoop-aws-3.3.4.jar with timestamp 1780590352395
26/06/04 16:25:53 INFO Utils: Copying /home/***/.ivy2/jars/org.apache.hadoop_hadoop-aws-3.3.4.jar to /tmp/spark-0c7e6c41-5dc0-4f33-b1e0-14fa5abf85c2/userFiles-02bab700-d7e9-4d40-9659-2e6a5a8be079/org.apache.hadoop_hadoop-aws-3.3.4.jar
26/06/04 16:25:53 INFO SparkContext: Added file file:///home/***/.ivy2/jars/com.amazonaws_aws-java-sdk-bundle-1.12.262.jar at file:///home/***/.ivy2/jars/com.amazonaws_aws-java-sdk-bundle-1.12.262.jar with timestamp 1780590352395
26/06/04 16:25:53 INFO Utils: Copying /home/***/.ivy2/jars/com.amazonaws_aws-java-sdk-bundle-1.12.262.jar to /tmp/spark-0c7e6c41-5dc0-4f33-b1e0-14fa5abf85c2/userFiles-02bab700-d7e9-4d40-9659-2e6a5a8be079/com.amazonaws_aws-java-sdk-bundle-1.12.262.jar
26/06/04 16:25:53 INFO SparkContext: Added file file:///home/***/.ivy2/jars/io.delta_delta-storage-3.3.0.jar at file:///home/***/.ivy2/jars/io.delta_delta-storage-3.3.0.jar with timestamp 1780590352395
26/06/04 16:25:53 INFO Utils: Copying /home/***/.ivy2/jars/io.delta_delta-storage-3.3.0.jar to /tmp/spark-0c7e6c41-5dc0-4f33-b1e0-14fa5abf85c2/userFiles-02bab700-d7e9-4d40-9659-2e6a5a8be079/io.delta_delta-storage-3.3.0.jar
26/06/04 16:25:53 INFO SparkContext: Added file file:///home/***/.ivy2/jars/org.antlr_antlr4-runtime-4.9.3.jar at file:///home/***/.ivy2/jars/org.antlr_antlr4-runtime-4.9.3.jar with timestamp 1780590352395
26/06/04 16:25:53 INFO Utils: Copying /home/***/.ivy2/jars/org.antlr_antlr4-runtime-4.9.3.jar to /tmp/spark-0c7e6c41-5dc0-4f33-b1e0-14fa5abf85c2/userFiles-02bab700-d7e9-4d40-9659-2e6a5a8be079/org.antlr_antlr4-runtime-4.9.3.jar
26/06/04 16:25:53 INFO SparkContext: Added file file:///home/***/.ivy2/jars/org.wildfly.openssl_wildfly-openssl-1.0.7.Final.jar at file:///home/***/.ivy2/jars/org.wildfly.openssl_wildfly-openssl-1.0.7.Final.jar with timestamp 1780590352395
26/06/04 16:25:53 INFO Utils: Copying /home/***/.ivy2/jars/org.wildfly.openssl_wildfly-openssl-1.0.7.Final.jar to /tmp/spark-0c7e6c41-5dc0-4f33-b1e0-14fa5abf85c2/userFiles-02bab700-d7e9-4d40-9659-2e6a5a8be079/org.wildfly.openssl_wildfly-openssl-1.0.7.Final.jar
26/06/04 16:25:53 INFO Executor: Starting executor ID driver on host host.containers.internal
26/06/04 16:25:53 INFO Executor: OS info Linux, 5.10.0-42-amd64, amd64
26/06/04 16:25:53 INFO Executor: Java version 17.0.11
26/06/04 16:25:53 INFO Executor: Starting executor with user classpath (userClassPathFirst = false): ''
26/06/04 16:25:53 INFO Executor: Created or updated repl class loader org.apache.spark.util.MutableURLClassLoader@96fb74c for default.
26/06/04 16:25:53 INFO Executor: Fetching file:///home/***/.ivy2/jars/io.delta_delta-storage-3.3.0.jar with timestamp 1780590352395
26/06/04 16:25:53 INFO Utils: /home/***/.ivy2/jars/io.delta_delta-storage-3.3.0.jar has been previously copied to /tmp/spark-0c7e6c41-5dc0-4f33-b1e0-14fa5abf85c2/userFiles-02bab700-d7e9-4d40-9659-2e6a5a8be079/io.delta_delta-storage-3.3.0.jar
26/06/04 16:25:53 INFO Executor: Fetching file:///home/***/.ivy2/jars/org.apache.hadoop_hadoop-aws-3.3.4.jar with timestamp 1780590352395
26/06/04 16:25:53 INFO Utils: /home/***/.ivy2/jars/org.apache.hadoop_hadoop-aws-3.3.4.jar has been previously copied to /tmp/spark-0c7e6c41-5dc0-4f33-b1e0-14fa5abf85c2/userFiles-02bab700-d7e9-4d40-9659-2e6a5a8be079/org.apache.hadoop_hadoop-aws-3.3.4.jar
26/06/04 16:25:53 INFO Executor: Fetching file:///home/***/.ivy2/jars/io.delta_delta-spark_2.12-3.3.0.jar with timestamp 1780590352395
26/06/04 16:25:53 INFO Utils: /home/***/.ivy2/jars/io.delta_delta-spark_2.12-3.3.0.jar has been previously copied to /tmp/spark-0c7e6c41-5dc0-4f33-b1e0-14fa5abf85c2/userFiles-02bab700-d7e9-4d40-9659-2e6a5a8be079/io.delta_delta-spark_2.12-3.3.0.jar
26/06/04 16:25:53 INFO Executor: Fetching file:///home/***/.ivy2/jars/org.antlr_antlr4-runtime-4.9.3.jar with timestamp 1780590352395
26/06/04 16:25:53 INFO Utils: /home/***/.ivy2/jars/org.antlr_antlr4-runtime-4.9.3.jar has been previously copied to /tmp/spark-0c7e6c41-5dc0-4f33-b1e0-14fa5abf85c2/userFiles-02bab700-d7e9-4d40-9659-2e6a5a8be079/org.antlr_antlr4-runtime-4.9.3.jar
26/06/04 16:25:53 INFO Executor: Fetching file:///home/***/.ivy2/jars/org.wildfly.openssl_wildfly-openssl-1.0.7.Final.jar with timestamp 1780590352395
26/06/04 16:25:53 INFO Utils: /home/***/.ivy2/jars/org.wildfly.openssl_wildfly-openssl-1.0.7.Final.jar has been previously copied to /tmp/spark-0c7e6c41-5dc0-4f33-b1e0-14fa5abf85c2/userFiles-02bab700-d7e9-4d40-9659-2e6a5a8be079/org.wildfly.openssl_wildfly-openssl-1.0.7.Final.jar
26/06/04 16:25:53 INFO Executor: Fetching file:///home/***/.ivy2/jars/com.amazonaws_aws-java-sdk-bundle-1.12.262.jar with timestamp 1780590352395
26/06/04 16:25:53 INFO Utils: /home/***/.ivy2/jars/com.amazonaws_aws-java-sdk-bundle-1.12.262.jar has been previously copied to /tmp/spark-0c7e6c41-5dc0-4f33-b1e0-14fa5abf85c2/userFiles-02bab700-d7e9-4d40-9659-2e6a5a8be079/com.amazonaws_aws-java-sdk-bundle-1.12.262.jar
26/06/04 16:25:53 INFO Executor: Fetching spark://host.containers.internal:40409/jars/io.delta_delta-storage-3.3.0.jar with timestamp 1780590352395
26/06/04 16:25:53 INFO TransportClientFactory: Successfully created connection to host.containers.internal/192.168.1.120:40409 after 22 ms (0 ms spent in bootstraps)
26/06/04 16:25:53 INFO Utils: Fetching spark://host.containers.internal:40409/jars/io.delta_delta-storage-3.3.0.jar to /tmp/spark-0c7e6c41-5dc0-4f33-b1e0-14fa5abf85c2/userFiles-02bab700-d7e9-4d40-9659-2e6a5a8be079/fetchFileTemp17789732712781639910.tmp
26/06/04 16:25:53 INFO Utils: /tmp/spark-0c7e6c41-5dc0-4f33-b1e0-14fa5abf85c2/userFiles-02bab700-d7e9-4d40-9659-2e6a5a8be079/fetchFileTemp17789732712781639910.tmp has been previously copied to /tmp/spark-0c7e6c41-5dc0-4f33-b1e0-14fa5abf85c2/userFiles-02bab700-d7e9-4d40-9659-2e6a5a8be079/io.delta_delta-storage-3.3.0.jar
26/06/04 16:25:53 INFO Executor: Adding file:/tmp/spark-0c7e6c41-5dc0-4f33-b1e0-14fa5abf85c2/userFiles-02bab700-d7e9-4d40-9659-2e6a5a8be079/io.delta_delta-storage-3.3.0.jar to class loader default
26/06/04 16:25:53 INFO Executor: Fetching spark://host.containers.internal:40409/jars/org.apache.hadoop_hadoop-aws-3.3.4.jar with timestamp 1780590352395
26/06/04 16:25:53 INFO Utils: Fetching spark://host.containers.internal:40409/jars/org.apache.hadoop_hadoop-aws-3.3.4.jar to /tmp/spark-0c7e6c41-5dc0-4f33-b1e0-14fa5abf85c2/userFiles-02bab700-d7e9-4d40-9659-2e6a5a8be079/fetchFileTemp11179910675122337762.tmp
26/06/04 16:25:53 INFO Utils: /tmp/spark-0c7e6c41-5dc0-4f33-b1e0-14fa5abf85c2/userFiles-02bab700-d7e9-4d40-9659-2e6a5a8be079/fetchFileTemp11179910675122337762.tmp has been previously copied to /tmp/spark-0c7e6c41-5dc0-4f33-b1e0-14fa5abf85c2/userFiles-02bab700-d7e9-4d40-9659-2e6a5a8be079/org.apache.hadoop_hadoop-aws-3.3.4.jar
26/06/04 16:25:53 INFO Executor: Adding file:/tmp/spark-0c7e6c41-5dc0-4f33-b1e0-14fa5abf85c2/userFiles-02bab700-d7e9-4d40-9659-2e6a5a8be079/org.apache.hadoop_hadoop-aws-3.3.4.jar to class loader default
26/06/04 16:25:53 INFO Executor: Fetching spark://host.containers.internal:40409/jars/org.antlr_antlr4-runtime-4.9.3.jar with timestamp 1780590352395
26/06/04 16:25:53 INFO Utils: Fetching spark://host.containers.internal:40409/jars/org.antlr_antlr4-runtime-4.9.3.jar to /tmp/spark-0c7e6c41-5dc0-4f33-b1e0-14fa5abf85c2/userFiles-02bab700-d7e9-4d40-9659-2e6a5a8be079/fetchFileTemp9499173255860729574.tmp
26/06/04 16:25:53 INFO Utils: /tmp/spark-0c7e6c41-5dc0-4f33-b1e0-14fa5abf85c2/userFiles-02bab700-d7e9-4d40-9659-2e6a5a8be079/fetchFileTemp9499173255860729574.tmp has been previously copied to /tmp/spark-0c7e6c41-5dc0-4f33-b1e0-14fa5abf85c2/userFiles-02bab700-d7e9-4d40-9659-2e6a5a8be079/org.antlr_antlr4-runtime-4.9.3.jar
26/06/04 16:25:53 INFO Executor: Adding file:/tmp/spark-0c7e6c41-5dc0-4f33-b1e0-14fa5abf85c2/userFiles-02bab700-d7e9-4d40-9659-2e6a5a8be079/org.antlr_antlr4-runtime-4.9.3.jar to class loader default
26/06/04 16:25:53 INFO Executor: Fetching spark://host.containers.internal:40409/jars/io.delta_delta-spark_2.12-3.3.0.jar with timestamp 1780590352395
26/06/04 16:25:53 INFO Utils: Fetching spark://host.containers.internal:40409/jars/io.delta_delta-spark_2.12-3.3.0.jar to /tmp/spark-0c7e6c41-5dc0-4f33-b1e0-14fa5abf85c2/userFiles-02bab700-d7e9-4d40-9659-2e6a5a8be079/fetchFileTemp9914285268253609563.tmp
26/06/04 16:25:53 INFO Utils: /tmp/spark-0c7e6c41-5dc0-4f33-b1e0-14fa5abf85c2/userFiles-02bab700-d7e9-4d40-9659-2e6a5a8be079/fetchFileTemp9914285268253609563.tmp has been previously copied to /tmp/spark-0c7e6c41-5dc0-4f33-b1e0-14fa5abf85c2/userFiles-02bab700-d7e9-4d40-9659-2e6a5a8be079/io.delta_delta-spark_2.12-3.3.0.jar
26/06/04 16:25:53 INFO Executor: Adding file:/tmp/spark-0c7e6c41-5dc0-4f33-b1e0-14fa5abf85c2/userFiles-02bab700-d7e9-4d40-9659-2e6a5a8be079/io.delta_delta-spark_2.12-3.3.0.jar to class loader default
26/06/04 16:25:53 INFO Executor: Fetching spark://host.containers.internal:40409/jars/org.wildfly.openssl_wildfly-openssl-1.0.7.Final.jar with timestamp 1780590352395
26/06/04 16:25:53 INFO Utils: Fetching spark://host.containers.internal:40409/jars/org.wildfly.openssl_wildfly-openssl-1.0.7.Final.jar to /tmp/spark-0c7e6c41-5dc0-4f33-b1e0-14fa5abf85c2/userFiles-02bab700-d7e9-4d40-9659-2e6a5a8be079/fetchFileTemp1046400109859311299.tmp
26/06/04 16:25:53 INFO Utils: /tmp/spark-0c7e6c41-5dc0-4f33-b1e0-14fa5abf85c2/userFiles-02bab700-d7e9-4d40-9659-2e6a5a8be079/fetchFileTemp1046400109859311299.tmp has been previously copied to /tmp/spark-0c7e6c41-5dc0-4f33-b1e0-14fa5abf85c2/userFiles-02bab700-d7e9-4d40-9659-2e6a5a8be079/org.wildfly.openssl_wildfly-openssl-1.0.7.Final.jar
26/06/04 16:25:53 INFO Executor: Adding file:/tmp/spark-0c7e6c41-5dc0-4f33-b1e0-14fa5abf85c2/userFiles-02bab700-d7e9-4d40-9659-2e6a5a8be079/org.wildfly.openssl_wildfly-openssl-1.0.7.Final.jar to class loader default
26/06/04 16:25:53 INFO Executor: Fetching spark://host.containers.internal:40409/jars/com.amazonaws_aws-java-sdk-bundle-1.12.262.jar with timestamp 1780590352395
26/06/04 16:25:53 INFO Utils: Fetching spark://host.containers.internal:40409/jars/com.amazonaws_aws-java-sdk-bundle-1.12.262.jar to /tmp/spark-0c7e6c41-5dc0-4f33-b1e0-14fa5abf85c2/userFiles-02bab700-d7e9-4d40-9659-2e6a5a8be079/fetchFileTemp9560141505781768637.tmp
26/06/04 16:25:55 INFO Utils: /tmp/spark-0c7e6c41-5dc0-4f33-b1e0-14fa5abf85c2/userFiles-02bab700-d7e9-4d40-9659-2e6a5a8be079/fetchFileTemp9560141505781768637.tmp has been previously copied to /tmp/spark-0c7e6c41-5dc0-4f33-b1e0-14fa5abf85c2/userFiles-02bab700-d7e9-4d40-9659-2e6a5a8be079/com.amazonaws_aws-java-sdk-bundle-1.12.262.jar
26/06/04 16:25:55 INFO Executor: Adding file:/tmp/spark-0c7e6c41-5dc0-4f33-b1e0-14fa5abf85c2/userFiles-02bab700-d7e9-4d40-9659-2e6a5a8be079/com.amazonaws_aws-java-sdk-bundle-1.12.262.jar to class loader default
26/06/04 16:25:55 INFO Utils: Successfully started service 'org.apache.spark.network.netty.NettyBlockTransferService' on port 42389.
26/06/04 16:25:55 INFO NettyBlockTransferService: Server created on host.containers.internal:42389
26/06/04 16:25:55 INFO BlockManager: Using org.apache.spark.storage.RandomBlockReplicationPolicy for block replication policy
26/06/04 16:25:55 INFO BlockManagerMaster: Registering BlockManager BlockManagerId(driver, host.containers.internal, 42389, None)
26/06/04 16:25:55 INFO BlockManagerMasterEndpoint: Registering block manager host.containers.internal:42389 with 434.4 MiB RAM, BlockManagerId(driver, host.containers.internal, 42389, None)
26/06/04 16:25:56 INFO BlockManagerMaster: Registered BlockManager BlockManagerId(driver, host.containers.internal, 42389, None)
26/06/04 16:25:56 INFO BlockManager: Initialized BlockManager: BlockManagerId(driver, host.containers.internal, 42389, None)
26/06/04 16:25:56 INFO SingleEventLogFileWriter: Logging events to file:/.tmp/spark-logs/local-1780590353430.inprogress
2026-06-04 16:25:57.147 | INFO     | utils:build_spark_session:101 - Spark version: 3.5.6
2026-06-04 16:25:57.147 | INFO     | __main__:transform_dim_patient:66 - Building dim_patient...
26/06/04 16:25:59 WARN MetricsConfig: Cannot locate configuration: tried hadoop-metrics2-s3a-file-system.properties,hadoop-metrics2.properties
26/06/04 16:26:06 WARN SparkStringUtils: Truncated the string representation of a plan since it was too large. This behavior can be adjusted by setting 'spark.sql.debug.maxToStringFields'.
2026-06-04 16:26:21.984 | INFO     | __main__:transform_dim_ward:88 - Building dim_ward...
2026-06-04 16:26:27.426 | INFO     | __main__:transform_dim_event_type:107 - Building dim_event_type...
2026-06-04 16:26:32.508 | INFO     | __main__:transform_dim_vital:145 - Building dim_vital...
2026-06-04 16:26:36.108 | INFO     | __main__:transform_dim_lab:152 - Building dim_lab...
2026-06-04 16:26:38.952 | INFO     | __main__:transform_dim_medication:159 - Building dim_medication...
2026-06-04 16:26:41.894 | INFO     | __main__:transform_dim_diagnosis:170 - Building dim_diagnosis...
2026-06-04 16:26:44.584 | INFO     | __main__:transform_fact_visit:182 - Building fact_visit...
2026-06-04 16:27:16.561 | INFO     | __main__:transform_fact_clinical_event:207 - Building fact_clinical_event...
2026-06-04 16:28:14.555 | INFO     | __main__:transform_obt:247 - Building obt_clinical_events...
2026-06-04 16:29:19.355 | INFO     | __main__:main:325 - ============================================================
2026-06-04 16:29:19.355 | INFO     | __main__:main:326 - Gold table row counts:
2026-06-04 16:29:19.355 | INFO     | __main__:main:328 -   dim_patient              :     10,000 rows
2026-06-04 16:29:19.355 | INFO     | __main__:main:328 -   dim_ward                 :          4 rows
2026-06-04 16:29:19.355 | INFO     | __main__:main:328 -   dim_event_type           :         17 rows
2026-06-04 16:29:19.355 | INFO     | __main__:main:328 -   dim_vital                :          5 rows
2026-06-04 16:29:19.355 | INFO     | __main__:main:328 -   dim_lab                  :          4 rows
2026-06-04 16:29:19.355 | INFO     | __main__:main:328 -   dim_medication           :          4 rows
2026-06-04 16:29:19.355 | INFO     | __main__:main:328 -   dim_diagnosis            :          4 rows
2026-06-04 16:29:19.355 | INFO     | __main__:main:328 -   fact_visit               :     50,000 rows
2026-06-04 16:29:19.355 | INFO     | __main__:main:328 -   fact_clinical_event      :    150,000 rows
2026-06-04 16:29:19.355 | INFO     | __main__:main:328 -   obt_clinical_events      :    150,000 rows
2026-06-04 16:29:19.355 | INFO     | utils:register_tables_in_trino:133 - Registering tables in Trino under delta.gold ...
2026-06-04 16:29:19.424 | INFO     | utils:register_tables_in_trino:146 -   delta.gold schema ensured.
2026-06-04 16:29:19.424 | INFO     | utils:register_tables_in_trino:149 -   Registering delta.gold.dim_patient ...
2026-06-04 16:29:19.575 | INFO     | utils:register_tables_in_trino:149 -   Registering delta.gold.dim_ward ...
2026-06-04 16:29:19.680 | INFO     | utils:register_tables_in_trino:149 -   Registering delta.gold.dim_event_type ...
2026-06-04 16:29:19.786 | INFO     | utils:register_tables_in_trino:149 -   Registering delta.gold.dim_vital ...
2026-06-04 16:29:19.894 | INFO     | utils:register_tables_in_trino:149 -   Registering delta.gold.dim_lab ...
2026-06-04 16:29:19.999 | INFO     | utils:register_tables_in_trino:149 -   Registering delta.gold.dim_medication ...
2026-06-04 16:29:20.116 | INFO     | utils:register_tables_in_trino:149 -   Registering delta.gold.dim_diagnosis ...
2026-06-04 16:29:20.233 | INFO     | utils:register_tables_in_trino:149 -   Registering delta.gold.fact_visit ...
2026-06-04 16:29:20.352 | INFO     | utils:register_tables_in_trino:149 -   Registering delta.gold.fact_clinical_event ...
2026-06-04 16:29:20.489 | INFO     | utils:register_tables_in_trino:149 -   Registering delta.gold.obt_clinical_events ...
2026-06-04 16:29:20.623 | INFO     | utils:register_tables_in_trino:161 -   All tables registered in Trino under delta.gold.
2026-06-04 16:29:21.005 | INFO     | __main__:main:337 - ============================================================
2026-06-04 16:29:21.006 | INFO     | __main__:main:338 - Gold transformation complete. run_id=20260604_162552, elapsed=208.7s
2026-06-04 16:29:21.006 | INFO     | __main__:main:339 - ============================================================
[2026-06-04T16:29:21.340+0000] {logging_mixin.py:190} WARNING - 2026-06-04 16:25:46.045 | INFO     | utils:run_with_spark_submit:179 - Script was not started with spark-submit. Submitting job to cluster via subprocess...
2026-06-04 16:25:46.045 | INFO     | utils:run_with_spark_submit:189 - Running command: spark-submit --master local[*] --packages io.delta:delta-spark_2.12:3.3.0,org.apache.hadoop:hadoop-aws:3.3.4,com.amazonaws:aws-java-sdk-bundle:1.12.262 /opt/***/scripts/4_transform_to_gold.py
[2026-06-04T16:29:21.761+0000] {logging_mixin.py:190} INFO - [datahub] Emitted batch step: gold_transform
[2026-06-04T16:29:21.778+0000] {logging_mixin.py:190} INFO - [run-meta] gold_transform → SUCCESS  run_id=33e66c13-ec0c-4e1a-9f96-d6fdd1ccc4bd
[2026-06-04T16:29:21.782+0000] {python.py:240} INFO - Done. Returned value was: None
[2026-06-04T16:29:21.798+0000] {taskinstance.py:340} INFO - ::group::Post task execution logs
[2026-06-04T16:29:21.802+0000] {taskinstance.py:352} INFO - Marking task as SUCCESS. dag_id=ehr_data_pipeline, task_id=gold_transform, run_id=manual__2026-06-04T16:21:14.038551+00:00, execution_date=20260604T162114, start_date=20260604T162544, end_date=20260604T162921
[2026-06-04T16:29:21.854+0000] {local_task_job_runner.py:266} INFO - Task exited with return code 0
[2026-06-04T16:29:21.894+0000] {taskinstance.py:3900} INFO - 1 downstream tasks scheduled from follow-on schedule check
[2026-06-04T16:29:21.907+0000] {local_task_job_runner.py:245} INFO - ::endgroup::
