[2026-06-04T16:25:00.575+0000] {local_task_job_runner.py:123} INFO - ::group::Pre task execution logs
[2026-06-04T16:25:00.641+0000] {taskinstance.py:2612} INFO - Dependencies all met for dep_context=non-requeueable deps ti=<TaskInstance: datahub_metadata_ingestion.ingest_kafka scheduled__2026-06-04T16:20:00+00:00 [queued]>
[2026-06-04T16:25:00.661+0000] {taskinstance.py:2612} INFO - Dependencies all met for dep_context=requeueable deps ti=<TaskInstance: datahub_metadata_ingestion.ingest_kafka scheduled__2026-06-04T16:20:00+00:00 [queued]>
[2026-06-04T16:25:00.665+0000] {taskinstance.py:2865} INFO - Starting attempt 1 of 1
[2026-06-04T16:25:00.701+0000] {taskinstance.py:2888} INFO - Executing <Task(PythonOperator): ingest_kafka> on 2026-06-04 16:20:00+00:00
[2026-06-04T16:25:00.724+0000] {logging_mixin.py:190} WARNING - /home/***/.local/lib/python3.12/site-packages/***/task/task_runner/standard_task_runner.py:70 DeprecationWarning: This process (pid=5361) is multi-threaded, use of fork() may lead to deadlocks in the child.
[2026-06-04T16:25:00.737+0000] {standard_task_runner.py:72} INFO - Started process 5367 to run task
[2026-06-04T16:25:00.727+0000] {standard_task_runner.py:104} INFO - Running: ['***', 'tasks', 'run', 'datahub_metadata_ingestion', 'ingest_kafka', 'scheduled__2026-06-04T16:20:00+00:00', '--job-id', '80', '--raw', '--subdir', 'DAGS_FOLDER/datahub_ingestion.py', '--cfg-path', '/tmp/tmph9z40im7']
[2026-06-04T16:25:00.746+0000] {standard_task_runner.py:105} INFO - Job 80: Subtask ingest_kafka
[2026-06-04T16:25:00.865+0000] {task_command.py:467} INFO - Running <TaskInstance: datahub_metadata_ingestion.ingest_kafka scheduled__2026-06-04T16:20:00+00:00 [running]> on host g120.grove.adaptcentre.ie
[2026-06-04T16:25:01.123+0000] {taskinstance.py:3131} INFO - Exporting env vars: AIRFLOW_CTX_DAG_OWNER='***' AIRFLOW_CTX_DAG_ID='datahub_metadata_ingestion' AIRFLOW_CTX_TASK_ID='ingest_kafka' AIRFLOW_CTX_EXECUTION_DATE='2026-06-04T16:20:00+00:00' AIRFLOW_CTX_TRY_NUMBER='1' AIRFLOW_CTX_DAG_RUN_ID='scheduled__2026-06-04T16:20:00+00:00'
[2026-06-04T16:25:01.128+0000] {taskinstance.py:731} INFO - ::endgroup::
[2026-06-04T16:25:02.323+0000] {datahub_rest.py:156} WARNING - REST sink mode is ASYNC_BATCH but DATAHUB_EMIT_MODE is SYNC_PRIMARY (sync family). Overriding GMS emit mode to ASYNC.
[2026-06-04T16:25:02.363+0000] {pipeline.py:225} INFO - Sink configured successfully. DataHubRestEmitter: configured to talk to http://127.0.0.1:8088
[2026-06-04T16:25:05.613+0000] {pipeline.py:266} INFO - Source configured successfully.
[2026-06-04T16:25:06.238+0000] {kafka.py:580} INFO - Fetching config details for all topics
[2026-06-04T16:25:06.258+0000] {kafka.py:613} INFO - Config details for topic MetadataChangeEvent_v4 fetched successfully
[2026-06-04T16:25:06.262+0000] {kafka.py:613} INFO - Config details for topic patient-events fetched successfully
[2026-06-04T16:25:06.268+0000] {kafka.py:613} INFO - Config details for topic FailedMetadataChangeProposal_v1 fetched successfully
[2026-06-04T16:25:06.274+0000] {kafka.py:613} INFO - Config details for topic DataHubUpgradeHistory_v1 fetched successfully
[2026-06-04T16:25:06.278+0000] {kafka.py:613} INFO - Config details for topic PlatformEvent_v1 fetched successfully
[2026-06-04T16:25:06.281+0000] {kafka.py:613} INFO - Config details for topic _schemas fetched successfully
[2026-06-04T16:25:06.285+0000] {kafka.py:613} INFO - Config details for topic MetadataChangeLog_Timeseries_v1 fetched successfully
[2026-06-04T16:25:06.289+0000] {kafka.py:613} INFO - Config details for topic MetadataChangeProposal_v1 fetched successfully
[2026-06-04T16:25:06.293+0000] {kafka.py:613} INFO - Config details for topic MetadataChangeLog_Versioned_v1 fetched successfully
[2026-06-04T16:25:06.297+0000] {kafka.py:613} INFO - Config details for topic __consumer_offsets fetched successfully
[2026-06-04T16:25:06.300+0000] {kafka.py:613} INFO - Config details for topic DataHubUsageEvent_v1 fetched successfully
[2026-06-04T16:25:06.304+0000] {confluent_schema_registry.py:276} WARNING - Unable to find a matching subject name for the topic in the schema registry: The topic value is either schema-less, or no messages have been written to the topic yet. If this is unexpected, check the topic_subject_map and topic_naming related configs. => MetadataChangeEvent_v4
[2026-06-04T16:25:06.311+0000] {confluent_schema_registry.py:276} WARNING - Unable to find a matching subject name for the topic in the schema registry: The topic value is either schema-less, or no messages have been written to the topic yet. If this is unexpected, check the topic_subject_map and topic_naming related configs. => patient-events
[2026-06-04T16:25:06.338+0000] {confluent_schema_registry.py:276} WARNING - Unable to find a matching subject name for the topic in the schema registry: The topic value is either schema-less, or no messages have been written to the topic yet. If this is unexpected, check the topic_subject_map and topic_naming related configs. => FailedMetadataChangeProposal_v1
[2026-06-04T16:25:06.344+0000] {confluent_schema_registry.py:276} WARNING - Unable to find a matching subject name for the topic in the schema registry: The topic value is either schema-less, or no messages have been written to the topic yet. If this is unexpected, check the topic_subject_map and topic_naming related configs. => DataHubUpgradeHistory_v1
[2026-06-04T16:25:06.629+0000] {confluent_schema_registry.py:276} WARNING - Unable to find a matching subject name for the topic in the schema registry: The topic value is either schema-less, or no messages have been written to the topic yet. If this is unexpected, check the topic_subject_map and topic_naming related configs. => DataHubUsageEvent_v1
[2026-06-04T16:25:07.497+0000] {python.py:240} INFO - Done. Returned value was: None
[2026-06-04T16:25:07.532+0000] {taskinstance.py:340} INFO - ::group::Post task execution logs
[2026-06-04T16:25:07.537+0000] {taskinstance.py:352} INFO - Marking task as SUCCESS. dag_id=datahub_metadata_ingestion, task_id=ingest_kafka, run_id=scheduled__2026-06-04T16:20:00+00:00, execution_date=20260604T162000, start_date=20260604T162500, end_date=20260604T162507
[2026-06-04T16:25:07.642+0000] {local_task_job_runner.py:266} INFO - Task exited with return code 0
[2026-06-04T16:25:07.702+0000] {local_task_job_runner.py:245} INFO - ::endgroup::
