[2026-06-04T15:13:49.314+0000] {local_task_job_runner.py:123} INFO - ::group::Pre task execution logs
[2026-06-04T15:13:49.332+0000] {taskinstance.py:2612} INFO - Dependencies all met for dep_context=non-requeueable deps ti=<TaskInstance: ehr_data_pipeline.silver_transform manual__2026-06-04T15:13:39.889520+00:00 [queued]>
[2026-06-04T15:13:49.339+0000] {taskinstance.py:2612} INFO - Dependencies all met for dep_context=requeueable deps ti=<TaskInstance: ehr_data_pipeline.silver_transform manual__2026-06-04T15:13:39.889520+00:00 [queued]>
[2026-06-04T15:13:49.339+0000] {taskinstance.py:2865} INFO - Starting attempt 1 of 1
[2026-06-04T15:13:49.353+0000] {taskinstance.py:2888} INFO - Executing <Task(PythonOperator): silver_transform> on 2026-06-04 15:13:39.889520+00:00
[2026-06-04T15:13:49.360+0000] {standard_task_runner.py:104} INFO - Running: ['***', 'tasks', 'run', 'ehr_data_pipeline', 'silver_transform', 'manual__2026-06-04T15:13:39.889520+00:00', '--job-id', '60', '--raw', '--subdir', 'DAGS_FOLDER/ehr_data_pipeline.py', '--cfg-path', '/tmp/tmpqj52nojv']
[2026-06-04T15:13:49.362+0000] {standard_task_runner.py:105} INFO - Job 60: Subtask silver_transform
[2026-06-04T15:13:49.363+0000] {logging_mixin.py:190} WARNING - /home/***/.local/lib/python3.12/site-packages/***/task/task_runner/standard_task_runner.py:70 DeprecationWarning: This process (pid=355) is multi-threaded, use of fork() may lead to deadlocks in the child.
[2026-06-04T15:13:49.363+0000] {standard_task_runner.py:72} INFO - Started process 356 to run task
[2026-06-04T15:13:49.399+0000] {task_command.py:467} INFO - Running <TaskInstance: ehr_data_pipeline.silver_transform manual__2026-06-04T15:13:39.889520+00:00 [running]> on host g120.grove.adaptcentre.ie
[2026-06-04T15:13:49.463+0000] {taskinstance.py:3131} INFO - Exporting env vars: AIRFLOW_CTX_DAG_OWNER='***' AIRFLOW_CTX_DAG_ID='ehr_data_pipeline' AIRFLOW_CTX_TASK_ID='silver_transform' AIRFLOW_CTX_EXECUTION_DATE='2026-06-04T15:13:39.889520+00:00' AIRFLOW_CTX_TRY_NUMBER='1' AIRFLOW_CTX_DAG_RUN_ID='manual__2026-06-04T15:13:39.889520+00:00'
[2026-06-04T15:13:49.464+0000] {taskinstance.py:731} INFO - ::endgroup::
[2026-06-04T15:16:33.127+0000] {logging_mixin.py:190} INFO - :: loading settings :: url = jar:file:/home/***/.local/lib/python3.12/site-packages/pyspark/jars/ivy-2.5.1.jar!/org/apache/ivy/core/settings/ivysettings.xml
Ivy Default Cache set to: /home/***/.ivy2/cache
The jars for the packages stored in: /home/***/.ivy2/jars
io.delta#delta-spark_2.12 added as a dependency
org.apache.hadoop#hadoop-aws added as a dependency
com.amazonaws#aws-java-sdk-bundle added as a dependency
:: resolving dependencies :: org.apache.spark#spark-submit-parent-0c6c9ad5-8589-4c7b-a674-be917446cec7;1.0
	confs: [default]
	found io.delta#delta-spark_2.12;3.3.0 in central
	found io.delta#delta-storage;3.3.0 in central
	found org.antlr#antlr4-runtime;4.9.3 in central
	found org.apache.hadoop#hadoop-aws;3.3.4 in central
	found com.amazonaws#aws-java-sdk-bundle;1.12.262 in central
	found org.wildfly.openssl#wildfly-openssl;1.0.7.Final in central
downloading https://repo1.maven.org/maven2/io/delta/delta-spark_2.12/3.3.0/delta-spark_2.12-3.3.0.jar ...
	[SUCCESSFUL ] io.delta#delta-spark_2.12;3.3.0!delta-spark_2.12.jar (239ms)
downloading https://repo1.maven.org/maven2/org/apache/hadoop/hadoop-aws/3.3.4/hadoop-aws-3.3.4.jar ...
	[SUCCESSFUL ] org.apache.hadoop#hadoop-aws;3.3.4!hadoop-aws.jar (49ms)
downloading https://repo1.maven.org/maven2/com/amazonaws/aws-java-sdk-bundle/1.12.262/aws-java-sdk-bundle-1.12.262.jar ...
	[SUCCESSFUL ] com.amazonaws#aws-java-sdk-bundle;1.12.262!aws-java-sdk-bundle.jar (2772ms)
downloading https://repo1.maven.org/maven2/io/delta/delta-storage/3.3.0/delta-storage-3.3.0.jar ...
	[SUCCESSFUL ] io.delta#delta-storage;3.3.0!delta-storage.jar (29ms)
downloading https://repo1.maven.org/maven2/org/antlr/antlr4-runtime/4.9.3/antlr4-runtime-4.9.3.jar ...
	[SUCCESSFUL ] org.antlr#antlr4-runtime;4.9.3!antlr4-runtime.jar (28ms)
downloading https://repo1.maven.org/maven2/org/wildfly/openssl/wildfly-openssl/1.0.7.Final/wildfly-openssl-1.0.7.Final.jar ...
	[SUCCESSFUL ] org.wildfly.openssl#wildfly-openssl;1.0.7.Final!wildfly-openssl.jar (28ms)
:: resolution report :: resolve 4094ms :: artifacts dl 3158ms
	:: modules in use:
	com.amazonaws#aws-java-sdk-bundle;1.12.262 from central in [default]
	io.delta#delta-spark_2.12;3.3.0 from central in [default]
	io.delta#delta-storage;3.3.0 from central in [default]
	org.antlr#antlr4-runtime;4.9.3 from central in [default]
	org.apache.hadoop#hadoop-aws;3.3.4 from central in [default]
	org.wildfly.openssl#wildfly-openssl;1.0.7.Final from central in [default]
	---------------------------------------------------------------------
	|                  |            modules            ||   artifacts   |
	|       conf       | number| search|dwnlded|evicted|| number|dwnlded|
	---------------------------------------------------------------------
	|      default     |   6   |   6   |   6   |   0   ||   6   |   6   |
	---------------------------------------------------------------------
:: retrieving :: org.apache.spark#spark-submit-parent-0c6c9ad5-8589-4c7b-a674-be917446cec7
	confs: [default]
	6 artifacts copied, 0 already retrieved (282735kB/430ms)
26/06/04 15:13:59 WARN NativeCodeLoader: Unable to load native-hadoop library for your platform... using builtin-java classes where applicable
/opt/***/scripts/3_transform_to_silver.py:297: DeprecationWarning: datetime.datetime.utcnow() is deprecated and scheduled for removal in a future version. Use timezone-aware objects to represent datetimes in UTC: datetime.datetime.now(datetime.UTC).
  run_id    = datetime.utcnow().strftime("%Y%m%d_%H%M%S")
2026-06-04 15:14:00.475 | INFO     | __main__:main:299 - ============================================================
2026-06-04 15:14:00.475 | INFO     | __main__:main:300 - EHR SILVER TRANSFORMATION — run_id=20260604_151400
2026-06-04 15:14:00.475 | INFO     | __main__:main:301 - ============================================================
2026-06-04 15:14:00.475 | INFO     | utils:build_spark_session:69 - Connecting to Spark cluster: local[*] for EHR-Silver-Transformation
26/06/04 15:14:00 INFO SparkContext: Running Spark version 3.5.6
26/06/04 15:14:00 INFO SparkContext: OS info Linux, 5.10.0-42-amd64, amd64
26/06/04 15:14:00 INFO SparkContext: Java version 17.0.11
26/06/04 15:14:00 INFO ResourceUtils: ==============================================================
26/06/04 15:14:00 INFO ResourceUtils: No custom resources configured for spark.driver.
26/06/04 15:14:00 INFO ResourceUtils: ==============================================================
26/06/04 15:14:00 INFO SparkContext: Submitted application: EHR-Silver-Transformation
26/06/04 15:14:00 INFO ResourceProfile: Default ResourceProfile created, executor resources: Map(cores -> name: cores, amount: 2, script: , vendor: , memory -> name: memory, amount: 16384, script: , vendor: , offHeap -> name: offHeap, amount: 0, script: , vendor: ), task resources: Map(cpus -> name: cpus, amount: 1.0)
26/06/04 15:14:00 INFO ResourceProfile: Limiting resource is cpus at 2 tasks per executor
26/06/04 15:14:00 INFO ResourceProfileManager: Added ResourceProfile id: 0
26/06/04 15:14:00 INFO SecurityManager: Changing view acls to: ***
26/06/04 15:14:00 INFO SecurityManager: Changing modify acls to: ***
26/06/04 15:14:00 INFO SecurityManager: Changing view acls groups to: 
26/06/04 15:14:00 INFO SecurityManager: Changing modify acls groups to: 
26/06/04 15:14:00 INFO SecurityManager: SecurityManager: authentication disabled; ui acls disabled; users with view permissions: ***; groups with view permissions: EMPTY; users with modify permissions: ***; groups with modify permissions: EMPTY
26/06/04 15:14:00 INFO Utils: Successfully started service 'sparkDriver' on port 45603.
26/06/04 15:14:00 INFO SparkEnv: Registering MapOutputTracker
26/06/04 15:14:01 INFO SparkEnv: Registering BlockManagerMaster
26/06/04 15:14:01 INFO BlockManagerMasterEndpoint: Using org.apache.spark.storage.DefaultTopologyMapper for getting topology information
26/06/04 15:14:01 INFO BlockManagerMasterEndpoint: BlockManagerMasterEndpoint up
26/06/04 15:14:01 INFO SparkEnv: Registering BlockManagerMasterHeartbeat
26/06/04 15:14:01 INFO DiskBlockManager: Created local directory at /tmp/blockmgr-2301a428-1ef4-43e3-afe5-176184ce632a
26/06/04 15:14:01 INFO MemoryStore: MemoryStore started with capacity 434.4 MiB
26/06/04 15:14:01 INFO SparkEnv: Registering OutputCommitCoordinator
26/06/04 15:14:01 INFO JettyUtils: Start Jetty 0.0.0.0:4040 for SparkUI
26/06/04 15:14:01 INFO Utils: Successfully started service 'SparkUI' on port 4040.
26/06/04 15:14:01 INFO SparkContext: Added JAR file:///home/***/.ivy2/jars/io.delta_delta-spark_2.12-3.3.0.jar at spark://host.containers.internal:45603/jars/io.delta_delta-spark_2.12-3.3.0.jar with timestamp 1780586040604
26/06/04 15:14:01 INFO SparkContext: Added JAR file:///home/***/.ivy2/jars/org.apache.hadoop_hadoop-aws-3.3.4.jar at spark://host.containers.internal:45603/jars/org.apache.hadoop_hadoop-aws-3.3.4.jar with timestamp 1780586040604
26/06/04 15:14:01 INFO SparkContext: Added JAR file:///home/***/.ivy2/jars/com.amazonaws_aws-java-sdk-bundle-1.12.262.jar at spark://host.containers.internal:45603/jars/com.amazonaws_aws-java-sdk-bundle-1.12.262.jar with timestamp 1780586040604
26/06/04 15:14:01 INFO SparkContext: Added JAR file:///home/***/.ivy2/jars/io.delta_delta-storage-3.3.0.jar at spark://host.containers.internal:45603/jars/io.delta_delta-storage-3.3.0.jar with timestamp 1780586040604
26/06/04 15:14:01 INFO SparkContext: Added JAR file:///home/***/.ivy2/jars/org.antlr_antlr4-runtime-4.9.3.jar at spark://host.containers.internal:45603/jars/org.antlr_antlr4-runtime-4.9.3.jar with timestamp 1780586040604
26/06/04 15:14:01 INFO SparkContext: Added JAR file:///home/***/.ivy2/jars/org.wildfly.openssl_wildfly-openssl-1.0.7.Final.jar at spark://host.containers.internal:45603/jars/org.wildfly.openssl_wildfly-openssl-1.0.7.Final.jar with timestamp 1780586040604
26/06/04 15:14:01 INFO SparkContext: Added file file:///home/***/.ivy2/jars/io.delta_delta-spark_2.12-3.3.0.jar at file:///home/***/.ivy2/jars/io.delta_delta-spark_2.12-3.3.0.jar with timestamp 1780586040604
26/06/04 15:14:01 INFO Utils: Copying /home/***/.ivy2/jars/io.delta_delta-spark_2.12-3.3.0.jar to /tmp/spark-dc9817f9-fc19-46cf-b460-8d8c906a3a16/userFiles-fb794bad-cf4e-4729-8e7d-091afd7a68ce/io.delta_delta-spark_2.12-3.3.0.jar
26/06/04 15:14:01 INFO SparkContext: Added file file:///home/***/.ivy2/jars/org.apache.hadoop_hadoop-aws-3.3.4.jar at file:///home/***/.ivy2/jars/org.apache.hadoop_hadoop-aws-3.3.4.jar with timestamp 1780586040604
26/06/04 15:14:01 INFO Utils: Copying /home/***/.ivy2/jars/org.apache.hadoop_hadoop-aws-3.3.4.jar to /tmp/spark-dc9817f9-fc19-46cf-b460-8d8c906a3a16/userFiles-fb794bad-cf4e-4729-8e7d-091afd7a68ce/org.apache.hadoop_hadoop-aws-3.3.4.jar
26/06/04 15:14:01 INFO SparkContext: Added file file:///home/***/.ivy2/jars/com.amazonaws_aws-java-sdk-bundle-1.12.262.jar at file:///home/***/.ivy2/jars/com.amazonaws_aws-java-sdk-bundle-1.12.262.jar with timestamp 1780586040604
26/06/04 15:14:01 INFO Utils: Copying /home/***/.ivy2/jars/com.amazonaws_aws-java-sdk-bundle-1.12.262.jar to /tmp/spark-dc9817f9-fc19-46cf-b460-8d8c906a3a16/userFiles-fb794bad-cf4e-4729-8e7d-091afd7a68ce/com.amazonaws_aws-java-sdk-bundle-1.12.262.jar
26/06/04 15:14:01 INFO SparkContext: Added file file:///home/***/.ivy2/jars/io.delta_delta-storage-3.3.0.jar at file:///home/***/.ivy2/jars/io.delta_delta-storage-3.3.0.jar with timestamp 1780586040604
26/06/04 15:14:01 INFO Utils: Copying /home/***/.ivy2/jars/io.delta_delta-storage-3.3.0.jar to /tmp/spark-dc9817f9-fc19-46cf-b460-8d8c906a3a16/userFiles-fb794bad-cf4e-4729-8e7d-091afd7a68ce/io.delta_delta-storage-3.3.0.jar
26/06/04 15:14:01 INFO SparkContext: Added file file:///home/***/.ivy2/jars/org.antlr_antlr4-runtime-4.9.3.jar at file:///home/***/.ivy2/jars/org.antlr_antlr4-runtime-4.9.3.jar with timestamp 1780586040604
26/06/04 15:14:01 INFO Utils: Copying /home/***/.ivy2/jars/org.antlr_antlr4-runtime-4.9.3.jar to /tmp/spark-dc9817f9-fc19-46cf-b460-8d8c906a3a16/userFiles-fb794bad-cf4e-4729-8e7d-091afd7a68ce/org.antlr_antlr4-runtime-4.9.3.jar
26/06/04 15:14:01 INFO SparkContext: Added file file:///home/***/.ivy2/jars/org.wildfly.openssl_wildfly-openssl-1.0.7.Final.jar at file:///home/***/.ivy2/jars/org.wildfly.openssl_wildfly-openssl-1.0.7.Final.jar with timestamp 1780586040604
26/06/04 15:14:01 INFO Utils: Copying /home/***/.ivy2/jars/org.wildfly.openssl_wildfly-openssl-1.0.7.Final.jar to /tmp/spark-dc9817f9-fc19-46cf-b460-8d8c906a3a16/userFiles-fb794bad-cf4e-4729-8e7d-091afd7a68ce/org.wildfly.openssl_wildfly-openssl-1.0.7.Final.jar
26/06/04 15:14:01 INFO Executor: Starting executor ID driver on host host.containers.internal
26/06/04 15:14:01 INFO Executor: OS info Linux, 5.10.0-42-amd64, amd64
26/06/04 15:14:01 INFO Executor: Java version 17.0.11
26/06/04 15:14:01 INFO Executor: Starting executor with user classpath (userClassPathFirst = false): ''
26/06/04 15:14:01 INFO Executor: Created or updated repl class loader org.apache.spark.util.MutableURLClassLoader@286c4da4 for default.
26/06/04 15:14:01 INFO Executor: Fetching file:///home/***/.ivy2/jars/io.delta_delta-storage-3.3.0.jar with timestamp 1780586040604
26/06/04 15:14:01 INFO Utils: /home/***/.ivy2/jars/io.delta_delta-storage-3.3.0.jar has been previously copied to /tmp/spark-dc9817f9-fc19-46cf-b460-8d8c906a3a16/userFiles-fb794bad-cf4e-4729-8e7d-091afd7a68ce/io.delta_delta-storage-3.3.0.jar
26/06/04 15:14:01 INFO Executor: Fetching file:///home/***/.ivy2/jars/org.apache.hadoop_hadoop-aws-3.3.4.jar with timestamp 1780586040604
26/06/04 15:14:01 INFO Utils: /home/***/.ivy2/jars/org.apache.hadoop_hadoop-aws-3.3.4.jar has been previously copied to /tmp/spark-dc9817f9-fc19-46cf-b460-8d8c906a3a16/userFiles-fb794bad-cf4e-4729-8e7d-091afd7a68ce/org.apache.hadoop_hadoop-aws-3.3.4.jar
26/06/04 15:14:01 INFO Executor: Fetching file:///home/***/.ivy2/jars/io.delta_delta-spark_2.12-3.3.0.jar with timestamp 1780586040604
26/06/04 15:14:01 INFO Utils: /home/***/.ivy2/jars/io.delta_delta-spark_2.12-3.3.0.jar has been previously copied to /tmp/spark-dc9817f9-fc19-46cf-b460-8d8c906a3a16/userFiles-fb794bad-cf4e-4729-8e7d-091afd7a68ce/io.delta_delta-spark_2.12-3.3.0.jar
26/06/04 15:14:01 INFO Executor: Fetching file:///home/***/.ivy2/jars/org.antlr_antlr4-runtime-4.9.3.jar with timestamp 1780586040604
26/06/04 15:14:01 INFO Utils: /home/***/.ivy2/jars/org.antlr_antlr4-runtime-4.9.3.jar has been previously copied to /tmp/spark-dc9817f9-fc19-46cf-b460-8d8c906a3a16/userFiles-fb794bad-cf4e-4729-8e7d-091afd7a68ce/org.antlr_antlr4-runtime-4.9.3.jar
26/06/04 15:14:01 INFO Executor: Fetching file:///home/***/.ivy2/jars/org.wildfly.openssl_wildfly-openssl-1.0.7.Final.jar with timestamp 1780586040604
26/06/04 15:14:01 INFO Utils: /home/***/.ivy2/jars/org.wildfly.openssl_wildfly-openssl-1.0.7.Final.jar has been previously copied to /tmp/spark-dc9817f9-fc19-46cf-b460-8d8c906a3a16/userFiles-fb794bad-cf4e-4729-8e7d-091afd7a68ce/org.wildfly.openssl_wildfly-openssl-1.0.7.Final.jar
26/06/04 15:14:01 INFO Executor: Fetching file:///home/***/.ivy2/jars/com.amazonaws_aws-java-sdk-bundle-1.12.262.jar with timestamp 1780586040604
26/06/04 15:14:01 INFO Utils: /home/***/.ivy2/jars/com.amazonaws_aws-java-sdk-bundle-1.12.262.jar has been previously copied to /tmp/spark-dc9817f9-fc19-46cf-b460-8d8c906a3a16/userFiles-fb794bad-cf4e-4729-8e7d-091afd7a68ce/com.amazonaws_aws-java-sdk-bundle-1.12.262.jar
26/06/04 15:14:01 INFO Executor: Fetching spark://host.containers.internal:45603/jars/org.apache.hadoop_hadoop-aws-3.3.4.jar with timestamp 1780586040604
26/06/04 15:14:02 INFO TransportClientFactory: Successfully created connection to host.containers.internal/192.168.1.120:45603 after 33 ms (0 ms spent in bootstraps)
26/06/04 15:14:02 INFO Utils: Fetching spark://host.containers.internal:45603/jars/org.apache.hadoop_hadoop-aws-3.3.4.jar to /tmp/spark-dc9817f9-fc19-46cf-b460-8d8c906a3a16/userFiles-fb794bad-cf4e-4729-8e7d-091afd7a68ce/fetchFileTemp12301582614309720389.tmp
26/06/04 15:14:02 INFO Utils: /tmp/spark-dc9817f9-fc19-46cf-b460-8d8c906a3a16/userFiles-fb794bad-cf4e-4729-8e7d-091afd7a68ce/fetchFileTemp12301582614309720389.tmp has been previously copied to /tmp/spark-dc9817f9-fc19-46cf-b460-8d8c906a3a16/userFiles-fb794bad-cf4e-4729-8e7d-091afd7a68ce/org.apache.hadoop_hadoop-aws-3.3.4.jar
26/06/04 15:14:02 INFO Executor: Adding file:/tmp/spark-dc9817f9-fc19-46cf-b460-8d8c906a3a16/userFiles-fb794bad-cf4e-4729-8e7d-091afd7a68ce/org.apache.hadoop_hadoop-aws-3.3.4.jar to class loader default
26/06/04 15:14:02 INFO Executor: Fetching spark://host.containers.internal:45603/jars/com.amazonaws_aws-java-sdk-bundle-1.12.262.jar with timestamp 1780586040604
26/06/04 15:14:02 INFO Utils: Fetching spark://host.containers.internal:45603/jars/com.amazonaws_aws-java-sdk-bundle-1.12.262.jar to /tmp/spark-dc9817f9-fc19-46cf-b460-8d8c906a3a16/userFiles-fb794bad-cf4e-4729-8e7d-091afd7a68ce/fetchFileTemp15011896519086972792.tmp
26/06/04 15:14:03 INFO Utils: /tmp/spark-dc9817f9-fc19-46cf-b460-8d8c906a3a16/userFiles-fb794bad-cf4e-4729-8e7d-091afd7a68ce/fetchFileTemp15011896519086972792.tmp has been previously copied to /tmp/spark-dc9817f9-fc19-46cf-b460-8d8c906a3a16/userFiles-fb794bad-cf4e-4729-8e7d-091afd7a68ce/com.amazonaws_aws-java-sdk-bundle-1.12.262.jar
26/06/04 15:14:03 INFO Executor: Adding file:/tmp/spark-dc9817f9-fc19-46cf-b460-8d8c906a3a16/userFiles-fb794bad-cf4e-4729-8e7d-091afd7a68ce/com.amazonaws_aws-java-sdk-bundle-1.12.262.jar to class loader default
26/06/04 15:14:03 INFO Executor: Fetching spark://host.containers.internal:45603/jars/io.delta_delta-spark_2.12-3.3.0.jar with timestamp 1780586040604
26/06/04 15:14:03 INFO Utils: Fetching spark://host.containers.internal:45603/jars/io.delta_delta-spark_2.12-3.3.0.jar to /tmp/spark-dc9817f9-fc19-46cf-b460-8d8c906a3a16/userFiles-fb794bad-cf4e-4729-8e7d-091afd7a68ce/fetchFileTemp6154455779447335255.tmp
26/06/04 15:14:03 INFO Utils: /tmp/spark-dc9817f9-fc19-46cf-b460-8d8c906a3a16/userFiles-fb794bad-cf4e-4729-8e7d-091afd7a68ce/fetchFileTemp6154455779447335255.tmp has been previously copied to /tmp/spark-dc9817f9-fc19-46cf-b460-8d8c906a3a16/userFiles-fb794bad-cf4e-4729-8e7d-091afd7a68ce/io.delta_delta-spark_2.12-3.3.0.jar
26/06/04 15:14:03 INFO Executor: Adding file:/tmp/spark-dc9817f9-fc19-46cf-b460-8d8c906a3a16/userFiles-fb794bad-cf4e-4729-8e7d-091afd7a68ce/io.delta_delta-spark_2.12-3.3.0.jar to class loader default
26/06/04 15:14:03 INFO Executor: Fetching spark://host.containers.internal:45603/jars/org.wildfly.openssl_wildfly-openssl-1.0.7.Final.jar with timestamp 1780586040604
26/06/04 15:14:03 INFO Utils: Fetching spark://host.containers.internal:45603/jars/org.wildfly.openssl_wildfly-openssl-1.0.7.Final.jar to /tmp/spark-dc9817f9-fc19-46cf-b460-8d8c906a3a16/userFiles-fb794bad-cf4e-4729-8e7d-091afd7a68ce/fetchFileTemp14934758571553295613.tmp
26/06/04 15:14:03 INFO Utils: /tmp/spark-dc9817f9-fc19-46cf-b460-8d8c906a3a16/userFiles-fb794bad-cf4e-4729-8e7d-091afd7a68ce/fetchFileTemp14934758571553295613.tmp has been previously copied to /tmp/spark-dc9817f9-fc19-46cf-b460-8d8c906a3a16/userFiles-fb794bad-cf4e-4729-8e7d-091afd7a68ce/org.wildfly.openssl_wildfly-openssl-1.0.7.Final.jar
26/06/04 15:14:03 INFO Executor: Adding file:/tmp/spark-dc9817f9-fc19-46cf-b460-8d8c906a3a16/userFiles-fb794bad-cf4e-4729-8e7d-091afd7a68ce/org.wildfly.openssl_wildfly-openssl-1.0.7.Final.jar to class loader default
26/06/04 15:14:03 INFO Executor: Fetching spark://host.containers.internal:45603/jars/org.antlr_antlr4-runtime-4.9.3.jar with timestamp 1780586040604
26/06/04 15:14:03 INFO Utils: Fetching spark://host.containers.internal:45603/jars/org.antlr_antlr4-runtime-4.9.3.jar to /tmp/spark-dc9817f9-fc19-46cf-b460-8d8c906a3a16/userFiles-fb794bad-cf4e-4729-8e7d-091afd7a68ce/fetchFileTemp1826320402812564253.tmp
26/06/04 15:14:03 INFO Utils: /tmp/spark-dc9817f9-fc19-46cf-b460-8d8c906a3a16/userFiles-fb794bad-cf4e-4729-8e7d-091afd7a68ce/fetchFileTemp1826320402812564253.tmp has been previously copied to /tmp/spark-dc9817f9-fc19-46cf-b460-8d8c906a3a16/userFiles-fb794bad-cf4e-4729-8e7d-091afd7a68ce/org.antlr_antlr4-runtime-4.9.3.jar
26/06/04 15:14:03 INFO Executor: Adding file:/tmp/spark-dc9817f9-fc19-46cf-b460-8d8c906a3a16/userFiles-fb794bad-cf4e-4729-8e7d-091afd7a68ce/org.antlr_antlr4-runtime-4.9.3.jar to class loader default
26/06/04 15:14:03 INFO Executor: Fetching spark://host.containers.internal:45603/jars/io.delta_delta-storage-3.3.0.jar with timestamp 1780586040604
26/06/04 15:14:03 INFO Utils: Fetching spark://host.containers.internal:45603/jars/io.delta_delta-storage-3.3.0.jar to /tmp/spark-dc9817f9-fc19-46cf-b460-8d8c906a3a16/userFiles-fb794bad-cf4e-4729-8e7d-091afd7a68ce/fetchFileTemp12787162455373792213.tmp
26/06/04 15:14:03 INFO Utils: /tmp/spark-dc9817f9-fc19-46cf-b460-8d8c906a3a16/userFiles-fb794bad-cf4e-4729-8e7d-091afd7a68ce/fetchFileTemp12787162455373792213.tmp has been previously copied to /tmp/spark-dc9817f9-fc19-46cf-b460-8d8c906a3a16/userFiles-fb794bad-cf4e-4729-8e7d-091afd7a68ce/io.delta_delta-storage-3.3.0.jar
26/06/04 15:14:03 INFO Executor: Adding file:/tmp/spark-dc9817f9-fc19-46cf-b460-8d8c906a3a16/userFiles-fb794bad-cf4e-4729-8e7d-091afd7a68ce/io.delta_delta-storage-3.3.0.jar to class loader default
26/06/04 15:14:03 INFO Utils: Successfully started service 'org.apache.spark.network.netty.NettyBlockTransferService' on port 36425.
26/06/04 15:14:03 INFO NettyBlockTransferService: Server created on host.containers.internal:36425
26/06/04 15:14:03 INFO BlockManager: Using org.apache.spark.storage.RandomBlockReplicationPolicy for block replication policy
26/06/04 15:14:03 INFO BlockManagerMaster: Registering BlockManager BlockManagerId(driver, host.containers.internal, 36425, None)
26/06/04 15:14:03 INFO BlockManagerMasterEndpoint: Registering block manager host.containers.internal:36425 with 434.4 MiB RAM, BlockManagerId(driver, host.containers.internal, 36425, None)
26/06/04 15:14:03 INFO BlockManagerMaster: Registered BlockManager BlockManagerId(driver, host.containers.internal, 36425, None)
26/06/04 15:14:03 INFO BlockManager: Initialized BlockManager: BlockManagerId(driver, host.containers.internal, 36425, None)
26/06/04 15:14:03 INFO SingleEventLogFileWriter: Logging events to file:/.tmp/spark-logs/local-1780586041748.inprogress
2026-06-04 15:14:03.950 | INFO     | utils:build_spark_session:101 - Spark version: 3.5.6
2026-06-04 15:14:03.950 | INFO     | __main__:transform_patients:77 - Transforming raw_patients → stg_patients ...
26/06/04 15:14:05 WARN MetricsConfig: Cannot locate configuration: tried hadoop-metrics2-s3a-file-system.properties,hadoop-metrics2.properties
26/06/04 15:14:11 WARN SparkStringUtils: Truncated the string representation of a plan since it was too large. This behavior can be adjusted by setting 'spark.sql.debug.maxToStringFields'.
2026-06-04 15:14:18.421 | INFO     | __main__:transform_patients:95 -   stg_patients: 10,000 → 10,000 rows (removed 0 dupes)
/home/***/.local/lib/python3.12/site-packages/sqlalchemy_redshift/commands.py:31: SyntaxWarning: invalid escape sequence '\-'
  IAM_ROLE_NAME_RE = re.compile('[A-Za-z0-9+=,.@\-_]{1,64}')  # noqa
/home/***/.local/lib/python3.12/site-packages/sqlalchemy_redshift/commands.py:33: SyntaxWarning: invalid escape sequence '\-'
  '[0-9]{12}:role/[A-Za-z0-9+=,.@\-_]{1,64}')  # noqa
2026-06-04 15:14:32.381 | INFO     | utils:run_data_assertions:287 - Running data quality assertions on stg_patients...
2026-06-04 15:14:35.147 | WARNING  | utils:run_data_assertions:370 - Failed to emit assertions to DataHub: (<avro.schema.RecordSchema object at 0x7f9cd5f2e3c0>, AssertionInfoClass({'customProperties': {}, 'externalUrl': None, 'type': 'DATASET', 'datasetAssertion': DatasetAssertionInfoClass({'dataset': 'urn:li:dataset:(urn:li:dataPlatform:trino,delta.silver.stg_patients,PROD)', 'scope': 'DATASET_COLUMN', 'fields': ['patient_id'], 'aggregation': None, 'operator': 'EQUAL', 'parameters': None, 'nativeType': None, 'nativeParameters': None, 'logic': None}), 'freshnessAssertion': None, 'volumeAssertion': None, 'sqlAssertion': None, 'fieldAssertion': None, 'schemaAssertion': None, 'customAssertion': None, 'source': None, 'lastUpdated': None, 'description': None, 'note': None}))
2026-06-04 15:14:39.556 | INFO     | __main__:transform_wards:114 - Transforming raw_wards → stg_wards ...
2026-06-04 15:14:43.024 | INFO     | __main__:transform_wards:128 -   stg_wards: 4 → 4 rows
2026-06-04 15:14:43.024 | INFO     | utils:run_data_assertions:287 - Running data quality assertions on stg_wards...
2026-06-04 15:14:44.160 | WARNING  | utils:run_data_assertions:370 - Failed to emit assertions to DataHub: (<avro.schema.RecordSchema object at 0x7f9cd5f2e3c0>, AssertionInfoClass({'customProperties': {}, 'externalUrl': None, 'type': 'DATASET', 'datasetAssertion': DatasetAssertionInfoClass({'dataset': 'urn:li:dataset:(urn:li:dataPlatform:trino,delta.silver.stg_wards,PROD)', 'scope': 'DATASET_COLUMN', 'fields': ['ward_id'], 'aggregation': None, 'operator': 'EQUAL', 'parameters': None, 'nativeType': None, 'nativeParameters': None, 'logic': None}), 'freshnessAssertion': None, 'volumeAssertion': None, 'sqlAssertion': None, 'fieldAssertion': None, 'schemaAssertion': None, 'customAssertion': None, 'source': None, 'lastUpdated': None, 'description': None, 'note': None}))
2026-06-04 15:14:46.956 | INFO     | __main__:transform_event_metadata:147 - Transforming raw_event_metadata → stg_event_metadata ...
2026-06-04 15:14:50.050 | INFO     | __main__:transform_event_metadata:159 -   stg_event_metadata: 17 → 17 rows
2026-06-04 15:14:50.050 | INFO     | utils:run_data_assertions:287 - Running data quality assertions on stg_event_metadata...
2026-06-04 15:14:51.236 | WARNING  | utils:run_data_assertions:370 - Failed to emit assertions to DataHub: (<avro.schema.RecordSchema object at 0x7f9cd5f2e3c0>, AssertionInfoClass({'customProperties': {}, 'externalUrl': None, 'type': 'DATASET', 'datasetAssertion': DatasetAssertionInfoClass({'dataset': 'urn:li:dataset:(urn:li:dataPlatform:trino,delta.silver.stg_event_metadata,PROD)', 'scope': 'DATASET_COLUMN', 'fields': ['event_type_id'], 'aggregation': None, 'operator': 'EQUAL', 'parameters': None, 'nativeType': None, 'nativeParameters': None, 'logic': None}), 'freshnessAssertion': None, 'volumeAssertion': None, 'sqlAssertion': None, 'fieldAssertion': None, 'schemaAssertion': None, 'customAssertion': None, 'source': None, 'lastUpdated': None, 'description': None, 'note': None}))
2026-06-04 15:14:53.705 | INFO     | __main__:transform_visits:186 - Transforming raw_visits → stg_visits ...
2026-06-04 15:14:56.536 | INFO     | __main__:transform_visits:219 -   stg_visits: 50,000 → 50,000 rows
2026-06-04 15:14:56.536 | INFO     | utils:run_data_assertions:287 - Running data quality assertions on stg_visits...
2026-06-04 15:14:58.303 | WARNING  | utils:run_data_assertions:370 - Failed to emit assertions to DataHub: (<avro.schema.RecordSchema object at 0x7f9cd5f2e3c0>, AssertionInfoClass({'customProperties': {}, 'externalUrl': None, 'type': 'DATASET', 'datasetAssertion': DatasetAssertionInfoClass({'dataset': 'urn:li:dataset:(urn:li:dataPlatform:trino,delta.silver.stg_visits,PROD)', 'scope': 'DATASET_COLUMN', 'fields': ['visit_id'], 'aggregation': None, 'operator': 'EQUAL', 'parameters': None, 'nativeType': None, 'nativeParameters': None, 'logic': None}), 'freshnessAssertion': None, 'volumeAssertion': None, 'sqlAssertion': None, 'fieldAssertion': None, 'schemaAssertion': None, 'customAssertion': None, 'source': None, 'lastUpdated': None, 'description': None, 'note': None}))
2026-06-04 15:15:39.410 | INFO     | __main__:transform_events:248 - Transforming raw_events → stg_events ...
2026-06-04 15:15:43.783 | INFO     | __main__:transform_events:276 -   stg_events: 153,000 → 150,000 rows
2026-06-04 15:15:43.783 | INFO     | __main__:transform_events:277 -   Duplicates removed: 3,000 (1.96%)
2026-06-04 15:15:43.783 | INFO     | __main__:transform_events:278 -   Unknown event_type rows flagged: 0
2026-06-04 15:15:43.783 | INFO     | utils:run_data_assertions:287 - Running data quality assertions on stg_events...
2026-06-04 15:15:47.186 | WARNING  | utils:run_data_assertions:370 - Failed to emit assertions to DataHub: (<avro.schema.RecordSchema object at 0x7f9cd5f2e3c0>, AssertionInfoClass({'customProperties': {}, 'externalUrl': None, 'type': 'DATASET', 'datasetAssertion': DatasetAssertionInfoClass({'dataset': 'urn:li:dataset:(urn:li:dataPlatform:trino,delta.silver.stg_events,PROD)', 'scope': 'DATASET_COLUMN', 'fields': ['event_id'], 'aggregation': None, 'operator': 'EQUAL', 'parameters': None, 'nativeType': None, 'nativeParameters': None, 'logic': None}), 'freshnessAssertion': None, 'volumeAssertion': None, 'sqlAssertion': None, 'fieldAssertion': None, 'schemaAssertion': None, 'customAssertion': None, 'source': None, 'lastUpdated': None, 'description': None, 'note': None}))
2026-06-04 15:16:27.575 | INFO     | __main__:main:314 - ============================================================
2026-06-04 15:16:27.575 | INFO     | __main__:main:315 - Silver table row counts:
2026-06-04 15:16:27.575 | INFO     | __main__:main:317 -   stg_patients             :     10,000 rows
2026-06-04 15:16:27.575 | INFO     | __main__:main:317 -   stg_wards                :          4 rows
2026-06-04 15:16:27.575 | INFO     | __main__:main:317 -   stg_event_metadata       :         17 rows
2026-06-04 15:16:27.575 | INFO     | __main__:main:317 -   stg_visits               :     50,000 rows
2026-06-04 15:16:27.575 | INFO     | __main__:main:317 -   stg_events               :    150,000 rows
2026-06-04 15:16:27.576 | INFO     | utils:register_tables_in_trino:133 - Registering tables in Trino under delta.silver ...
2026-06-04 15:16:27.590 | INFO     | utils:register_tables_in_trino:146 -   delta.silver schema ensured.
2026-06-04 15:16:27.590 | INFO     | utils:register_tables_in_trino:149 -   Registering delta.silver.stg_patients ...
2026-06-04 15:16:27.683 | INFO     | utils:register_tables_in_trino:149 -   Registering delta.silver.stg_wards ...
2026-06-04 15:16:27.770 | INFO     | utils:register_tables_in_trino:149 -   Registering delta.silver.stg_event_metadata ...
2026-06-04 15:16:27.843 | INFO     | utils:register_tables_in_trino:149 -   Registering delta.silver.stg_visits ...
2026-06-04 15:16:28.828 | INFO     | utils:register_tables_in_trino:149 -   Registering delta.silver.stg_events ...
2026-06-04 15:16:29.929 | INFO     | utils:register_tables_in_trino:161 -   All tables registered in Trino under delta.silver.
2026-06-04 15:16:30.334 | INFO     | __main__:main:326 - ============================================================
2026-06-04 15:16:30.335 | INFO     | __main__:main:327 - Silver transformation complete. run_id=20260604_151400, elapsed=149.9s
2026-06-04 15:16:30.335 | INFO     | __main__:main:328 - ============================================================
[2026-06-04T15:16:33.128+0000] {logging_mixin.py:190} WARNING - 2026-06-04 15:13:49.831 | INFO     | utils:run_with_spark_submit:179 - Script was not started with spark-submit. Submitting job to cluster via subprocess...
2026-06-04 15:13:49.831 | INFO     | utils:run_with_spark_submit:189 - Running command: spark-submit --master local[*] --packages io.delta:delta-spark_2.12:3.3.0,org.apache.hadoop:hadoop-aws:3.3.4,com.amazonaws:aws-java-sdk-bundle:1.12.262 /opt/***/scripts/3_transform_to_silver.py
[2026-06-04T15:16:33.376+0000] {logging_mixin.py:190} INFO - [datahub] Emitted batch step: silver_transform
[2026-06-04T15:16:33.391+0000] {logging_mixin.py:190} INFO - [run-meta] silver_transform → SUCCESS  run_id=afd419a3-e33c-4776-921a-ef184baa184a
[2026-06-04T15:16:33.391+0000] {python.py:240} INFO - Done. Returned value was: None
[2026-06-04T15:16:33.399+0000] {taskinstance.py:340} INFO - ::group::Post task execution logs
[2026-06-04T15:16:33.400+0000] {taskinstance.py:352} INFO - Marking task as SUCCESS. dag_id=ehr_data_pipeline, task_id=silver_transform, run_id=manual__2026-06-04T15:13:39.889520+00:00, execution_date=20260604T151339, start_date=20260604T151349, end_date=20260604T151633
[2026-06-04T15:16:33.451+0000] {local_task_job_runner.py:266} INFO - Task exited with return code 0
[2026-06-04T15:16:33.493+0000] {taskinstance.py:3900} INFO - 1 downstream tasks scheduled from follow-on schedule check
[2026-06-04T15:16:33.501+0000] {local_task_job_runner.py:245} INFO - ::endgroup::
