[2026-06-04T14:28:29.379+0000] {local_task_job_runner.py:123} INFO - ::group::Pre task execution logs
[2026-06-04T14:28:29.403+0000] {taskinstance.py:2612} INFO - Dependencies all met for dep_context=non-requeueable deps ti=<TaskInstance: ehr_data_pipeline.bronze_ingest manual__2026-06-04T14:28:28.476247+00:00 [queued]>
[2026-06-04T14:28:29.414+0000] {taskinstance.py:2612} INFO - Dependencies all met for dep_context=requeueable deps ti=<TaskInstance: ehr_data_pipeline.bronze_ingest manual__2026-06-04T14:28:28.476247+00:00 [queued]>
[2026-06-04T14:28:29.414+0000] {taskinstance.py:2865} INFO - Starting attempt 1 of 1
[2026-06-04T14:28:29.435+0000] {taskinstance.py:2888} INFO - Executing <Task(PythonOperator): bronze_ingest> on 2026-06-04 14:28:28.476247+00:00
[2026-06-04T14:28:29.445+0000] {standard_task_runner.py:104} INFO - Running: ['***', 'tasks', 'run', 'ehr_data_pipeline', 'bronze_ingest', 'manual__2026-06-04T14:28:28.476247+00:00', '--job-id', '38', '--raw', '--subdir', 'DAGS_FOLDER/ehr_data_pipeline.py', '--cfg-path', '/tmp/tmp0bjw841s']
[2026-06-04T14:28:29.447+0000] {standard_task_runner.py:105} INFO - Job 38: Subtask bronze_ingest
[2026-06-04T14:28:29.449+0000] {logging_mixin.py:190} WARNING - /home/***/.local/lib/python3.12/site-packages/***/task/task_runner/standard_task_runner.py:70 DeprecationWarning: This process (pid=2029) is multi-threaded, use of fork() may lead to deadlocks in the child.
[2026-06-04T14:28:29.449+0000] {standard_task_runner.py:72} INFO - Started process 2031 to run task
[2026-06-04T14:28:29.503+0000] {task_command.py:467} INFO - Running <TaskInstance: ehr_data_pipeline.bronze_ingest manual__2026-06-04T14:28:28.476247+00:00 [running]> on host g120.grove.adaptcentre.ie
[2026-06-04T14:28:29.609+0000] {taskinstance.py:3131} INFO - Exporting env vars: AIRFLOW_CTX_DAG_OWNER='***' AIRFLOW_CTX_DAG_ID='ehr_data_pipeline' AIRFLOW_CTX_TASK_ID='bronze_ingest' AIRFLOW_CTX_EXECUTION_DATE='2026-06-04T14:28:28.476247+00:00' AIRFLOW_CTX_TRY_NUMBER='1' AIRFLOW_CTX_DAG_RUN_ID='manual__2026-06-04T14:28:28.476247+00:00'
[2026-06-04T14:28:29.622+0000] {taskinstance.py:731} INFO - ::endgroup::
[2026-06-04T14:28:34.064+0000] {logging_mixin.py:190} WARNING - 2026-06-04 14:28:31.253 | INFO     | __main__:ingest_to_minio:50 - Initializing MinIO connection...
2026-06-04 14:28:31.259 | INFO     | __main__:ingest_to_minio:62 - MinIO bucket 'lakehouse' already exists.
2026-06-04 14:28:31.259 | INFO     | __main__:ingest_to_minio:80 - Writing raw_patients table to S3/Delta...
2026-06-04 14:28:31.500 | INFO     | __main__:ingest_to_minio:80 - Writing raw_wards table to S3/Delta...
2026-06-04 14:28:31.611 | INFO     | __main__:ingest_to_minio:80 - Writing raw_event_metadata table to S3/Delta...
2026-06-04 14:28:31.754 | INFO     | __main__:ingest_to_minio:80 - Writing raw_visits table to S3/Delta...
2026-06-04 14:28:32.034 | INFO     | __main__:ingest_to_minio:80 - Writing raw_events table to S3/Delta...
2026-06-04 14:28:32.622 | INFO     | __main__:ingest_to_minio:87 - Successfully wrote all historical EHR Delta tables to MinIO.
2026-06-04 14:28:32.631 | INFO     | utils:register_tables_in_trino:133 - Registering tables in Trino under delta.bronze ...
2026-06-04 14:28:32.672 | INFO     | utils:register_tables_in_trino:146 -   delta.bronze schema ensured.
2026-06-04 14:28:32.672 | INFO     | utils:register_tables_in_trino:149 -   Registering delta.bronze.raw_patients ...
2026-06-04 14:28:33.025 | INFO     | utils:register_tables_in_trino:149 -   Registering delta.bronze.raw_wards ...
2026-06-04 14:28:33.288 | INFO     | utils:register_tables_in_trino:149 -   Registering delta.bronze.raw_event_metadata ...
2026-06-04 14:28:33.531 | INFO     | utils:register_tables_in_trino:149 -   Registering delta.bronze.raw_visits ...
2026-06-04 14:28:33.731 | INFO     | utils:register_tables_in_trino:149 -   Registering delta.bronze.raw_events ...
2026-06-04 14:28:33.904 | INFO     | utils:register_tables_in_trino:161 -   All tables registered in Trino under delta.bronze.
2026-06-04 14:28:33.904 | INFO     | __main__:main:106 - Historical Batch Ingestion process finished.
[2026-06-04T14:28:34.280+0000] {logging_mixin.py:190} INFO - [datahub] Emitted batch step: bronze_ingest
[2026-06-04T14:28:34.293+0000] {logging_mixin.py:190} INFO - [run-meta] bronze_ingest → SUCCESS  run_id=7d6371a7-16d5-438f-80c7-30bfcc814572
[2026-06-04T14:28:34.293+0000] {python.py:240} INFO - Done. Returned value was: None
[2026-06-04T14:28:34.322+0000] {taskinstance.py:340} INFO - ::group::Post task execution logs
[2026-06-04T14:28:34.323+0000] {taskinstance.py:352} INFO - Marking task as SUCCESS. dag_id=ehr_data_pipeline, task_id=bronze_ingest, run_id=manual__2026-06-04T14:28:28.476247+00:00, execution_date=20260604T142828, start_date=20260604T142829, end_date=20260604T142834
[2026-06-04T14:28:34.359+0000] {local_task_job_runner.py:266} INFO - Task exited with return code 0
[2026-06-04T14:28:34.380+0000] {taskinstance.py:3900} INFO - 1 downstream tasks scheduled from follow-on schedule check
[2026-06-04T14:28:34.385+0000] {local_task_job_runner.py:245} INFO - ::endgroup::
