[2026-06-04T14:35:10.929+0000] {local_task_job_runner.py:123} INFO - ::group::Pre task execution logs
[2026-06-04T14:35:10.942+0000] {taskinstance.py:2612} INFO - Dependencies all met for dep_context=non-requeueable deps ti=<TaskInstance: ehr_data_pipeline.feast_materialize manual__2026-06-04T14:28:28.476247+00:00 [queued]>
[2026-06-04T14:35:10.948+0000] {taskinstance.py:2612} INFO - Dependencies all met for dep_context=requeueable deps ti=<TaskInstance: ehr_data_pipeline.feast_materialize manual__2026-06-04T14:28:28.476247+00:00 [queued]>
[2026-06-04T14:35:10.948+0000] {taskinstance.py:2865} INFO - Starting attempt 1 of 1
[2026-06-04T14:35:10.961+0000] {taskinstance.py:2888} INFO - Executing <Task(PythonOperator): feast_materialize> on 2026-06-04 14:28:28.476247+00:00
[2026-06-04T14:35:10.967+0000] {standard_task_runner.py:104} INFO - Running: ['***', 'tasks', 'run', 'ehr_data_pipeline', 'feast_materialize', 'manual__2026-06-04T14:28:28.476247+00:00', '--job-id', '45', '--raw', '--subdir', 'DAGS_FOLDER/ehr_data_pipeline.py', '--cfg-path', '/tmp/tmpe_uv_91k']
[2026-06-04T14:35:10.968+0000] {standard_task_runner.py:105} INFO - Job 45: Subtask feast_materialize
[2026-06-04T14:35:10.969+0000] {logging_mixin.py:190} WARNING - /home/***/.local/lib/python3.12/site-packages/***/task/task_runner/standard_task_runner.py:70 DeprecationWarning: This process (pid=4632) is multi-threaded, use of fork() may lead to deadlocks in the child.
[2026-06-04T14:35:10.969+0000] {standard_task_runner.py:72} INFO - Started process 4633 to run task
[2026-06-04T14:35:11.001+0000] {task_command.py:467} INFO - Running <TaskInstance: ehr_data_pipeline.feast_materialize manual__2026-06-04T14:28:28.476247+00:00 [running]> on host g120.grove.adaptcentre.ie
[2026-06-04T14:35:11.065+0000] {taskinstance.py:3131} INFO - Exporting env vars: AIRFLOW_CTX_DAG_OWNER='***' AIRFLOW_CTX_DAG_ID='ehr_data_pipeline' AIRFLOW_CTX_TASK_ID='feast_materialize' AIRFLOW_CTX_EXECUTION_DATE='2026-06-04T14:28:28.476247+00:00' AIRFLOW_CTX_TRY_NUMBER='1' AIRFLOW_CTX_DAG_RUN_ID='manual__2026-06-04T14:28:28.476247+00:00'
[2026-06-04T14:35:11.065+0000] {taskinstance.py:731} INFO - ::endgroup::
[2026-06-04T14:35:11.079+0000] {taskinstance.py:3310} ERROR - Task failed with exception
Traceback (most recent call last):
  File "/home/airflow/.local/lib/python3.12/site-packages/airflow/models/taskinstance.py", line 767, in _execute_task
    result = _execute_callable(context=context, **execute_callable_kwargs)
             ^^^^^^^^^^^^^^^^^^^^^^^^^^^^^^^^^^^^^^^^^^^^^^^^^^^^^^^^^^^^^
  File "/home/airflow/.local/lib/python3.12/site-packages/airflow/models/taskinstance.py", line 733, in _execute_callable
    return ExecutionCallableRunner(
           ^^^^^^^^^^^^^^^^^^^^^^^^
  File "/home/airflow/.local/lib/python3.12/site-packages/airflow/utils/operator_helpers.py", line 252, in run
    return self.func(*args, **kwargs)
           ^^^^^^^^^^^^^^^^^^^^^^^^^^
  File "/home/airflow/.local/lib/python3.12/site-packages/airflow/models/baseoperator.py", line 406, in wrapper
    return func(self, *args, **kwargs)
           ^^^^^^^^^^^^^^^^^^^^^^^^^^^
  File "/home/airflow/.local/lib/python3.12/site-packages/airflow/operators/python.py", line 238, in execute
    return_value = self.execute_callable()
                   ^^^^^^^^^^^^^^^^^^^^^^^
  File "/home/airflow/.local/lib/python3.12/site-packages/airflow/operators/python.py", line 256, in execute_callable
    return runner.run(*self.op_args, **self.op_kwargs)
           ^^^^^^^^^^^^^^^^^^^^^^^^^^^^^^^^^^^^^^^^^^^
  File "/home/airflow/.local/lib/python3.12/site-packages/airflow/utils/operator_helpers.py", line 252, in run
    return self.func(*args, **kwargs)
           ^^^^^^^^^^^^^^^^^^^^^^^^^^
  File "/opt/airflow/dags/ehr_data_pipeline.py", line 602, in feast_materialize
    from feast import FeatureStore
  File "/home/airflow/.local/lib/python3.12/site-packages/feast/__init__.py", line 4, in <module>
    from feast.infra.offline_stores.bigquery_source import BigQuerySource
  File "/home/airflow/.local/lib/python3.12/site-packages/feast/infra/offline_stores/bigquery_source.py", line 3, in <module>
    from typeguard import typechecked
  File "/home/airflow/.local/lib/python3.12/site-packages/typeguard/__init__.py", line 4, in <module>
    from ._checkers import TypeCheckerCallable as TypeCheckerCallable
  File "/home/airflow/.local/lib/python3.12/site-packages/typeguard/_checkers.py", line 52, in <module>
    from typing_extensions import NoExtraItems
ImportError: cannot import name 'NoExtraItems' from 'typing_extensions' (/home/airflow/.local/lib/python3.12/site-packages/typing_extensions.py)
[2026-06-04T14:35:11.089+0000] {taskinstance.py:1225} INFO - Marking task as FAILED. dag_id=ehr_data_pipeline, task_id=feast_materialize, run_id=manual__2026-06-04T14:28:28.476247+00:00, execution_date=20260604T142828, start_date=20260604T143510, end_date=20260604T143511
[2026-06-04T14:35:11.100+0000] {taskinstance.py:340} INFO - ::group::Post task execution logs
[2026-06-04T14:35:11.101+0000] {standard_task_runner.py:124} ERROR - Failed to execute job 45 for task feast_materialize (cannot import name 'NoExtraItems' from 'typing_extensions' (/home/airflow/.local/lib/python3.12/site-packages/typing_extensions.py); 4633)
Traceback (most recent call last):
  File "/home/airflow/.local/lib/python3.12/site-packages/airflow/task/task_runner/standard_task_runner.py", line 117, in _start_by_fork
    ret = args.func(args, dag=self.dag)
          ^^^^^^^^^^^^^^^^^^^^^^^^^^^^^
  File "/home/airflow/.local/lib/python3.12/site-packages/airflow/cli/cli_config.py", line 49, in command
    return func(*args, **kwargs)
           ^^^^^^^^^^^^^^^^^^^^^
  File "/home/airflow/.local/lib/python3.12/site-packages/airflow/utils/cli.py", line 115, in wrapper
    return f(*args, **kwargs)
           ^^^^^^^^^^^^^^^^^^
  File "/home/airflow/.local/lib/python3.12/site-packages/airflow/cli/commands/task_command.py", line 483, in task_run
    task_return_code = _run_task_by_selected_method(args, _dag, ti)
                       ^^^^^^^^^^^^^^^^^^^^^^^^^^^^^^^^^^^^^^^^^^^^
  File "/home/airflow/.local/lib/python3.12/site-packages/airflow/cli/commands/task_command.py", line 256, in _run_task_by_selected_method
    return _run_raw_task(args, ti)
           ^^^^^^^^^^^^^^^^^^^^^^^
  File "/home/airflow/.local/lib/python3.12/site-packages/airflow/cli/commands/task_command.py", line 341, in _run_raw_task
    return ti._run_raw_task(
           ^^^^^^^^^^^^^^^^^
  File "/home/airflow/.local/lib/python3.12/site-packages/airflow/utils/session.py", line 97, in wrapper
    return func(*args, session=session, **kwargs)
           ^^^^^^^^^^^^^^^^^^^^^^^^^^^^^^^^^^^^^^
  File "/home/airflow/.local/lib/python3.12/site-packages/airflow/models/taskinstance.py", line 3004, in _run_raw_task
    return _run_raw_task(
           ^^^^^^^^^^^^^^
  File "/home/airflow/.local/lib/python3.12/site-packages/airflow/models/taskinstance.py", line 273, in _run_raw_task
    TaskInstance._execute_task_with_callbacks(
  File "/home/airflow/.local/lib/python3.12/site-packages/airflow/models/taskinstance.py", line 3158, in _execute_task_with_callbacks
    result = self._execute_task(context, task_orig)
             ^^^^^^^^^^^^^^^^^^^^^^^^^^^^^^^^^^^^^^
  File "/home/airflow/.local/lib/python3.12/site-packages/airflow/models/taskinstance.py", line 3182, in _execute_task
    return _execute_task(self, context, task_orig)
           ^^^^^^^^^^^^^^^^^^^^^^^^^^^^^^^^^^^^^^^
  File "/home/airflow/.local/lib/python3.12/site-packages/airflow/models/taskinstance.py", line 767, in _execute_task
    result = _execute_callable(context=context, **execute_callable_kwargs)
             ^^^^^^^^^^^^^^^^^^^^^^^^^^^^^^^^^^^^^^^^^^^^^^^^^^^^^^^^^^^^^
  File "/home/airflow/.local/lib/python3.12/site-packages/airflow/models/taskinstance.py", line 733, in _execute_callable
    return ExecutionCallableRunner(
           ^^^^^^^^^^^^^^^^^^^^^^^^
  File "/home/airflow/.local/lib/python3.12/site-packages/airflow/utils/operator_helpers.py", line 252, in run
    return self.func(*args, **kwargs)
           ^^^^^^^^^^^^^^^^^^^^^^^^^^
  File "/home/airflow/.local/lib/python3.12/site-packages/airflow/models/baseoperator.py", line 406, in wrapper
    return func(self, *args, **kwargs)
           ^^^^^^^^^^^^^^^^^^^^^^^^^^^
  File "/home/airflow/.local/lib/python3.12/site-packages/airflow/operators/python.py", line 238, in execute
    return_value = self.execute_callable()
                   ^^^^^^^^^^^^^^^^^^^^^^^
  File "/home/airflow/.local/lib/python3.12/site-packages/airflow/operators/python.py", line 256, in execute_callable
    return runner.run(*self.op_args, **self.op_kwargs)
           ^^^^^^^^^^^^^^^^^^^^^^^^^^^^^^^^^^^^^^^^^^^
  File "/home/airflow/.local/lib/python3.12/site-packages/airflow/utils/operator_helpers.py", line 252, in run
    return self.func(*args, **kwargs)
           ^^^^^^^^^^^^^^^^^^^^^^^^^^
  File "/opt/airflow/dags/ehr_data_pipeline.py", line 602, in feast_materialize
    from feast import FeatureStore
  File "/home/airflow/.local/lib/python3.12/site-packages/feast/__init__.py", line 4, in <module>
    from feast.infra.offline_stores.bigquery_source import BigQuerySource
  File "/home/airflow/.local/lib/python3.12/site-packages/feast/infra/offline_stores/bigquery_source.py", line 3, in <module>
    from typeguard import typechecked
  File "/home/airflow/.local/lib/python3.12/site-packages/typeguard/__init__.py", line 4, in <module>
    from ._checkers import TypeCheckerCallable as TypeCheckerCallable
  File "/home/airflow/.local/lib/python3.12/site-packages/typeguard/_checkers.py", line 52, in <module>
    from typing_extensions import NoExtraItems
ImportError: cannot import name 'NoExtraItems' from 'typing_extensions' (/home/airflow/.local/lib/python3.12/site-packages/typing_extensions.py)
[2026-06-04T14:35:11.142+0000] {local_task_job_runner.py:266} INFO - Task exited with return code 1
[2026-06-04T14:35:11.155+0000] {taskinstance.py:3900} INFO - 0 downstream tasks scheduled from follow-on schedule check
[2026-06-04T14:35:11.159+0000] {local_task_job_runner.py:245} INFO - ::endgroup::
