[2026-06-04T13:31:00.377+0000] {local_task_job_runner.py:123} INFO - ::group::Pre task execution logs
[2026-06-04T13:31:00.399+0000] {taskinstance.py:2612} INFO - Dependencies all met for dep_context=non-requeueable deps ti=<TaskInstance: ehr_data_pipeline.flink_stream_processor scheduled__2026-06-03T00:00:00+00:00 [queued]>
[2026-06-04T13:31:00.408+0000] {taskinstance.py:2612} INFO - Dependencies all met for dep_context=requeueable deps ti=<TaskInstance: ehr_data_pipeline.flink_stream_processor scheduled__2026-06-03T00:00:00+00:00 [queued]>
[2026-06-04T13:31:00.409+0000] {taskinstance.py:2865} INFO - Starting attempt 1 of 1
[2026-06-04T13:31:00.427+0000] {taskinstance.py:2888} INFO - Executing <Task(PythonOperator): flink_stream_processor> on 2026-06-03 00:00:00+00:00
[2026-06-04T13:31:00.439+0000] {logging_mixin.py:190} WARNING - /home/***/.local/lib/python3.12/site-packages/***/task/task_runner/standard_task_runner.py:70 DeprecationWarning: This process (pid=186) is multi-threaded, use of fork() may lead to deadlocks in the child.
[2026-06-04T13:31:00.440+0000] {standard_task_runner.py:72} INFO - Started process 189 to run task
[2026-06-04T13:31:00.435+0000] {standard_task_runner.py:104} INFO - Running: ['***', 'tasks', 'run', 'ehr_data_pipeline', 'flink_stream_processor', 'scheduled__2026-06-03T00:00:00+00:00', '--job-id', '5', '--raw', '--subdir', 'DAGS_FOLDER/ehr_data_pipeline.py', '--cfg-path', '/tmp/tmpdk47drz3']
[2026-06-04T13:31:00.441+0000] {standard_task_runner.py:105} INFO - Job 5: Subtask flink_stream_processor
[2026-06-04T13:31:00.518+0000] {task_command.py:467} INFO - Running <TaskInstance: ehr_data_pipeline.flink_stream_processor scheduled__2026-06-03T00:00:00+00:00 [running]> on host g120.grove.adaptcentre.ie
[2026-06-04T13:31:00.665+0000] {taskinstance.py:3131} INFO - Exporting env vars: AIRFLOW_CTX_DAG_OWNER='***' AIRFLOW_CTX_DAG_ID='ehr_data_pipeline' AIRFLOW_CTX_TASK_ID='flink_stream_processor' AIRFLOW_CTX_EXECUTION_DATE='2026-06-03T00:00:00+00:00' AIRFLOW_CTX_TRY_NUMBER='1' AIRFLOW_CTX_DAG_RUN_ID='scheduled__2026-06-03T00:00:00+00:00'
[2026-06-04T13:31:00.683+0000] {taskinstance.py:731} INFO - ::endgroup::
[2026-06-04T13:31:01.037+0000] {logging_mixin.py:190} INFO - [flink] Submitting /opt/***/scripts/6_flink_stream_processor.py as background process ...
[2026-06-04T13:31:01.039+0000] {logging_mixin.py:190} INFO - [flink] Job submitted (non-blocking).
[2026-06-04T13:31:04.163+0000] {logging_mixin.py:190} INFO - [datahub] Emitted stream step: flink_stream_processor
[2026-06-04T13:31:04.180+0000] {logging_mixin.py:190} INFO - [run-meta] flink_stream_processor → SUCCESS  run_id=45e98d31-7509-45e3-8181-f04f85ee7cee
[2026-06-04T13:31:04.181+0000] {python.py:240} INFO - Done. Returned value was: None
[2026-06-04T13:31:04.226+0000] {taskinstance.py:340} INFO - ::group::Post task execution logs
[2026-06-04T13:31:04.227+0000] {taskinstance.py:352} INFO - Marking task as SUCCESS. dag_id=ehr_data_pipeline, task_id=flink_stream_processor, run_id=scheduled__2026-06-03T00:00:00+00:00, execution_date=20260603T000000, start_date=20260604T133100, end_date=20260604T133104
[2026-06-04T13:31:04.269+0000] {local_task_job_runner.py:266} INFO - Task exited with return code 0
[2026-06-04T13:31:04.296+0000] {taskinstance.py:3900} INFO - 1 downstream tasks scheduled from follow-on schedule check
[2026-06-04T13:31:04.301+0000] {local_task_job_runner.py:245} INFO - ::endgroup::
