[2026-06-04T15:19:50.948+0000] {local_task_job_runner.py:123} INFO - ::group::Pre task execution logs
[2026-06-04T15:19:50.964+0000] {taskinstance.py:2612} INFO - Dependencies all met for dep_context=non-requeueable deps ti=<TaskInstance: ehr_data_pipeline.feast_materialize manual__2026-06-04T15:13:39.889520+00:00 [queued]>
[2026-06-04T15:19:50.971+0000] {taskinstance.py:2612} INFO - Dependencies all met for dep_context=requeueable deps ti=<TaskInstance: ehr_data_pipeline.feast_materialize manual__2026-06-04T15:13:39.889520+00:00 [queued]>
[2026-06-04T15:19:50.972+0000] {taskinstance.py:2865} INFO - Starting attempt 1 of 1
[2026-06-04T15:19:50.984+0000] {taskinstance.py:2888} INFO - Executing <Task(PythonOperator): feast_materialize> on 2026-06-04 15:13:39.889520+00:00
[2026-06-04T15:19:50.991+0000] {standard_task_runner.py:104} INFO - Running: ['***', 'tasks', 'run', 'ehr_data_pipeline', 'feast_materialize', 'manual__2026-06-04T15:13:39.889520+00:00', '--job-id', '63', '--raw', '--subdir', 'DAGS_FOLDER/ehr_data_pipeline.py', '--cfg-path', '/tmp/tmpsa4cdf0o']
[2026-06-04T15:19:50.993+0000] {standard_task_runner.py:105} INFO - Job 63: Subtask feast_materialize
[2026-06-04T15:19:50.993+0000] {logging_mixin.py:190} WARNING - /home/***/.local/lib/python3.12/site-packages/***/task/task_runner/standard_task_runner.py:70 DeprecationWarning: This process (pid=2644) is multi-threaded, use of fork() may lead to deadlocks in the child.
[2026-06-04T15:19:50.994+0000] {standard_task_runner.py:72} INFO - Started process 2645 to run task
[2026-06-04T15:19:51.028+0000] {task_command.py:467} INFO - Running <TaskInstance: ehr_data_pipeline.feast_materialize manual__2026-06-04T15:13:39.889520+00:00 [running]> on host g120.grove.adaptcentre.ie
[2026-06-04T15:19:51.099+0000] {taskinstance.py:3131} INFO - Exporting env vars: AIRFLOW_CTX_DAG_OWNER='***' AIRFLOW_CTX_DAG_ID='ehr_data_pipeline' AIRFLOW_CTX_TASK_ID='feast_materialize' AIRFLOW_CTX_EXECUTION_DATE='2026-06-04T15:13:39.889520+00:00' AIRFLOW_CTX_TRY_NUMBER='1' AIRFLOW_CTX_DAG_RUN_ID='manual__2026-06-04T15:13:39.889520+00:00'
[2026-06-04T15:19:51.100+0000] {taskinstance.py:731} INFO - ::endgroup::
[2026-06-04T15:19:59.428+0000] {logging_mixin.py:190} INFO - [feast] Applied feature definitions.
[2026-06-04T15:19:59.497+0000] {registry.py:1349} INFO - Registry cache expired, so refreshing
[2026-06-04T15:19:59.503+0000] {registry.py:1349} INFO - Registry cache expired, so refreshing
[2026-06-04T15:19:59.503+0000] {registry.py:1349} INFO - Registry cache expired, so refreshing
[2026-06-04T15:19:59.504+0000] {logging_mixin.py:190} INFO - Materializing 5 feature views from 2025-06-04 15:19:59+00:00 to 2026-06-04 15:19:59+00:00 into the redis online store.
[2026-06-04T15:19:59.509+0000] {logging_mixin.py:190} INFO - patient_demographics:
[2026-06-04T15:19:59.514+0000] {registry.py:1349} INFO - Registry cache expired, so refreshing
[2026-06-04T15:19:59.515+0000] {registry.py:1349} INFO - Registry cache expired, so refreshing
[2026-06-04T15:19:59.515+0000] {registry.py:1349} INFO - Registry cache expired, so refreshing
[2026-06-04T15:19:59.515+0000] {registry.py:1349} INFO - Registry cache expired, so refreshing
[2026-06-04T15:19:59.792+0000] {logging_mixin.py:190} INFO - patient_icd:
[2026-06-04T15:19:59.793+0000] {registry.py:1349} INFO - Registry cache expired, so refreshing
[2026-06-04T15:19:59.793+0000] {registry.py:1349} INFO - Registry cache expired, so refreshing
[2026-06-04T15:19:59.793+0000] {registry.py:1349} INFO - Registry cache expired, so refreshing
[2026-06-04T15:19:59.794+0000] {registry.py:1349} INFO - Registry cache expired, so refreshing
[2026-06-04T15:19:59.879+0000] {logging_mixin.py:190} INFO - patient_medication:
[2026-06-04T15:19:59.879+0000] {registry.py:1349} INFO - Registry cache expired, so refreshing
[2026-06-04T15:19:59.880+0000] {registry.py:1349} INFO - Registry cache expired, so refreshing
[2026-06-04T15:19:59.880+0000] {registry.py:1349} INFO - Registry cache expired, so refreshing
[2026-06-04T15:19:59.881+0000] {registry.py:1349} INFO - Registry cache expired, so refreshing
[2026-06-04T15:19:59.950+0000] {logging_mixin.py:190} INFO - patient_vitals:
[2026-06-04T15:19:59.951+0000] {registry.py:1349} INFO - Registry cache expired, so refreshing
[2026-06-04T15:19:59.951+0000] {registry.py:1349} INFO - Registry cache expired, so refreshing
[2026-06-04T15:19:59.951+0000] {registry.py:1349} INFO - Registry cache expired, so refreshing
[2026-06-04T15:19:59.952+0000] {registry.py:1349} INFO - Registry cache expired, so refreshing
[2026-06-04T15:20:00.040+0000] {logging_mixin.py:190} INFO - patient_labs:
[2026-06-04T15:20:00.041+0000] {registry.py:1349} INFO - Registry cache expired, so refreshing
[2026-06-04T15:20:00.041+0000] {registry.py:1349} INFO - Registry cache expired, so refreshing
[2026-06-04T15:20:00.041+0000] {registry.py:1349} INFO - Registry cache expired, so refreshing
[2026-06-04T15:20:00.042+0000] {registry.py:1349} INFO - Registry cache expired, so refreshing
[2026-06-04T15:20:00.116+0000] {logging_mixin.py:190} INFO - [feast] Materialized 2025-06-04 → 2026-06-04
[2026-06-04T15:20:00.199+0000] {logging_mixin.py:190} INFO - [datahub] Emitted batch step: feast_materialize
[2026-06-04T15:20:00.208+0000] {logging_mixin.py:190} INFO - [run-meta] feast_materialize → SUCCESS  run_id=e9cc85d0-f321-489b-a76f-257ebc34413d
[2026-06-04T15:20:00.208+0000] {python.py:240} INFO - Done. Returned value was: None
[2026-06-04T15:20:00.234+0000] {taskinstance.py:340} INFO - ::group::Post task execution logs
[2026-06-04T15:20:00.234+0000] {taskinstance.py:352} INFO - Marking task as SUCCESS. dag_id=ehr_data_pipeline, task_id=feast_materialize, run_id=manual__2026-06-04T15:13:39.889520+00:00, execution_date=20260604T151339, start_date=20260604T151950, end_date=20260604T152000
[2026-06-04T15:20:00.278+0000] {local_task_job_runner.py:266} INFO - Task exited with return code 0
[2026-06-04T15:20:00.291+0000] {taskinstance.py:3900} INFO - 0 downstream tasks scheduled from follow-on schedule check
[2026-06-04T15:20:00.296+0000] {local_task_job_runner.py:245} INFO - ::endgroup::
