[2026-06-04T13:50:42.022+0000] {local_task_job_runner.py:123} INFO - ::group::Pre task execution logs
[2026-06-04T13:50:42.047+0000] {taskinstance.py:2612} INFO - Dependencies all met for dep_context=non-requeueable deps ti=<TaskInstance: ehr_data_pipeline.bronze_ingest manual__2026-06-04T13:50:38.032166+00:00 [queued]>
[2026-06-04T13:50:42.057+0000] {taskinstance.py:2612} INFO - Dependencies all met for dep_context=requeueable deps ti=<TaskInstance: ehr_data_pipeline.bronze_ingest manual__2026-06-04T13:50:38.032166+00:00 [queued]>
[2026-06-04T13:50:42.058+0000] {taskinstance.py:2865} INFO - Starting attempt 1 of 1
[2026-06-04T13:50:42.092+0000] {taskinstance.py:2888} INFO - Executing <Task(PythonOperator): bronze_ingest> on 2026-06-04 13:50:38.032166+00:00
[2026-06-04T13:50:42.113+0000] {standard_task_runner.py:104} INFO - Running: ['***', 'tasks', 'run', 'ehr_data_pipeline', 'bronze_ingest', 'manual__2026-06-04T13:50:38.032166+00:00', '--job-id', '16', '--raw', '--subdir', 'DAGS_FOLDER/ehr_data_pipeline.py', '--cfg-path', '/tmp/tmppaji1k44']
[2026-06-04T13:50:42.116+0000] {standard_task_runner.py:105} INFO - Job 16: Subtask bronze_ingest
[2026-06-04T13:50:42.119+0000] {logging_mixin.py:190} WARNING - /home/***/.local/lib/python3.12/site-packages/***/task/task_runner/standard_task_runner.py:70 DeprecationWarning: This process (pid=787) is multi-threaded, use of fork() may lead to deadlocks in the child.
[2026-06-04T13:50:42.120+0000] {standard_task_runner.py:72} INFO - Started process 796 to run task
[2026-06-04T13:50:42.230+0000] {task_command.py:467} INFO - Running <TaskInstance: ehr_data_pipeline.bronze_ingest manual__2026-06-04T13:50:38.032166+00:00 [running]> on host g120.grove.adaptcentre.ie
[2026-06-04T13:50:42.389+0000] {taskinstance.py:3131} INFO - Exporting env vars: AIRFLOW_CTX_DAG_OWNER='***' AIRFLOW_CTX_DAG_ID='ehr_data_pipeline' AIRFLOW_CTX_TASK_ID='bronze_ingest' AIRFLOW_CTX_EXECUTION_DATE='2026-06-04T13:50:38.032166+00:00' AIRFLOW_CTX_TRY_NUMBER='1' AIRFLOW_CTX_DAG_RUN_ID='manual__2026-06-04T13:50:38.032166+00:00'
[2026-06-04T13:50:42.405+0000] {taskinstance.py:731} INFO - ::endgroup::
[2026-06-04T13:50:53.075+0000] {logging_mixin.py:190} WARNING - 2026-06-04 13:50:45.244 | INFO     | __main__:ingest_to_minio:50 - Initializing MinIO connection...
2026-06-04 13:50:45.255 | INFO     | __main__:ingest_to_minio:62 - MinIO bucket 'lakehouse' already exists.
2026-06-04 13:50:45.256 | INFO     | __main__:ingest_to_minio:80 - Writing raw_patients table to S3/Delta...
2026-06-04 13:50:48.901 | INFO     | __main__:ingest_to_minio:80 - Writing raw_wards table to S3/Delta...
2026-06-04 13:50:49.031 | INFO     | __main__:ingest_to_minio:80 - Writing raw_event_metadata table to S3/Delta...
2026-06-04 13:50:49.180 | INFO     | __main__:ingest_to_minio:80 - Writing raw_visits table to S3/Delta...
2026-06-04 13:50:49.417 | INFO     | __main__:ingest_to_minio:80 - Writing raw_events table to S3/Delta...
2026-06-04 13:50:49.911 | INFO     | __main__:ingest_to_minio:87 - Successfully wrote all historical EHR Delta tables to MinIO.
2026-06-04 13:50:49.918 | INFO     | utils:register_tables_in_trino:133 - Registering tables in Trino under delta.bronze ...
2026-06-04 13:50:49.960 | INFO     | utils:register_tables_in_trino:146 -   delta.bronze schema ensured.
2026-06-04 13:50:49.960 | INFO     | utils:register_tables_in_trino:149 -   Registering delta.bronze.raw_patients ...
2026-06-04 13:50:52.862 | ERROR    | __main__:main:104 - Failed Trino Registration step: TrinoUserError(type=USER_ERROR, name=ALREADY_EXISTS, message="Table already exists: 'bronze.raw_patients'", query_id=20260604_135050_00017_a9tfe)
2026-06-04 13:50:52.862 | INFO     | __main__:main:106 - Historical Batch Ingestion process finished.
[2026-06-04T13:50:53.459+0000] {logging_mixin.py:190} INFO - [datahub] Emitted batch step: bronze_ingest
[2026-06-04T13:50:53.486+0000] {logging_mixin.py:190} INFO - [run-meta] bronze_ingest → SUCCESS  run_id=21944edf-9376-45bd-ba71-4154de13b1a3
[2026-06-04T13:50:53.486+0000] {python.py:240} INFO - Done. Returned value was: None
[2026-06-04T13:50:53.527+0000] {taskinstance.py:340} INFO - ::group::Post task execution logs
[2026-06-04T13:50:53.528+0000] {taskinstance.py:352} INFO - Marking task as SUCCESS. dag_id=ehr_data_pipeline, task_id=bronze_ingest, run_id=manual__2026-06-04T13:50:38.032166+00:00, execution_date=20260604T135038, start_date=20260604T135042, end_date=20260604T135053
[2026-06-04T13:50:53.599+0000] {local_task_job_runner.py:266} INFO - Task exited with return code 0
[2026-06-04T13:50:53.682+0000] {taskinstance.py:3900} INFO - 1 downstream tasks scheduled from follow-on schedule check
[2026-06-04T13:50:53.691+0000] {local_task_job_runner.py:245} INFO - ::endgroup::
