[2026-06-04T13:48:48.183+0000] {local_task_job_runner.py:123} INFO - ::group::Pre task execution logs
[2026-06-04T13:48:48.202+0000] {taskinstance.py:2612} INFO - Dependencies all met for dep_context=non-requeueable deps ti=<TaskInstance: ehr_data_pipeline.bronze_ingest manual__2026-06-04T13:48:47.739420+00:00 [queued]>
[2026-06-04T13:48:48.209+0000] {taskinstance.py:2612} INFO - Dependencies all met for dep_context=requeueable deps ti=<TaskInstance: ehr_data_pipeline.bronze_ingest manual__2026-06-04T13:48:47.739420+00:00 [queued]>
[2026-06-04T13:48:48.210+0000] {taskinstance.py:2865} INFO - Starting attempt 1 of 1
[2026-06-04T13:48:48.224+0000] {taskinstance.py:2888} INFO - Executing <Task(PythonOperator): bronze_ingest> on 2026-06-04 13:48:47.739420+00:00
[2026-06-04T13:48:48.232+0000] {standard_task_runner.py:104} INFO - Running: ['***', 'tasks', 'run', 'ehr_data_pipeline', 'bronze_ingest', 'manual__2026-06-04T13:48:47.739420+00:00', '--job-id', '12', '--raw', '--subdir', 'DAGS_FOLDER/ehr_data_pipeline.py', '--cfg-path', '/tmp/tmpdpdoi68u']
[2026-06-04T13:48:48.234+0000] {standard_task_runner.py:105} INFO - Job 12: Subtask bronze_ingest
[2026-06-04T13:48:48.234+0000] {logging_mixin.py:190} WARNING - /home/***/.local/lib/python3.12/site-packages/***/task/task_runner/standard_task_runner.py:70 DeprecationWarning: This process (pid=666) is multi-threaded, use of fork() may lead to deadlocks in the child.
[2026-06-04T13:48:48.235+0000] {standard_task_runner.py:72} INFO - Started process 669 to run task
[2026-06-04T13:48:48.277+0000] {task_command.py:467} INFO - Running <TaskInstance: ehr_data_pipeline.bronze_ingest manual__2026-06-04T13:48:47.739420+00:00 [running]> on host g120.grove.adaptcentre.ie
[2026-06-04T13:48:48.368+0000] {taskinstance.py:3131} INFO - Exporting env vars: AIRFLOW_CTX_DAG_OWNER='***' AIRFLOW_CTX_DAG_ID='ehr_data_pipeline' AIRFLOW_CTX_TASK_ID='bronze_ingest' AIRFLOW_CTX_EXECUTION_DATE='2026-06-04T13:48:47.739420+00:00' AIRFLOW_CTX_TRY_NUMBER='1' AIRFLOW_CTX_DAG_RUN_ID='manual__2026-06-04T13:48:47.739420+00:00'
[2026-06-04T13:48:48.379+0000] {taskinstance.py:731} INFO - ::endgroup::
[2026-06-04T13:48:50.177+0000] {logging_mixin.py:190} WARNING - 2026-06-04 13:48:49.812 | INFO     | __main__:ingest_to_minio:50 - Initializing MinIO connection...
2026-06-04 13:48:49.817 | INFO     | __main__:ingest_to_minio:62 - MinIO bucket 'lakehouse' already exists.
2026-06-04 13:48:49.817 | INFO     | __main__:ingest_to_minio:80 - Writing raw_patients table to S3/Delta...
2026-06-04 13:48:49.903 | ERROR    | __main__:main:95 - Failed MinIO Ingestion step: Expected object with __arrow_c_array__ or __arrow_c_stream__ method
2026-06-04 13:48:49.903 | INFO     | utils:register_tables_in_trino:133 - Registering tables in Trino under delta.bronze ...
2026-06-04 13:48:49.943 | INFO     | utils:register_tables_in_trino:146 -   delta.bronze schema ensured.
2026-06-04 13:48:49.943 | INFO     | utils:register_tables_in_trino:149 -   Registering delta.bronze.raw_patients ...
2026-06-04 13:48:50.011 | ERROR    | __main__:main:102 - Failed Trino Registration step: TrinoUserError(type=USER_ERROR, name=GENERIC_USER_ERROR, message="No transaction log found in location s3://lakehouse/topics/raw_patients/_delta_log", query_id=20260604_134849_00010_a9tfe)
2026-06-04 13:48:50.011 | INFO     | __main__:main:104 - Historical Batch Ingestion process finished.
[2026-06-04T13:48:50.407+0000] {logging_mixin.py:190} INFO - [datahub] Emitted batch step: bronze_ingest
[2026-06-04T13:48:50.419+0000] {logging_mixin.py:190} INFO - [run-meta] bronze_ingest → SUCCESS  run_id=7a13604e-2a81-4721-9977-c363a8da5c86
[2026-06-04T13:48:50.420+0000] {python.py:240} INFO - Done. Returned value was: None
[2026-06-04T13:48:50.444+0000] {taskinstance.py:340} INFO - ::group::Post task execution logs
[2026-06-04T13:48:50.445+0000] {taskinstance.py:352} INFO - Marking task as SUCCESS. dag_id=ehr_data_pipeline, task_id=bronze_ingest, run_id=manual__2026-06-04T13:48:47.739420+00:00, execution_date=20260604T134847, start_date=20260604T134848, end_date=20260604T134850
[2026-06-04T13:48:50.498+0000] {local_task_job_runner.py:266} INFO - Task exited with return code 0
[2026-06-04T13:48:50.523+0000] {taskinstance.py:3900} INFO - 1 downstream tasks scheduled from follow-on schedule check
[2026-06-04T13:48:50.527+0000] {local_task_job_runner.py:245} INFO - ::endgroup::
