[2026-06-04T14:28:30.544+0000] {local_task_job_runner.py:123} INFO - ::group::Pre task execution logs
[2026-06-04T14:28:30.566+0000] {taskinstance.py:2612} INFO - Dependencies all met for dep_context=non-requeueable deps ti=<TaskInstance: ehr_data_pipeline.push_stream_features manual__2026-06-04T14:28:28.476247+00:00 [queued]>
[2026-06-04T14:28:30.578+0000] {taskinstance.py:2612} INFO - Dependencies all met for dep_context=requeueable deps ti=<TaskInstance: ehr_data_pipeline.push_stream_features manual__2026-06-04T14:28:28.476247+00:00 [queued]>
[2026-06-04T14:28:30.579+0000] {taskinstance.py:2865} INFO - Starting attempt 1 of 1
[2026-06-04T14:28:30.605+0000] {taskinstance.py:2888} INFO - Executing <Task(PythonOperator): push_stream_features> on 2026-06-04 14:28:28.476247+00:00
[2026-06-04T14:28:30.618+0000] {standard_task_runner.py:104} INFO - Running: ['***', 'tasks', 'run', 'ehr_data_pipeline', 'push_stream_features', 'manual__2026-06-04T14:28:28.476247+00:00', '--job-id', '40', '--raw', '--subdir', 'DAGS_FOLDER/ehr_data_pipeline.py', '--cfg-path', '/tmp/tmpavaqi4ha']
[2026-06-04T14:28:30.621+0000] {standard_task_runner.py:105} INFO - Job 40: Subtask push_stream_features
[2026-06-04T14:28:30.623+0000] {logging_mixin.py:190} WARNING - /home/***/.local/lib/python3.12/site-packages/***/task/task_runner/standard_task_runner.py:70 DeprecationWarning: This process (pid=2058) is multi-threaded, use of fork() may lead to deadlocks in the child.
[2026-06-04T14:28:30.623+0000] {standard_task_runner.py:72} INFO - Started process 2059 to run task
[2026-06-04T14:28:30.686+0000] {task_command.py:467} INFO - Running <TaskInstance: ehr_data_pipeline.push_stream_features manual__2026-06-04T14:28:28.476247+00:00 [running]> on host g120.grove.adaptcentre.ie
[2026-06-04T14:28:30.802+0000] {taskinstance.py:3131} INFO - Exporting env vars: AIRFLOW_CTX_DAG_OWNER='***' AIRFLOW_CTX_DAG_ID='ehr_data_pipeline' AIRFLOW_CTX_TASK_ID='push_stream_features' AIRFLOW_CTX_EXECUTION_DATE='2026-06-04T14:28:28.476247+00:00' AIRFLOW_CTX_TRY_NUMBER='1' AIRFLOW_CTX_DAG_RUN_ID='manual__2026-06-04T14:28:28.476247+00:00'
[2026-06-04T14:28:30.803+0000] {taskinstance.py:731} INFO - ::endgroup::
[2026-06-04T14:28:30.843+0000] {logging_mixin.py:190} INFO - [feature-pipeline] Running stream feature push for 60s ...
[2026-06-04T14:28:32.162+0000] {logging_mixin.py:190} INFO - [feature-pipeline] Stream push complete.
[2026-06-04T14:28:32.344+0000] {logging_mixin.py:190} INFO - [datahub] Emitted stream step: push_stream_features
[2026-06-04T14:28:32.358+0000] {logging_mixin.py:190} INFO - [run-meta] push_stream_features → SUCCESS  run_id=a0f336d9-aec8-44a5-bf7e-eb2d680fe412
[2026-06-04T14:28:32.359+0000] {python.py:240} INFO - Done. Returned value was: None
[2026-06-04T14:28:32.397+0000] {taskinstance.py:340} INFO - ::group::Post task execution logs
[2026-06-04T14:28:32.397+0000] {taskinstance.py:352} INFO - Marking task as SUCCESS. dag_id=ehr_data_pipeline, task_id=push_stream_features, run_id=manual__2026-06-04T14:28:28.476247+00:00, execution_date=20260604T142828, start_date=20260604T142830, end_date=20260604T142832
[2026-06-04T14:28:32.462+0000] {local_task_job_runner.py:266} INFO - Task exited with return code 0
[2026-06-04T14:28:32.483+0000] {taskinstance.py:3900} INFO - 0 downstream tasks scheduled from follow-on schedule check
[2026-06-04T14:28:32.487+0000] {local_task_job_runner.py:245} INFO - ::endgroup::
