[2026-06-04T14:57:39.955+0000] {local_task_job_runner.py:123} INFO - ::group::Pre task execution logs
[2026-06-04T14:57:39.978+0000] {taskinstance.py:2612} INFO - Dependencies all met for dep_context=non-requeueable deps ti=<TaskInstance: ehr_data_pipeline.push_stream_features manual__2026-06-04T14:57:38.342806+00:00 [queued]>
[2026-06-04T14:57:39.988+0000] {taskinstance.py:2612} INFO - Dependencies all met for dep_context=requeueable deps ti=<TaskInstance: ehr_data_pipeline.push_stream_features manual__2026-06-04T14:57:38.342806+00:00 [queued]>
[2026-06-04T14:57:39.988+0000] {taskinstance.py:2865} INFO - Starting attempt 1 of 1
[2026-06-04T14:57:40.004+0000] {taskinstance.py:2888} INFO - Executing <Task(PythonOperator): push_stream_features> on 2026-06-04 14:57:38.342806+00:00
[2026-06-04T14:57:40.013+0000] {standard_task_runner.py:104} INFO - Running: ['***', 'tasks', 'run', 'ehr_data_pipeline', 'push_stream_features', 'manual__2026-06-04T14:57:38.342806+00:00', '--job-id', '49', '--raw', '--subdir', 'DAGS_FOLDER/ehr_data_pipeline.py', '--cfg-path', '/tmp/tmpdppibstc']
[2026-06-04T14:57:40.015+0000] {standard_task_runner.py:105} INFO - Job 49: Subtask push_stream_features
[2026-06-04T14:57:40.018+0000] {logging_mixin.py:190} WARNING - /home/***/.local/lib/python3.12/site-packages/***/task/task_runner/standard_task_runner.py:70 DeprecationWarning: This process (pid=221) is multi-threaded, use of fork() may lead to deadlocks in the child.
[2026-06-04T14:57:40.018+0000] {standard_task_runner.py:72} INFO - Started process 222 to run task
[2026-06-04T14:57:40.063+0000] {task_command.py:467} INFO - Running <TaskInstance: ehr_data_pipeline.push_stream_features manual__2026-06-04T14:57:38.342806+00:00 [running]> on host g120.grove.adaptcentre.ie
[2026-06-04T14:57:40.156+0000] {taskinstance.py:3131} INFO - Exporting env vars: AIRFLOW_CTX_DAG_OWNER='***' AIRFLOW_CTX_DAG_ID='ehr_data_pipeline' AIRFLOW_CTX_TASK_ID='push_stream_features' AIRFLOW_CTX_EXECUTION_DATE='2026-06-04T14:57:38.342806+00:00' AIRFLOW_CTX_TRY_NUMBER='1' AIRFLOW_CTX_DAG_RUN_ID='manual__2026-06-04T14:57:38.342806+00:00'
[2026-06-04T14:57:40.157+0000] {taskinstance.py:731} INFO - ::endgroup::
[2026-06-04T14:57:40.190+0000] {logging_mixin.py:190} INFO - [feature-pipeline] Running stream feature push for 60s ...
[2026-06-04T14:57:46.919+0000] {logging_mixin.py:190} INFO - [feature-pipeline] Stream push complete.
[2026-06-04T14:57:47.497+0000] {logging_mixin.py:190} INFO - [datahub] Emitted stream step: push_stream_features
[2026-06-04T14:57:47.511+0000] {logging_mixin.py:190} INFO - [run-meta] push_stream_features → SUCCESS  run_id=4319ee70-a520-456e-8470-99cd3963759e
[2026-06-04T14:57:47.511+0000] {python.py:240} INFO - Done. Returned value was: None
[2026-06-04T14:57:47.561+0000] {taskinstance.py:340} INFO - ::group::Post task execution logs
[2026-06-04T14:57:47.561+0000] {taskinstance.py:352} INFO - Marking task as SUCCESS. dag_id=ehr_data_pipeline, task_id=push_stream_features, run_id=manual__2026-06-04T14:57:38.342806+00:00, execution_date=20260604T145738, start_date=20260604T145739, end_date=20260604T145747
[2026-06-04T14:57:47.578+0000] {local_task_job_runner.py:266} INFO - Task exited with return code 0
[2026-06-04T14:57:47.589+0000] {taskinstance.py:3900} INFO - 0 downstream tasks scheduled from follow-on schedule check
[2026-06-04T14:57:47.593+0000] {local_task_job_runner.py:245} INFO - ::endgroup::
