[2026-06-04T13:51:29.513+0000] {local_task_job_runner.py:123} INFO - ::group::Pre task execution logs
[2026-06-04T13:51:29.530+0000] {taskinstance.py:2612} INFO - Dependencies all met for dep_context=non-requeueable deps ti=<TaskInstance: ehr_data_pipeline.silver_transform manual__2026-06-04T13:51:19.776344+00:00 [queued]>
[2026-06-04T13:51:29.537+0000] {taskinstance.py:2612} INFO - Dependencies all met for dep_context=requeueable deps ti=<TaskInstance: ehr_data_pipeline.silver_transform manual__2026-06-04T13:51:19.776344+00:00 [queued]>
[2026-06-04T13:51:29.537+0000] {taskinstance.py:2865} INFO - Starting attempt 1 of 1
[2026-06-04T13:51:29.550+0000] {taskinstance.py:2888} INFO - Executing <Task(PythonOperator): silver_transform> on 2026-06-04 13:51:19.776344+00:00
[2026-06-04T13:51:29.557+0000] {standard_task_runner.py:104} INFO - Running: ['***', 'tasks', 'run', 'ehr_data_pipeline', 'silver_transform', 'manual__2026-06-04T13:51:19.776344+00:00', '--job-id', '27', '--raw', '--subdir', 'DAGS_FOLDER/ehr_data_pipeline.py', '--cfg-path', '/tmp/tmp8k21nuda']
[2026-06-04T13:51:29.558+0000] {standard_task_runner.py:105} INFO - Job 27: Subtask silver_transform
[2026-06-04T13:51:29.558+0000] {logging_mixin.py:190} WARNING - /home/***/.local/lib/python3.12/site-packages/***/task/task_runner/standard_task_runner.py:70 DeprecationWarning: This process (pid=1096) is multi-threaded, use of fork() may lead to deadlocks in the child.
[2026-06-04T13:51:29.559+0000] {standard_task_runner.py:72} INFO - Started process 1097 to run task
[2026-06-04T13:51:29.598+0000] {task_command.py:467} INFO - Running <TaskInstance: ehr_data_pipeline.silver_transform manual__2026-06-04T13:51:19.776344+00:00 [running]> on host g120.grove.adaptcentre.ie
[2026-06-04T13:51:29.679+0000] {taskinstance.py:3131} INFO - Exporting env vars: AIRFLOW_CTX_DAG_OWNER='***' AIRFLOW_CTX_DAG_ID='ehr_data_pipeline' AIRFLOW_CTX_TASK_ID='silver_transform' AIRFLOW_CTX_EXECUTION_DATE='2026-06-04T13:51:19.776344+00:00' AIRFLOW_CTX_TRY_NUMBER='1' AIRFLOW_CTX_DAG_RUN_ID='manual__2026-06-04T13:51:19.776344+00:00'
[2026-06-04T13:51:29.679+0000] {taskinstance.py:731} INFO - ::endgroup::
[2026-06-04T13:54:05.404+0000] {logging_mixin.py:190} INFO - :: loading settings :: url = jar:file:/home/***/.local/lib/python3.12/site-packages/pyspark/jars/ivy-2.5.1.jar!/org/apache/ivy/core/settings/ivysettings.xml
Ivy Default Cache set to: /home/***/.ivy2/cache
The jars for the packages stored in: /home/***/.ivy2/jars
io.delta#delta-spark_2.12 added as a dependency
org.apache.hadoop#hadoop-aws added as a dependency
com.amazonaws#aws-java-sdk-bundle added as a dependency
:: resolving dependencies :: org.apache.spark#spark-submit-parent-2eb662b3-a0a4-4122-b238-410137c33f5e;1.0
	confs: [default]
	found io.delta#delta-spark_2.12;3.3.0 in central
	found io.delta#delta-storage;3.3.0 in central
	found org.antlr#antlr4-runtime;4.9.3 in central
	found org.apache.hadoop#hadoop-aws;3.3.4 in central
	found com.amazonaws#aws-java-sdk-bundle;1.12.262 in central
	found org.wildfly.openssl#wildfly-openssl;1.0.7.Final in central
downloading https://repo1.maven.org/maven2/io/delta/delta-spark_2.12/3.3.0/delta-spark_2.12-3.3.0.jar ...
	[SUCCESSFUL ] io.delta#delta-spark_2.12;3.3.0!delta-spark_2.12.jar (210ms)
downloading https://repo1.maven.org/maven2/org/apache/hadoop/hadoop-aws/3.3.4/hadoop-aws-3.3.4.jar ...
	[SUCCESSFUL ] org.apache.hadoop#hadoop-aws;3.3.4!hadoop-aws.jar (46ms)
downloading https://repo1.maven.org/maven2/com/amazonaws/aws-java-sdk-bundle/1.12.262/aws-java-sdk-bundle-1.12.262.jar ...
	[SUCCESSFUL ] com.amazonaws#aws-java-sdk-bundle;1.12.262!aws-java-sdk-bundle.jar (2965ms)
downloading https://repo1.maven.org/maven2/io/delta/delta-storage/3.3.0/delta-storage-3.3.0.jar ...
	[SUCCESSFUL ] io.delta#delta-storage;3.3.0!delta-storage.jar (26ms)
downloading https://repo1.maven.org/maven2/org/antlr/antlr4-runtime/4.9.3/antlr4-runtime-4.9.3.jar ...
	[SUCCESSFUL ] org.antlr#antlr4-runtime;4.9.3!antlr4-runtime.jar (26ms)
downloading https://repo1.maven.org/maven2/org/wildfly/openssl/wildfly-openssl/1.0.7.Final/wildfly-openssl-1.0.7.Final.jar ...
	[SUCCESSFUL ] org.wildfly.openssl#wildfly-openssl;1.0.7.Final!wildfly-openssl.jar (33ms)
:: resolution report :: resolve 2968ms :: artifacts dl 3326ms
	:: modules in use:
	com.amazonaws#aws-java-sdk-bundle;1.12.262 from central in [default]
	io.delta#delta-spark_2.12;3.3.0 from central in [default]
	io.delta#delta-storage;3.3.0 from central in [default]
	org.antlr#antlr4-runtime;4.9.3 from central in [default]
	org.apache.hadoop#hadoop-aws;3.3.4 from central in [default]
	org.wildfly.openssl#wildfly-openssl;1.0.7.Final from central in [default]
	---------------------------------------------------------------------
	|                  |            modules            ||   artifacts   |
	|       conf       | number| search|dwnlded|evicted|| number|dwnlded|
	---------------------------------------------------------------------
	|      default     |   6   |   6   |   6   |   0   ||   6   |   6   |
	---------------------------------------------------------------------
:: retrieving :: org.apache.spark#spark-submit-parent-2eb662b3-a0a4-4122-b238-410137c33f5e
	confs: [default]
	6 artifacts copied, 0 already retrieved (282735kB/437ms)
26/06/04 13:51:38 WARN NativeCodeLoader: Unable to load native-hadoop library for your platform... using builtin-java classes where applicable
/opt/***/scripts/3_transform_to_silver.py:297: DeprecationWarning: datetime.datetime.utcnow() is deprecated and scheduled for removal in a future version. Use timezone-aware objects to represent datetimes in UTC: datetime.datetime.now(datetime.UTC).
  run_id    = datetime.utcnow().strftime("%Y%m%d_%H%M%S")
2026-06-04 13:51:39.718 | INFO     | __main__:main:299 - ============================================================
2026-06-04 13:51:39.718 | INFO     | __main__:main:300 - EHR SILVER TRANSFORMATION — run_id=20260604_135139
2026-06-04 13:51:39.718 | INFO     | __main__:main:301 - ============================================================
2026-06-04 13:51:39.718 | INFO     | utils:build_spark_session:69 - Connecting to Spark cluster: local[*] for EHR-Silver-Transformation
26/06/04 13:51:39 INFO SparkContext: Running Spark version 3.5.6
26/06/04 13:51:39 INFO SparkContext: OS info Linux, 5.10.0-42-amd64, amd64
26/06/04 13:51:39 INFO SparkContext: Java version 17.0.11
26/06/04 13:51:39 INFO ResourceUtils: ==============================================================
26/06/04 13:51:39 INFO ResourceUtils: No custom resources configured for spark.driver.
26/06/04 13:51:39 INFO ResourceUtils: ==============================================================
26/06/04 13:51:39 INFO SparkContext: Submitted application: EHR-Silver-Transformation
26/06/04 13:51:39 INFO ResourceProfile: Default ResourceProfile created, executor resources: Map(cores -> name: cores, amount: 2, script: , vendor: , memory -> name: memory, amount: 16384, script: , vendor: , offHeap -> name: offHeap, amount: 0, script: , vendor: ), task resources: Map(cpus -> name: cpus, amount: 1.0)
26/06/04 13:51:39 INFO ResourceProfile: Limiting resource is cpus at 2 tasks per executor
26/06/04 13:51:39 INFO ResourceProfileManager: Added ResourceProfile id: 0
26/06/04 13:51:39 INFO SecurityManager: Changing view acls to: ***
26/06/04 13:51:39 INFO SecurityManager: Changing modify acls to: ***
26/06/04 13:51:39 INFO SecurityManager: Changing view acls groups to: 
26/06/04 13:51:39 INFO SecurityManager: Changing modify acls groups to: 
26/06/04 13:51:39 INFO SecurityManager: SecurityManager: authentication disabled; ui acls disabled; users with view permissions: ***; groups with view permissions: EMPTY; users with modify permissions: ***; groups with modify permissions: EMPTY
26/06/04 13:51:40 INFO Utils: Successfully started service 'sparkDriver' on port 44789.
26/06/04 13:51:40 INFO SparkEnv: Registering MapOutputTracker
26/06/04 13:51:40 INFO SparkEnv: Registering BlockManagerMaster
26/06/04 13:51:40 INFO BlockManagerMasterEndpoint: Using org.apache.spark.storage.DefaultTopologyMapper for getting topology information
26/06/04 13:51:40 INFO BlockManagerMasterEndpoint: BlockManagerMasterEndpoint up
26/06/04 13:51:40 INFO SparkEnv: Registering BlockManagerMasterHeartbeat
26/06/04 13:51:40 INFO DiskBlockManager: Created local directory at /tmp/blockmgr-a91e4804-5f90-4732-b68f-4a4193329a0c
26/06/04 13:51:40 INFO MemoryStore: MemoryStore started with capacity 434.4 MiB
26/06/04 13:51:40 INFO SparkEnv: Registering OutputCommitCoordinator
26/06/04 13:51:40 INFO JettyUtils: Start Jetty 0.0.0.0:4040 for SparkUI
26/06/04 13:51:40 INFO Utils: Successfully started service 'SparkUI' on port 4040.
26/06/04 13:51:40 INFO SparkContext: Added JAR file:///home/***/.ivy2/jars/io.delta_delta-spark_2.12-3.3.0.jar at spark://host.containers.internal:44789/jars/io.delta_delta-spark_2.12-3.3.0.jar with timestamp 1780581099846
26/06/04 13:51:40 INFO SparkContext: Added JAR file:///home/***/.ivy2/jars/org.apache.hadoop_hadoop-aws-3.3.4.jar at spark://host.containers.internal:44789/jars/org.apache.hadoop_hadoop-aws-3.3.4.jar with timestamp 1780581099846
26/06/04 13:51:40 INFO SparkContext: Added JAR file:///home/***/.ivy2/jars/com.amazonaws_aws-java-sdk-bundle-1.12.262.jar at spark://host.containers.internal:44789/jars/com.amazonaws_aws-java-sdk-bundle-1.12.262.jar with timestamp 1780581099846
26/06/04 13:51:40 INFO SparkContext: Added JAR file:///home/***/.ivy2/jars/io.delta_delta-storage-3.3.0.jar at spark://host.containers.internal:44789/jars/io.delta_delta-storage-3.3.0.jar with timestamp 1780581099846
26/06/04 13:51:40 INFO SparkContext: Added JAR file:///home/***/.ivy2/jars/org.antlr_antlr4-runtime-4.9.3.jar at spark://host.containers.internal:44789/jars/org.antlr_antlr4-runtime-4.9.3.jar with timestamp 1780581099846
26/06/04 13:51:40 INFO SparkContext: Added JAR file:///home/***/.ivy2/jars/org.wildfly.openssl_wildfly-openssl-1.0.7.Final.jar at spark://host.containers.internal:44789/jars/org.wildfly.openssl_wildfly-openssl-1.0.7.Final.jar with timestamp 1780581099846
26/06/04 13:51:40 INFO SparkContext: Added file file:///home/***/.ivy2/jars/io.delta_delta-spark_2.12-3.3.0.jar at file:///home/***/.ivy2/jars/io.delta_delta-spark_2.12-3.3.0.jar with timestamp 1780581099846
26/06/04 13:51:40 INFO Utils: Copying /home/***/.ivy2/jars/io.delta_delta-spark_2.12-3.3.0.jar to /tmp/spark-b611bfcc-784d-4ce1-9f01-06882ebc797e/userFiles-00a12183-4c97-4c84-b5a1-aa2100b12e2d/io.delta_delta-spark_2.12-3.3.0.jar
26/06/04 13:51:40 INFO SparkContext: Added file file:///home/***/.ivy2/jars/org.apache.hadoop_hadoop-aws-3.3.4.jar at file:///home/***/.ivy2/jars/org.apache.hadoop_hadoop-aws-3.3.4.jar with timestamp 1780581099846
26/06/04 13:51:40 INFO Utils: Copying /home/***/.ivy2/jars/org.apache.hadoop_hadoop-aws-3.3.4.jar to /tmp/spark-b611bfcc-784d-4ce1-9f01-06882ebc797e/userFiles-00a12183-4c97-4c84-b5a1-aa2100b12e2d/org.apache.hadoop_hadoop-aws-3.3.4.jar
26/06/04 13:51:40 INFO SparkContext: Added file file:///home/***/.ivy2/jars/com.amazonaws_aws-java-sdk-bundle-1.12.262.jar at file:///home/***/.ivy2/jars/com.amazonaws_aws-java-sdk-bundle-1.12.262.jar with timestamp 1780581099846
26/06/04 13:51:40 INFO Utils: Copying /home/***/.ivy2/jars/com.amazonaws_aws-java-sdk-bundle-1.12.262.jar to /tmp/spark-b611bfcc-784d-4ce1-9f01-06882ebc797e/userFiles-00a12183-4c97-4c84-b5a1-aa2100b12e2d/com.amazonaws_aws-java-sdk-bundle-1.12.262.jar
26/06/04 13:51:41 INFO SparkContext: Added file file:///home/***/.ivy2/jars/io.delta_delta-storage-3.3.0.jar at file:///home/***/.ivy2/jars/io.delta_delta-storage-3.3.0.jar with timestamp 1780581099846
26/06/04 13:51:41 INFO Utils: Copying /home/***/.ivy2/jars/io.delta_delta-storage-3.3.0.jar to /tmp/spark-b611bfcc-784d-4ce1-9f01-06882ebc797e/userFiles-00a12183-4c97-4c84-b5a1-aa2100b12e2d/io.delta_delta-storage-3.3.0.jar
26/06/04 13:51:41 INFO SparkContext: Added file file:///home/***/.ivy2/jars/org.antlr_antlr4-runtime-4.9.3.jar at file:///home/***/.ivy2/jars/org.antlr_antlr4-runtime-4.9.3.jar with timestamp 1780581099846
26/06/04 13:51:41 INFO Utils: Copying /home/***/.ivy2/jars/org.antlr_antlr4-runtime-4.9.3.jar to /tmp/spark-b611bfcc-784d-4ce1-9f01-06882ebc797e/userFiles-00a12183-4c97-4c84-b5a1-aa2100b12e2d/org.antlr_antlr4-runtime-4.9.3.jar
26/06/04 13:51:41 INFO SparkContext: Added file file:///home/***/.ivy2/jars/org.wildfly.openssl_wildfly-openssl-1.0.7.Final.jar at file:///home/***/.ivy2/jars/org.wildfly.openssl_wildfly-openssl-1.0.7.Final.jar with timestamp 1780581099846
26/06/04 13:51:41 INFO Utils: Copying /home/***/.ivy2/jars/org.wildfly.openssl_wildfly-openssl-1.0.7.Final.jar to /tmp/spark-b611bfcc-784d-4ce1-9f01-06882ebc797e/userFiles-00a12183-4c97-4c84-b5a1-aa2100b12e2d/org.wildfly.openssl_wildfly-openssl-1.0.7.Final.jar
26/06/04 13:51:41 INFO Executor: Starting executor ID driver on host host.containers.internal
26/06/04 13:51:41 INFO Executor: OS info Linux, 5.10.0-42-amd64, amd64
26/06/04 13:51:41 INFO Executor: Java version 17.0.11
26/06/04 13:51:41 INFO Executor: Starting executor with user classpath (userClassPathFirst = false): ''
26/06/04 13:51:41 INFO Executor: Created or updated repl class loader org.apache.spark.util.MutableURLClassLoader@6915778b for default.
26/06/04 13:51:41 INFO Executor: Fetching file:///home/***/.ivy2/jars/io.delta_delta-storage-3.3.0.jar with timestamp 1780581099846
26/06/04 13:51:41 INFO Utils: /home/***/.ivy2/jars/io.delta_delta-storage-3.3.0.jar has been previously copied to /tmp/spark-b611bfcc-784d-4ce1-9f01-06882ebc797e/userFiles-00a12183-4c97-4c84-b5a1-aa2100b12e2d/io.delta_delta-storage-3.3.0.jar
26/06/04 13:51:41 INFO Executor: Fetching file:///home/***/.ivy2/jars/org.apache.hadoop_hadoop-aws-3.3.4.jar with timestamp 1780581099846
26/06/04 13:51:41 INFO Utils: /home/***/.ivy2/jars/org.apache.hadoop_hadoop-aws-3.3.4.jar has been previously copied to /tmp/spark-b611bfcc-784d-4ce1-9f01-06882ebc797e/userFiles-00a12183-4c97-4c84-b5a1-aa2100b12e2d/org.apache.hadoop_hadoop-aws-3.3.4.jar
26/06/04 13:51:41 INFO Executor: Fetching file:///home/***/.ivy2/jars/io.delta_delta-spark_2.12-3.3.0.jar with timestamp 1780581099846
26/06/04 13:51:41 INFO Utils: /home/***/.ivy2/jars/io.delta_delta-spark_2.12-3.3.0.jar has been previously copied to /tmp/spark-b611bfcc-784d-4ce1-9f01-06882ebc797e/userFiles-00a12183-4c97-4c84-b5a1-aa2100b12e2d/io.delta_delta-spark_2.12-3.3.0.jar
26/06/04 13:51:41 INFO Executor: Fetching file:///home/***/.ivy2/jars/org.antlr_antlr4-runtime-4.9.3.jar with timestamp 1780581099846
26/06/04 13:51:41 INFO Utils: /home/***/.ivy2/jars/org.antlr_antlr4-runtime-4.9.3.jar has been previously copied to /tmp/spark-b611bfcc-784d-4ce1-9f01-06882ebc797e/userFiles-00a12183-4c97-4c84-b5a1-aa2100b12e2d/org.antlr_antlr4-runtime-4.9.3.jar
26/06/04 13:51:41 INFO Executor: Fetching file:///home/***/.ivy2/jars/org.wildfly.openssl_wildfly-openssl-1.0.7.Final.jar with timestamp 1780581099846
26/06/04 13:51:41 INFO Utils: /home/***/.ivy2/jars/org.wildfly.openssl_wildfly-openssl-1.0.7.Final.jar has been previously copied to /tmp/spark-b611bfcc-784d-4ce1-9f01-06882ebc797e/userFiles-00a12183-4c97-4c84-b5a1-aa2100b12e2d/org.wildfly.openssl_wildfly-openssl-1.0.7.Final.jar
26/06/04 13:51:41 INFO Executor: Fetching file:///home/***/.ivy2/jars/com.amazonaws_aws-java-sdk-bundle-1.12.262.jar with timestamp 1780581099846
26/06/04 13:51:41 INFO Utils: /home/***/.ivy2/jars/com.amazonaws_aws-java-sdk-bundle-1.12.262.jar has been previously copied to /tmp/spark-b611bfcc-784d-4ce1-9f01-06882ebc797e/userFiles-00a12183-4c97-4c84-b5a1-aa2100b12e2d/com.amazonaws_aws-java-sdk-bundle-1.12.262.jar
26/06/04 13:51:41 INFO Executor: Fetching spark://host.containers.internal:44789/jars/com.amazonaws_aws-java-sdk-bundle-1.12.262.jar with timestamp 1780581099846
26/06/04 13:51:41 INFO TransportClientFactory: Successfully created connection to host.containers.internal/192.168.1.120:44789 after 20 ms (0 ms spent in bootstraps)
26/06/04 13:51:41 INFO Utils: Fetching spark://host.containers.internal:44789/jars/com.amazonaws_aws-java-sdk-bundle-1.12.262.jar to /tmp/spark-b611bfcc-784d-4ce1-9f01-06882ebc797e/userFiles-00a12183-4c97-4c84-b5a1-aa2100b12e2d/fetchFileTemp11081486214947516330.tmp
26/06/04 13:51:42 INFO Utils: /tmp/spark-b611bfcc-784d-4ce1-9f01-06882ebc797e/userFiles-00a12183-4c97-4c84-b5a1-aa2100b12e2d/fetchFileTemp11081486214947516330.tmp has been previously copied to /tmp/spark-b611bfcc-784d-4ce1-9f01-06882ebc797e/userFiles-00a12183-4c97-4c84-b5a1-aa2100b12e2d/com.amazonaws_aws-java-sdk-bundle-1.12.262.jar
26/06/04 13:51:42 INFO Executor: Adding file:/tmp/spark-b611bfcc-784d-4ce1-9f01-06882ebc797e/userFiles-00a12183-4c97-4c84-b5a1-aa2100b12e2d/com.amazonaws_aws-java-sdk-bundle-1.12.262.jar to class loader default
26/06/04 13:51:42 INFO Executor: Fetching spark://host.containers.internal:44789/jars/io.delta_delta-storage-3.3.0.jar with timestamp 1780581099846
26/06/04 13:51:42 INFO Utils: Fetching spark://host.containers.internal:44789/jars/io.delta_delta-storage-3.3.0.jar to /tmp/spark-b611bfcc-784d-4ce1-9f01-06882ebc797e/userFiles-00a12183-4c97-4c84-b5a1-aa2100b12e2d/fetchFileTemp6710527799392832779.tmp
26/06/04 13:51:42 INFO Utils: /tmp/spark-b611bfcc-784d-4ce1-9f01-06882ebc797e/userFiles-00a12183-4c97-4c84-b5a1-aa2100b12e2d/fetchFileTemp6710527799392832779.tmp has been previously copied to /tmp/spark-b611bfcc-784d-4ce1-9f01-06882ebc797e/userFiles-00a12183-4c97-4c84-b5a1-aa2100b12e2d/io.delta_delta-storage-3.3.0.jar
26/06/04 13:51:42 INFO Executor: Adding file:/tmp/spark-b611bfcc-784d-4ce1-9f01-06882ebc797e/userFiles-00a12183-4c97-4c84-b5a1-aa2100b12e2d/io.delta_delta-storage-3.3.0.jar to class loader default
26/06/04 13:51:42 INFO Executor: Fetching spark://host.containers.internal:44789/jars/org.wildfly.openssl_wildfly-openssl-1.0.7.Final.jar with timestamp 1780581099846
26/06/04 13:51:42 INFO Utils: Fetching spark://host.containers.internal:44789/jars/org.wildfly.openssl_wildfly-openssl-1.0.7.Final.jar to /tmp/spark-b611bfcc-784d-4ce1-9f01-06882ebc797e/userFiles-00a12183-4c97-4c84-b5a1-aa2100b12e2d/fetchFileTemp8239451619804898413.tmp
26/06/04 13:51:42 INFO Utils: /tmp/spark-b611bfcc-784d-4ce1-9f01-06882ebc797e/userFiles-00a12183-4c97-4c84-b5a1-aa2100b12e2d/fetchFileTemp8239451619804898413.tmp has been previously copied to /tmp/spark-b611bfcc-784d-4ce1-9f01-06882ebc797e/userFiles-00a12183-4c97-4c84-b5a1-aa2100b12e2d/org.wildfly.openssl_wildfly-openssl-1.0.7.Final.jar
26/06/04 13:51:42 INFO Executor: Adding file:/tmp/spark-b611bfcc-784d-4ce1-9f01-06882ebc797e/userFiles-00a12183-4c97-4c84-b5a1-aa2100b12e2d/org.wildfly.openssl_wildfly-openssl-1.0.7.Final.jar to class loader default
26/06/04 13:51:42 INFO Executor: Fetching spark://host.containers.internal:44789/jars/org.apache.hadoop_hadoop-aws-3.3.4.jar with timestamp 1780581099846
26/06/04 13:51:42 INFO Utils: Fetching spark://host.containers.internal:44789/jars/org.apache.hadoop_hadoop-aws-3.3.4.jar to /tmp/spark-b611bfcc-784d-4ce1-9f01-06882ebc797e/userFiles-00a12183-4c97-4c84-b5a1-aa2100b12e2d/fetchFileTemp5201163971707135478.tmp
26/06/04 13:51:42 INFO Utils: /tmp/spark-b611bfcc-784d-4ce1-9f01-06882ebc797e/userFiles-00a12183-4c97-4c84-b5a1-aa2100b12e2d/fetchFileTemp5201163971707135478.tmp has been previously copied to /tmp/spark-b611bfcc-784d-4ce1-9f01-06882ebc797e/userFiles-00a12183-4c97-4c84-b5a1-aa2100b12e2d/org.apache.hadoop_hadoop-aws-3.3.4.jar
26/06/04 13:51:42 INFO Executor: Adding file:/tmp/spark-b611bfcc-784d-4ce1-9f01-06882ebc797e/userFiles-00a12183-4c97-4c84-b5a1-aa2100b12e2d/org.apache.hadoop_hadoop-aws-3.3.4.jar to class loader default
26/06/04 13:51:42 INFO Executor: Fetching spark://host.containers.internal:44789/jars/io.delta_delta-spark_2.12-3.3.0.jar with timestamp 1780581099846
26/06/04 13:51:42 INFO Utils: Fetching spark://host.containers.internal:44789/jars/io.delta_delta-spark_2.12-3.3.0.jar to /tmp/spark-b611bfcc-784d-4ce1-9f01-06882ebc797e/userFiles-00a12183-4c97-4c84-b5a1-aa2100b12e2d/fetchFileTemp14030051692863730578.tmp
26/06/04 13:51:42 INFO Utils: /tmp/spark-b611bfcc-784d-4ce1-9f01-06882ebc797e/userFiles-00a12183-4c97-4c84-b5a1-aa2100b12e2d/fetchFileTemp14030051692863730578.tmp has been previously copied to /tmp/spark-b611bfcc-784d-4ce1-9f01-06882ebc797e/userFiles-00a12183-4c97-4c84-b5a1-aa2100b12e2d/io.delta_delta-spark_2.12-3.3.0.jar
26/06/04 13:51:42 INFO Executor: Adding file:/tmp/spark-b611bfcc-784d-4ce1-9f01-06882ebc797e/userFiles-00a12183-4c97-4c84-b5a1-aa2100b12e2d/io.delta_delta-spark_2.12-3.3.0.jar to class loader default
26/06/04 13:51:42 INFO Executor: Fetching spark://host.containers.internal:44789/jars/org.antlr_antlr4-runtime-4.9.3.jar with timestamp 1780581099846
26/06/04 13:51:42 INFO Utils: Fetching spark://host.containers.internal:44789/jars/org.antlr_antlr4-runtime-4.9.3.jar to /tmp/spark-b611bfcc-784d-4ce1-9f01-06882ebc797e/userFiles-00a12183-4c97-4c84-b5a1-aa2100b12e2d/fetchFileTemp5151147417842260830.tmp
26/06/04 13:51:42 INFO Utils: /tmp/spark-b611bfcc-784d-4ce1-9f01-06882ebc797e/userFiles-00a12183-4c97-4c84-b5a1-aa2100b12e2d/fetchFileTemp5151147417842260830.tmp has been previously copied to /tmp/spark-b611bfcc-784d-4ce1-9f01-06882ebc797e/userFiles-00a12183-4c97-4c84-b5a1-aa2100b12e2d/org.antlr_antlr4-runtime-4.9.3.jar
26/06/04 13:51:42 INFO Executor: Adding file:/tmp/spark-b611bfcc-784d-4ce1-9f01-06882ebc797e/userFiles-00a12183-4c97-4c84-b5a1-aa2100b12e2d/org.antlr_antlr4-runtime-4.9.3.jar to class loader default
26/06/04 13:51:42 INFO Utils: Successfully started service 'org.apache.spark.network.netty.NettyBlockTransferService' on port 40061.
26/06/04 13:51:42 INFO NettyBlockTransferService: Server created on host.containers.internal:40061
26/06/04 13:51:42 INFO BlockManager: Using org.apache.spark.storage.RandomBlockReplicationPolicy for block replication policy
26/06/04 13:51:42 INFO BlockManagerMaster: Registering BlockManager BlockManagerId(driver, host.containers.internal, 40061, None)
26/06/04 13:51:42 INFO BlockManagerMasterEndpoint: Registering block manager host.containers.internal:40061 with 434.4 MiB RAM, BlockManagerId(driver, host.containers.internal, 40061, None)
26/06/04 13:51:42 INFO BlockManagerMaster: Registered BlockManager BlockManagerId(driver, host.containers.internal, 40061, None)
26/06/04 13:51:42 INFO BlockManager: Initialized BlockManager: BlockManagerId(driver, host.containers.internal, 40061, None)
26/06/04 13:51:42 INFO SingleEventLogFileWriter: Logging events to file:/.tmp/spark-logs/local-1780581101046.inprogress
2026-06-04 13:51:43.325 | INFO     | utils:build_spark_session:101 - Spark version: 3.5.6
2026-06-04 13:51:43.325 | INFO     | __main__:transform_patients:77 - Transforming raw_patients → stg_patients ...
26/06/04 13:51:44 WARN MetricsConfig: Cannot locate configuration: tried hadoop-metrics2-s3a-file-system.properties,hadoop-metrics2.properties
26/06/04 13:51:49 WARN SparkStringUtils: Truncated the string representation of a plan since it was too large. This behavior can be adjusted by setting 'spark.sql.debug.maxToStringFields'.
2026-06-04 13:51:57.161 | INFO     | __main__:transform_patients:95 -   stg_patients: 10,000 → 10,000 rows (removed 0 dupes)
/home/***/.local/lib/python3.12/site-packages/sqlalchemy_redshift/commands.py:31: SyntaxWarning: invalid escape sequence '\-'
  IAM_ROLE_NAME_RE = re.compile('[A-Za-z0-9+=,.@\-_]{1,64}')  # noqa
/home/***/.local/lib/python3.12/site-packages/sqlalchemy_redshift/commands.py:33: SyntaxWarning: invalid escape sequence '\-'
  '[0-9]{12}:role/[A-Za-z0-9+=,.@\-_]{1,64}')  # noqa
2026-06-04 13:52:12.337 | INFO     | utils:run_data_assertions:287 - Running data quality assertions on stg_patients...
2026-06-04 13:52:15.074 | WARNING  | utils:run_data_assertions:370 - Failed to emit assertions to DataHub: (<avro.schema.RecordSchema object at 0x7fee9d856ff0>, AssertionInfoClass({'customProperties': {}, 'externalUrl': None, 'type': 'DATASET', 'datasetAssertion': DatasetAssertionInfoClass({'dataset': 'urn:li:dataset:(urn:li:dataPlatform:trino,delta.silver.stg_patients,PROD)', 'scope': 'DATASET_COLUMN', 'fields': ['patient_id'], 'aggregation': None, 'operator': 'EQUAL', 'parameters': None, 'nativeType': None, 'nativeParameters': None, 'logic': None}), 'freshnessAssertion': None, 'volumeAssertion': None, 'sqlAssertion': None, 'fieldAssertion': None, 'schemaAssertion': None, 'customAssertion': None, 'source': None, 'lastUpdated': None, 'description': None, 'note': None}))
2026-06-04 13:52:18.141 | INFO     | __main__:transform_wards:114 - Transforming raw_wards → stg_wards ...
2026-06-04 13:52:21.546 | INFO     | __main__:transform_wards:128 -   stg_wards: 4 → 4 rows
2026-06-04 13:52:21.547 | INFO     | utils:run_data_assertions:287 - Running data quality assertions on stg_wards...
2026-06-04 13:52:22.763 | WARNING  | utils:run_data_assertions:370 - Failed to emit assertions to DataHub: (<avro.schema.RecordSchema object at 0x7fee9d856ff0>, AssertionInfoClass({'customProperties': {}, 'externalUrl': None, 'type': 'DATASET', 'datasetAssertion': DatasetAssertionInfoClass({'dataset': 'urn:li:dataset:(urn:li:dataPlatform:trino,delta.silver.stg_wards,PROD)', 'scope': 'DATASET_COLUMN', 'fields': ['ward_id'], 'aggregation': None, 'operator': 'EQUAL', 'parameters': None, 'nativeType': None, 'nativeParameters': None, 'logic': None}), 'freshnessAssertion': None, 'volumeAssertion': None, 'sqlAssertion': None, 'fieldAssertion': None, 'schemaAssertion': None, 'customAssertion': None, 'source': None, 'lastUpdated': None, 'description': None, 'note': None}))
2026-06-04 13:52:23.660 | INFO     | __main__:transform_event_metadata:147 - Transforming raw_event_metadata → stg_event_metadata ...
2026-06-04 13:52:26.851 | INFO     | __main__:transform_event_metadata:159 -   stg_event_metadata: 17 → 17 rows
2026-06-04 13:52:26.851 | INFO     | utils:run_data_assertions:287 - Running data quality assertions on stg_event_metadata...
2026-06-04 13:52:27.836 | WARNING  | utils:run_data_assertions:370 - Failed to emit assertions to DataHub: (<avro.schema.RecordSchema object at 0x7fee9d856ff0>, AssertionInfoClass({'customProperties': {}, 'externalUrl': None, 'type': 'DATASET', 'datasetAssertion': DatasetAssertionInfoClass({'dataset': 'urn:li:dataset:(urn:li:dataPlatform:trino,delta.silver.stg_event_metadata,PROD)', 'scope': 'DATASET_COLUMN', 'fields': ['event_type_id'], 'aggregation': None, 'operator': 'EQUAL', 'parameters': None, 'nativeType': None, 'nativeParameters': None, 'logic': None}), 'freshnessAssertion': None, 'volumeAssertion': None, 'sqlAssertion': None, 'fieldAssertion': None, 'schemaAssertion': None, 'customAssertion': None, 'source': None, 'lastUpdated': None, 'description': None, 'note': None}))
2026-06-04 13:52:28.743 | INFO     | __main__:transform_visits:186 - Transforming raw_visits → stg_visits ...
2026-06-04 13:52:31.651 | INFO     | __main__:transform_visits:219 -   stg_visits: 50,000 → 50,000 rows
2026-06-04 13:52:31.651 | INFO     | utils:run_data_assertions:287 - Running data quality assertions on stg_visits...
2026-06-04 13:52:33.454 | WARNING  | utils:run_data_assertions:370 - Failed to emit assertions to DataHub: (<avro.schema.RecordSchema object at 0x7fee9d856ff0>, AssertionInfoClass({'customProperties': {}, 'externalUrl': None, 'type': 'DATASET', 'datasetAssertion': DatasetAssertionInfoClass({'dataset': 'urn:li:dataset:(urn:li:dataPlatform:trino,delta.silver.stg_visits,PROD)', 'scope': 'DATASET_COLUMN', 'fields': ['visit_id'], 'aggregation': None, 'operator': 'EQUAL', 'parameters': None, 'nativeType': None, 'nativeParameters': None, 'logic': None}), 'freshnessAssertion': None, 'volumeAssertion': None, 'sqlAssertion': None, 'fieldAssertion': None, 'schemaAssertion': None, 'customAssertion': None, 'source': None, 'lastUpdated': None, 'description': None, 'note': None}))
2026-06-04 13:53:12.095 | INFO     | __main__:transform_events:248 - Transforming raw_events → stg_events ...
2026-06-04 13:53:17.275 | INFO     | __main__:transform_events:276 -   stg_events: 153,000 → 150,000 rows
2026-06-04 13:53:17.275 | INFO     | __main__:transform_events:277 -   Duplicates removed: 3,000 (1.96%)
2026-06-04 13:53:17.275 | INFO     | __main__:transform_events:278 -   Unknown event_type rows flagged: 0
2026-06-04 13:53:17.275 | INFO     | utils:run_data_assertions:287 - Running data quality assertions on stg_events...
2026-06-04 13:53:21.040 | WARNING  | utils:run_data_assertions:370 - Failed to emit assertions to DataHub: (<avro.schema.RecordSchema object at 0x7fee9d856ff0>, AssertionInfoClass({'customProperties': {}, 'externalUrl': None, 'type': 'DATASET', 'datasetAssertion': DatasetAssertionInfoClass({'dataset': 'urn:li:dataset:(urn:li:dataPlatform:trino,delta.silver.stg_events,PROD)', 'scope': 'DATASET_COLUMN', 'fields': ['event_id'], 'aggregation': None, 'operator': 'EQUAL', 'parameters': None, 'nativeType': None, 'nativeParameters': None, 'logic': None}), 'freshnessAssertion': None, 'volumeAssertion': None, 'sqlAssertion': None, 'fieldAssertion': None, 'schemaAssertion': None, 'customAssertion': None, 'source': None, 'lastUpdated': None, 'description': None, 'note': None}))
2026-06-04 13:54:00.645 | INFO     | __main__:main:314 - ============================================================
2026-06-04 13:54:00.645 | INFO     | __main__:main:315 - Silver table row counts:
2026-06-04 13:54:00.645 | INFO     | __main__:main:317 -   stg_patients             :     10,000 rows
2026-06-04 13:54:00.645 | INFO     | __main__:main:317 -   stg_wards                :          4 rows
2026-06-04 13:54:00.645 | INFO     | __main__:main:317 -   stg_event_metadata       :         17 rows
2026-06-04 13:54:00.645 | INFO     | __main__:main:317 -   stg_visits               :     50,000 rows
2026-06-04 13:54:00.645 | INFO     | __main__:main:317 -   stg_events               :    150,000 rows
2026-06-04 13:54:00.645 | INFO     | utils:register_tables_in_trino:133 - Registering tables in Trino under delta.silver ...
2026-06-04 13:54:00.673 | INFO     | utils:register_tables_in_trino:146 -   delta.silver schema ensured.
2026-06-04 13:54:00.673 | INFO     | utils:register_tables_in_trino:149 -   Registering delta.silver.stg_patients ...
2026-06-04 13:54:00.797 | INFO     | utils:register_tables_in_trino:149 -   Registering delta.silver.stg_wards ...
2026-06-04 13:54:00.876 | INFO     | utils:register_tables_in_trino:149 -   Registering delta.silver.stg_event_metadata ...
2026-06-04 13:54:00.945 | INFO     | utils:register_tables_in_trino:149 -   Registering delta.silver.stg_visits ...
2026-06-04 13:54:01.582 | INFO     | utils:register_tables_in_trino:149 -   Registering delta.silver.stg_events ...
2026-06-04 13:54:02.202 | INFO     | utils:register_tables_in_trino:161 -   All tables registered in Trino under delta.silver.
2026-06-04 13:54:02.792 | INFO     | __main__:main:326 - ============================================================
2026-06-04 13:54:02.792 | INFO     | __main__:main:327 - Silver transformation complete. run_id=20260604_135139, elapsed=143.1s
2026-06-04 13:54:02.792 | INFO     | __main__:main:328 - ============================================================
[2026-06-04T13:54:05.405+0000] {logging_mixin.py:190} WARNING - 2026-06-04 13:51:30.079 | INFO     | utils:run_with_spark_submit:179 - Script was not started with spark-submit. Submitting job to cluster via subprocess...
2026-06-04 13:51:30.079 | INFO     | utils:run_with_spark_submit:189 - Running command: spark-submit --master local[*] --packages io.delta:delta-spark_2.12:3.3.0,org.apache.hadoop:hadoop-aws:3.3.4,com.amazonaws:aws-java-sdk-bundle:1.12.262 /opt/***/scripts/3_transform_to_silver.py
[2026-06-04T13:54:05.664+0000] {logging_mixin.py:190} INFO - [datahub] Emitted batch step: silver_transform
[2026-06-04T13:54:05.680+0000] {logging_mixin.py:190} INFO - [run-meta] silver_transform → SUCCESS  run_id=84426590-d2d0-4a7b-8659-caede29bafae
[2026-06-04T13:54:05.681+0000] {python.py:240} INFO - Done. Returned value was: None
[2026-06-04T13:54:05.691+0000] {taskinstance.py:340} INFO - ::group::Post task execution logs
[2026-06-04T13:54:05.692+0000] {taskinstance.py:352} INFO - Marking task as SUCCESS. dag_id=ehr_data_pipeline, task_id=silver_transform, run_id=manual__2026-06-04T13:51:19.776344+00:00, execution_date=20260604T135119, start_date=20260604T135129, end_date=20260604T135405
[2026-06-04T13:54:05.758+0000] {local_task_job_runner.py:266} INFO - Task exited with return code 0
[2026-06-04T13:54:05.781+0000] {taskinstance.py:3900} INFO - 1 downstream tasks scheduled from follow-on schedule check
[2026-06-04T13:54:05.795+0000] {local_task_job_runner.py:245} INFO - ::endgroup::
