[2026-06-04T13:51:21.616+0000] {local_task_job_runner.py:123} INFO - ::group::Pre task execution logs
[2026-06-04T13:51:21.639+0000] {taskinstance.py:2612} INFO - Dependencies all met for dep_context=non-requeueable deps ti=<TaskInstance: ehr_data_pipeline.push_stream_features manual__2026-06-04T13:51:19.776344+00:00 [queued]>
[2026-06-04T13:51:21.658+0000] {taskinstance.py:2612} INFO - Dependencies all met for dep_context=requeueable deps ti=<TaskInstance: ehr_data_pipeline.push_stream_features manual__2026-06-04T13:51:19.776344+00:00 [queued]>
[2026-06-04T13:51:21.659+0000] {taskinstance.py:2865} INFO - Starting attempt 1 of 1
[2026-06-04T13:51:21.684+0000] {taskinstance.py:2888} INFO - Executing <Task(PythonOperator): push_stream_features> on 2026-06-04 13:51:19.776344+00:00
[2026-06-04T13:51:21.698+0000] {standard_task_runner.py:104} INFO - Running: ['***', 'tasks', 'run', 'ehr_data_pipeline', 'push_stream_features', 'manual__2026-06-04T13:51:19.776344+00:00', '--job-id', '25', '--raw', '--subdir', 'DAGS_FOLDER/ehr_data_pipeline.py', '--cfg-path', '/tmp/tmp4kwvgsj1']
[2026-06-04T13:51:21.701+0000] {standard_task_runner.py:105} INFO - Job 25: Subtask push_stream_features
[2026-06-04T13:51:21.703+0000] {logging_mixin.py:190} WARNING - /home/***/.local/lib/python3.12/site-packages/***/task/task_runner/standard_task_runner.py:70 DeprecationWarning: This process (pid=1028) is multi-threaded, use of fork() may lead to deadlocks in the child.
[2026-06-04T13:51:21.704+0000] {standard_task_runner.py:72} INFO - Started process 1029 to run task
[2026-06-04T13:51:21.772+0000] {task_command.py:467} INFO - Running <TaskInstance: ehr_data_pipeline.push_stream_features manual__2026-06-04T13:51:19.776344+00:00 [running]> on host g120.grove.adaptcentre.ie
[2026-06-04T13:51:21.902+0000] {taskinstance.py:3131} INFO - Exporting env vars: AIRFLOW_CTX_DAG_OWNER='***' AIRFLOW_CTX_DAG_ID='ehr_data_pipeline' AIRFLOW_CTX_TASK_ID='push_stream_features' AIRFLOW_CTX_EXECUTION_DATE='2026-06-04T13:51:19.776344+00:00' AIRFLOW_CTX_TRY_NUMBER='1' AIRFLOW_CTX_DAG_RUN_ID='manual__2026-06-04T13:51:19.776344+00:00'
[2026-06-04T13:51:21.904+0000] {taskinstance.py:731} INFO - ::endgroup::
[2026-06-04T13:51:21.953+0000] {logging_mixin.py:190} INFO - [feature-pipeline] Running stream feature push for 60s ...
[2026-06-04T13:51:22.970+0000] {logging_mixin.py:190} INFO - [feature-pipeline] Stream push complete.
[2026-06-04T13:51:23.120+0000] {logging_mixin.py:190} INFO - [datahub] Emitted stream step: push_stream_features
[2026-06-04T13:51:23.135+0000] {logging_mixin.py:190} INFO - [run-meta] push_stream_features → SUCCESS  run_id=2bb28c75-496d-4519-a149-4b5ac5562b18
[2026-06-04T13:51:23.135+0000] {python.py:240} INFO - Done. Returned value was: None
[2026-06-04T13:51:23.171+0000] {taskinstance.py:340} INFO - ::group::Post task execution logs
[2026-06-04T13:51:23.172+0000] {taskinstance.py:352} INFO - Marking task as SUCCESS. dag_id=ehr_data_pipeline, task_id=push_stream_features, run_id=manual__2026-06-04T13:51:19.776344+00:00, execution_date=20260604T135119, start_date=20260604T135121, end_date=20260604T135123
[2026-06-04T13:51:23.207+0000] {local_task_job_runner.py:266} INFO - Task exited with return code 0
[2026-06-04T13:51:23.228+0000] {taskinstance.py:3900} INFO - 0 downstream tasks scheduled from follow-on schedule check
[2026-06-04T13:51:23.233+0000] {local_task_job_runner.py:245} INFO - ::endgroup::
