[2026-06-04T16:30:34.614+0000] {local_task_job_runner.py:123} INFO - ::group::Pre task execution logs
[2026-06-04T16:30:34.640+0000] {taskinstance.py:2612} INFO - Dependencies all met for dep_context=non-requeueable deps ti=<TaskInstance: ehr_data_pipeline.feast_materialize manual__2026-06-04T16:21:14.038551+00:00 [queued]>
[2026-06-04T16:30:34.656+0000] {taskinstance.py:2612} INFO - Dependencies all met for dep_context=requeueable deps ti=<TaskInstance: ehr_data_pipeline.feast_materialize manual__2026-06-04T16:21:14.038551+00:00 [queued]>
[2026-06-04T16:30:34.661+0000] {taskinstance.py:2865} INFO - Starting attempt 1 of 1
[2026-06-04T16:30:34.684+0000] {taskinstance.py:2888} INFO - Executing <Task(PythonOperator): feast_materialize> on 2026-06-04 16:21:14.038551+00:00
[2026-06-04T16:30:34.696+0000] {logging_mixin.py:190} WARNING - /home/***/.local/lib/python3.12/site-packages/***/task/task_runner/standard_task_runner.py:70 DeprecationWarning: This process (pid=7643) is multi-threaded, use of fork() may lead to deadlocks in the child.
[2026-06-04T16:30:34.696+0000] {standard_task_runner.py:104} INFO - Running: ['***', 'tasks', 'run', 'ehr_data_pipeline', 'feast_materialize', 'manual__2026-06-04T16:21:14.038551+00:00', '--job-id', '92', '--raw', '--subdir', 'DAGS_FOLDER/ehr_data_pipeline.py', '--cfg-path', '/tmp/tmp1h1ikcpo']
[2026-06-04T16:30:34.702+0000] {standard_task_runner.py:72} INFO - Started process 7644 to run task
[2026-06-04T16:30:34.707+0000] {standard_task_runner.py:105} INFO - Job 92: Subtask feast_materialize
[2026-06-04T16:30:34.767+0000] {task_command.py:467} INFO - Running <TaskInstance: ehr_data_pipeline.feast_materialize manual__2026-06-04T16:21:14.038551+00:00 [running]> on host g120.grove.adaptcentre.ie
[2026-06-04T16:30:34.847+0000] {taskinstance.py:3131} INFO - Exporting env vars: AIRFLOW_CTX_DAG_OWNER='***' AIRFLOW_CTX_DAG_ID='ehr_data_pipeline' AIRFLOW_CTX_TASK_ID='feast_materialize' AIRFLOW_CTX_EXECUTION_DATE='2026-06-04T16:21:14.038551+00:00' AIRFLOW_CTX_TRY_NUMBER='1' AIRFLOW_CTX_DAG_RUN_ID='manual__2026-06-04T16:21:14.038551+00:00'
[2026-06-04T16:30:34.853+0000] {taskinstance.py:731} INFO - ::endgroup::
[2026-06-04T16:30:44.318+0000] {logging_mixin.py:190} INFO - [feast] Applied feature definitions.
[2026-06-04T16:30:44.396+0000] {registry.py:1349} INFO - Registry cache expired, so refreshing
[2026-06-04T16:30:44.409+0000] {registry.py:1349} INFO - Registry cache expired, so refreshing
[2026-06-04T16:30:44.419+0000] {registry.py:1349} INFO - Registry cache expired, so refreshing
[2026-06-04T16:30:44.429+0000] {logging_mixin.py:190} INFO - Materializing 5 feature views from 2025-06-04 16:30:44+00:00 to 2026-06-04 16:30:44+00:00 into the redis online store.
[2026-06-04T16:30:44.437+0000] {logging_mixin.py:190} INFO - patient_demographics:
[2026-06-04T16:30:44.445+0000] {registry.py:1349} INFO - Registry cache expired, so refreshing
[2026-06-04T16:30:44.449+0000] {registry.py:1349} INFO - Registry cache expired, so refreshing
[2026-06-04T16:30:44.453+0000] {registry.py:1349} INFO - Registry cache expired, so refreshing
[2026-06-04T16:30:44.457+0000] {registry.py:1349} INFO - Registry cache expired, so refreshing
[2026-06-04T16:30:44.539+0000] {logging_mixin.py:190} INFO - patient_icd:
[2026-06-04T16:30:44.544+0000] {registry.py:1349} INFO - Registry cache expired, so refreshing
[2026-06-04T16:30:44.548+0000] {registry.py:1349} INFO - Registry cache expired, so refreshing
[2026-06-04T16:30:44.553+0000] {registry.py:1349} INFO - Registry cache expired, so refreshing
[2026-06-04T16:30:44.557+0000] {registry.py:1349} INFO - Registry cache expired, so refreshing
[2026-06-04T16:30:44.629+0000] {logging_mixin.py:190} INFO - patient_medication:
[2026-06-04T16:30:44.634+0000] {registry.py:1349} INFO - Registry cache expired, so refreshing
[2026-06-04T16:30:44.639+0000] {registry.py:1349} INFO - Registry cache expired, so refreshing
[2026-06-04T16:30:44.644+0000] {registry.py:1349} INFO - Registry cache expired, so refreshing
[2026-06-04T16:30:44.650+0000] {registry.py:1349} INFO - Registry cache expired, so refreshing
[2026-06-04T16:30:44.715+0000] {logging_mixin.py:190} INFO - patient_vitals:
[2026-06-04T16:30:44.720+0000] {registry.py:1349} INFO - Registry cache expired, so refreshing
[2026-06-04T16:30:44.727+0000] {registry.py:1349} INFO - Registry cache expired, so refreshing
[2026-06-04T16:30:44.737+0000] {registry.py:1349} INFO - Registry cache expired, so refreshing
[2026-06-04T16:30:44.743+0000] {registry.py:1349} INFO - Registry cache expired, so refreshing
[2026-06-04T16:30:44.820+0000] {logging_mixin.py:190} INFO - patient_labs:
[2026-06-04T16:30:44.826+0000] {registry.py:1349} INFO - Registry cache expired, so refreshing
[2026-06-04T16:30:44.838+0000] {registry.py:1349} INFO - Registry cache expired, so refreshing
[2026-06-04T16:30:44.844+0000] {registry.py:1349} INFO - Registry cache expired, so refreshing
[2026-06-04T16:30:44.850+0000] {registry.py:1349} INFO - Registry cache expired, so refreshing
[2026-06-04T16:30:44.912+0000] {logging_mixin.py:190} INFO - [feast] Materialized 2025-06-04 → 2026-06-04
[2026-06-04T16:30:44.989+0000] {logging_mixin.py:190} INFO - [datahub] Emitted batch step: feast_materialize
[2026-06-04T16:30:45.003+0000] {logging_mixin.py:190} INFO - [run-meta] feast_materialize → SUCCESS  run_id=38616c90-d459-4dc0-9416-d68907f3d784
[2026-06-04T16:30:45.009+0000] {python.py:240} INFO - Done. Returned value was: None
[2026-06-04T16:30:45.039+0000] {taskinstance.py:340} INFO - ::group::Post task execution logs
[2026-06-04T16:30:45.049+0000] {taskinstance.py:352} INFO - Marking task as SUCCESS. dag_id=ehr_data_pipeline, task_id=feast_materialize, run_id=manual__2026-06-04T16:21:14.038551+00:00, execution_date=20260604T162114, start_date=20260604T163034, end_date=20260604T163045
[2026-06-04T16:30:45.106+0000] {local_task_job_runner.py:266} INFO - Task exited with return code 0
[2026-06-04T16:30:45.128+0000] {taskinstance.py:3900} INFO - 0 downstream tasks scheduled from follow-on schedule check
[2026-06-04T16:30:45.138+0000] {local_task_job_runner.py:245} INFO - ::endgroup::
