[2026-06-04T16:23:53.992+0000] {local_task_job_runner.py:123} INFO - ::group::Pre task execution logs
[2026-06-04T16:23:54.078+0000] {taskinstance.py:2612} INFO - Dependencies all met for dep_context=non-requeueable deps ti=<TaskInstance: datahub_metadata_ingestion.ingest_trino manual__2026-06-04T16:23:51.775528+00:00 [queued]>
[2026-06-04T16:23:54.126+0000] {taskinstance.py:2612} INFO - Dependencies all met for dep_context=requeueable deps ti=<TaskInstance: datahub_metadata_ingestion.ingest_trino manual__2026-06-04T16:23:51.775528+00:00 [queued]>
[2026-06-04T16:23:54.137+0000] {taskinstance.py:2865} INFO - Starting attempt 1 of 1
[2026-06-04T16:23:54.173+0000] {taskinstance.py:2888} INFO - Executing <Task(PythonOperator): ingest_trino> on 2026-06-04 16:23:51.775528+00:00
[2026-06-04T16:23:54.218+0000] {logging_mixin.py:190} WARNING - /home/***/.local/lib/python3.12/site-packages/***/task/task_runner/standard_task_runner.py:70 DeprecationWarning: This process (pid=4846) is multi-threaded, use of fork() may lead to deadlocks in the child.
[2026-06-04T16:23:54.251+0000] {standard_task_runner.py:72} INFO - Started process 4850 to run task
[2026-06-04T16:23:54.222+0000] {standard_task_runner.py:104} INFO - Running: ['***', 'tasks', 'run', 'datahub_metadata_ingestion', 'ingest_trino', 'manual__2026-06-04T16:23:51.775528+00:00', '--job-id', '70', '--raw', '--subdir', 'DAGS_FOLDER/datahub_ingestion.py', '--cfg-path', '/tmp/tmpc61g4xi7']
[2026-06-04T16:23:54.273+0000] {standard_task_runner.py:105} INFO - Job 70: Subtask ingest_trino
[2026-06-04T16:23:54.489+0000] {task_command.py:467} INFO - Running <TaskInstance: datahub_metadata_ingestion.ingest_trino manual__2026-06-04T16:23:51.775528+00:00 [running]> on host g120.grove.adaptcentre.ie
[2026-06-04T16:23:54.884+0000] {taskinstance.py:3131} INFO - Exporting env vars: AIRFLOW_CTX_DAG_OWNER='***' AIRFLOW_CTX_DAG_ID='datahub_metadata_ingestion' AIRFLOW_CTX_TASK_ID='ingest_trino' AIRFLOW_CTX_EXECUTION_DATE='2026-06-04T16:23:51.775528+00:00' AIRFLOW_CTX_TRY_NUMBER='1' AIRFLOW_CTX_DAG_RUN_ID='manual__2026-06-04T16:23:51.775528+00:00'
[2026-06-04T16:23:54.890+0000] {taskinstance.py:731} INFO - ::endgroup::
[2026-06-04T16:23:57.552+0000] {datahub_rest.py:156} WARNING - REST sink mode is ASYNC_BATCH but DATAHUB_EMIT_MODE is SYNC_PRIMARY (sync family). Overriding GMS emit mode to ASYNC.
[2026-06-04T16:23:57.576+0000] {pipeline.py:225} INFO - Sink configured successfully. DataHubRestEmitter: configured to talk to http://127.0.0.1:8088
[2026-06-04T16:24:06.501+0000] {sql_parsing_aggregator.py:505} INFO - Processing join clauses in column-level lineage
[2026-06-04T16:24:07.696+0000] {pipeline.py:266} INFO - Source configured successfully.
[2026-06-04T16:24:23.610+0000] {python.py:240} INFO - Done. Returned value was: None
[2026-06-04T16:24:23.646+0000] {taskinstance.py:340} INFO - ::group::Post task execution logs
[2026-06-04T16:24:23.652+0000] {taskinstance.py:352} INFO - Marking task as SUCCESS. dag_id=datahub_metadata_ingestion, task_id=ingest_trino, run_id=manual__2026-06-04T16:23:51.775528+00:00, execution_date=20260604T162351, start_date=20260604T162354, end_date=20260604T162423
[2026-06-04T16:24:23.768+0000] {local_task_job_runner.py:266} INFO - Task exited with return code 0
[2026-06-04T16:24:23.809+0000] {taskinstance.py:3900} INFO - 0 downstream tasks scheduled from follow-on schedule check
[2026-06-04T16:24:23.816+0000] {local_task_job_runner.py:245} INFO - ::endgroup::
