[2026-06-04T16:25:00.619+0000] {local_task_job_runner.py:123} INFO - ::group::Pre task execution logs
[2026-06-04T16:25:00.666+0000] {taskinstance.py:2612} INFO - Dependencies all met for dep_context=non-requeueable deps ti=<TaskInstance: datahub_metadata_ingestion.ingest_minio_lakehouse scheduled__2026-06-04T16:20:00+00:00 [queued]>
[2026-06-04T16:25:00.696+0000] {taskinstance.py:2612} INFO - Dependencies all met for dep_context=requeueable deps ti=<TaskInstance: datahub_metadata_ingestion.ingest_minio_lakehouse scheduled__2026-06-04T16:20:00+00:00 [queued]>
[2026-06-04T16:25:00.704+0000] {taskinstance.py:2865} INFO - Starting attempt 1 of 1
[2026-06-04T16:25:00.771+0000] {taskinstance.py:2888} INFO - Executing <Task(PythonOperator): ingest_minio_lakehouse> on 2026-06-04 16:20:00+00:00
[2026-06-04T16:25:00.791+0000] {standard_task_runner.py:104} INFO - Running: ['***', 'tasks', 'run', 'datahub_metadata_ingestion', 'ingest_minio_lakehouse', 'scheduled__2026-06-04T16:20:00+00:00', '--job-id', '84', '--raw', '--subdir', 'DAGS_FOLDER/datahub_ingestion.py', '--cfg-path', '/tmp/tmptf5xjy1j']
[2026-06-04T16:25:00.804+0000] {standard_task_runner.py:105} INFO - Job 84: Subtask ingest_minio_lakehouse
[2026-06-04T16:25:00.812+0000] {logging_mixin.py:190} WARNING - /home/***/.local/lib/python3.12/site-packages/***/task/task_runner/standard_task_runner.py:70 DeprecationWarning: This process (pid=5365) is multi-threaded, use of fork() may lead to deadlocks in the child.
[2026-06-04T16:25:00.816+0000] {standard_task_runner.py:72} INFO - Started process 5373 to run task
[2026-06-04T16:25:00.939+0000] {task_command.py:467} INFO - Running <TaskInstance: datahub_metadata_ingestion.ingest_minio_lakehouse scheduled__2026-06-04T16:20:00+00:00 [running]> on host g120.grove.adaptcentre.ie
[2026-06-04T16:25:01.136+0000] {taskinstance.py:3131} INFO - Exporting env vars: AIRFLOW_CTX_DAG_OWNER='***' AIRFLOW_CTX_DAG_ID='datahub_metadata_ingestion' AIRFLOW_CTX_TASK_ID='ingest_minio_lakehouse' AIRFLOW_CTX_EXECUTION_DATE='2026-06-04T16:20:00+00:00' AIRFLOW_CTX_TRY_NUMBER='1' AIRFLOW_CTX_DAG_RUN_ID='scheduled__2026-06-04T16:20:00+00:00'
[2026-06-04T16:25:01.156+0000] {taskinstance.py:731} INFO - ::endgroup::
[2026-06-04T16:25:02.380+0000] {datahub_rest.py:156} WARNING - REST sink mode is ASYNC_BATCH but DATAHUB_EMIT_MODE is SYNC_PRIMARY (sync family). Overriding GMS emit mode to ASYNC.
[2026-06-04T16:25:02.405+0000] {pipeline.py:225} INFO - Sink configured successfully. DataHubRestEmitter: configured to talk to http://127.0.0.1:8088
[2026-06-04T16:25:05.462+0000] {taskinstance.py:3310} ERROR - Task failed with exception
Traceback (most recent call last):
  File "/home/airflow/.local/lib/python3.12/site-packages/datahub/ingestion/api/registry.py", line 124, in _ensure_not_lazy
    plugin_class = import_path(path)
                   ^^^^^^^^^^^^^^^^^
  File "/home/airflow/.local/lib/python3.12/site-packages/datahub/ingestion/api/registry.py", line 53, in import_path
    item = importlib.import_module(module_name)
           ^^^^^^^^^^^^^^^^^^^^^^^^^^^^^^^^^^^^
  File "/usr/local/lib/python3.12/importlib/__init__.py", line 90, in import_module
    return _bootstrap._gcd_import(name[level:], package, level)
           ^^^^^^^^^^^^^^^^^^^^^^^^^^^^^^^^^^^^^^^^^^^^^^^^^^^^
  File "<frozen importlib._bootstrap>", line 1387, in _gcd_import
  File "<frozen importlib._bootstrap>", line 1360, in _find_and_load
  File "<frozen importlib._bootstrap>", line 1331, in _find_and_load_unlocked
  File "<frozen importlib._bootstrap>", line 935, in _load_unlocked
  File "<frozen importlib._bootstrap_external>", line 995, in exec_module
  File "<frozen importlib._bootstrap>", line 488, in _call_with_frames_removed
  File "/home/airflow/.local/lib/python3.12/site-packages/datahub/ingestion/source/s3/__init__.py", line 1, in <module>
    from datahub.ingestion.source.s3.source import S3Source
  File "/home/airflow/.local/lib/python3.12/site-packages/datahub/ingestion/source/s3/source.py", line 44, in <module>
    from datahub.ingestion.source.data_lake_common.data_lake_utils import (
  File "/home/airflow/.local/lib/python3.12/site-packages/datahub/ingestion/source/data_lake_common/data_lake_utils.py", line 28, in <module>
    from datahub.ingestion.source.data_lake_common.path_spec import PathSpec
  File "/home/airflow/.local/lib/python3.12/site-packages/datahub/ingestion/source/data_lake_common/path_spec.py", line 8, in <module>
    import parse
ModuleNotFoundError: No module named 'parse'

The above exception was the direct cause of the following exception:

Traceback (most recent call last):
  File "/home/airflow/.local/lib/python3.12/site-packages/datahub/ingestion/run/pipeline.py", line 78, in _add_init_error_context
    yield
  File "/home/airflow/.local/lib/python3.12/site-packages/datahub/ingestion/run/pipeline.py", line 253, in __init__
    source_class = source_registry.get(self.source_type)
                   ^^^^^^^^^^^^^^^^^^^^^^^^^^^^^^^^^^^^^
  File "/home/airflow/.local/lib/python3.12/site-packages/datahub/ingestion/api/registry.py", line 177, in get
    raise ConfigurationError(
datahub.configuration.common.ConfigurationError: s3 is disabled due to a missing dependency: parse; try running `pip install 'acryl-datahub[s3]'`

The above exception was the direct cause of the following exception:

Traceback (most recent call last):
  File "/home/airflow/.local/lib/python3.12/site-packages/airflow/models/taskinstance.py", line 767, in _execute_task
    result = _execute_callable(context=context, **execute_callable_kwargs)
             ^^^^^^^^^^^^^^^^^^^^^^^^^^^^^^^^^^^^^^^^^^^^^^^^^^^^^^^^^^^^^
  File "/home/airflow/.local/lib/python3.12/site-packages/airflow/models/taskinstance.py", line 733, in _execute_callable
    return ExecutionCallableRunner(
           ^^^^^^^^^^^^^^^^^^^^^^^^
  File "/home/airflow/.local/lib/python3.12/site-packages/airflow/utils/operator_helpers.py", line 252, in run
    return self.func(*args, **kwargs)
           ^^^^^^^^^^^^^^^^^^^^^^^^^^
  File "/home/airflow/.local/lib/python3.12/site-packages/airflow/models/baseoperator.py", line 406, in wrapper
    return func(self, *args, **kwargs)
           ^^^^^^^^^^^^^^^^^^^^^^^^^^^
  File "/home/airflow/.local/lib/python3.12/site-packages/airflow/operators/python.py", line 238, in execute
    return_value = self.execute_callable()
                   ^^^^^^^^^^^^^^^^^^^^^^^
  File "/home/airflow/.local/lib/python3.12/site-packages/airflow/operators/python.py", line 256, in execute_callable
    return runner.run(*self.op_args, **self.op_kwargs)
           ^^^^^^^^^^^^^^^^^^^^^^^^^^^^^^^^^^^^^^^^^^^
  File "/home/airflow/.local/lib/python3.12/site-packages/airflow/utils/operator_helpers.py", line 252, in run
    return self.func(*args, **kwargs)
           ^^^^^^^^^^^^^^^^^^^^^^^^^^
  File "/opt/airflow/dags/datahub_ingestion.py", line 103, in _run_ingestion
    pipeline = Pipeline.create(recipe)
               ^^^^^^^^^^^^^^^^^^^^^^^
  File "/home/airflow/.local/lib/python3.12/site-packages/datahub/ingestion/run/pipeline.py", line 460, in create
    return cls(
           ^^^^
  File "/home/airflow/.local/lib/python3.12/site-packages/datahub/ingestion/run/pipeline.py", line 250, in __init__
    with _add_init_error_context(
         ^^^^^^^^^^^^^^^^^^^^^^^^
  File "/usr/local/lib/python3.12/contextlib.py", line 158, in __exit__
    self.gen.throw(value)
  File "/home/airflow/.local/lib/python3.12/site-packages/datahub/ingestion/run/pipeline.py", line 82, in _add_init_error_context
    raise PipelineInitError(f"Failed to {step}: {e}") from e
datahub.ingestion.run.pipeline.PipelineInitError: Failed to find a registered source for type s3: s3 is disabled due to a missing dependency: parse; try running `pip install 'acryl-datahub[s3]'`
[2026-06-04T16:25:05.511+0000] {taskinstance.py:1225} INFO - Marking task as FAILED. dag_id=datahub_metadata_ingestion, task_id=ingest_minio_lakehouse, run_id=scheduled__2026-06-04T16:20:00+00:00, execution_date=20260604T162000, start_date=20260604T162500, end_date=20260604T162505
[2026-06-04T16:25:05.574+0000] {taskinstance.py:340} INFO - ::group::Post task execution logs
[2026-06-04T16:25:05.578+0000] {standard_task_runner.py:124} ERROR - Failed to execute job 84 for task ingest_minio_lakehouse (Failed to find a registered source for type s3: s3 is disabled due to a missing dependency: parse; try running `pip install 'acryl-datahub[s3]'`; 5373)
Traceback (most recent call last):
  File "/home/airflow/.local/lib/python3.12/site-packages/datahub/ingestion/api/registry.py", line 124, in _ensure_not_lazy
    plugin_class = import_path(path)
                   ^^^^^^^^^^^^^^^^^
  File "/home/airflow/.local/lib/python3.12/site-packages/datahub/ingestion/api/registry.py", line 53, in import_path
    item = importlib.import_module(module_name)
           ^^^^^^^^^^^^^^^^^^^^^^^^^^^^^^^^^^^^
  File "/usr/local/lib/python3.12/importlib/__init__.py", line 90, in import_module
    return _bootstrap._gcd_import(name[level:], package, level)
           ^^^^^^^^^^^^^^^^^^^^^^^^^^^^^^^^^^^^^^^^^^^^^^^^^^^^
  File "<frozen importlib._bootstrap>", line 1387, in _gcd_import
  File "<frozen importlib._bootstrap>", line 1360, in _find_and_load
  File "<frozen importlib._bootstrap>", line 1331, in _find_and_load_unlocked
  File "<frozen importlib._bootstrap>", line 935, in _load_unlocked
  File "<frozen importlib._bootstrap_external>", line 995, in exec_module
  File "<frozen importlib._bootstrap>", line 488, in _call_with_frames_removed
  File "/home/airflow/.local/lib/python3.12/site-packages/datahub/ingestion/source/s3/__init__.py", line 1, in <module>
    from datahub.ingestion.source.s3.source import S3Source
  File "/home/airflow/.local/lib/python3.12/site-packages/datahub/ingestion/source/s3/source.py", line 44, in <module>
    from datahub.ingestion.source.data_lake_common.data_lake_utils import (
  File "/home/airflow/.local/lib/python3.12/site-packages/datahub/ingestion/source/data_lake_common/data_lake_utils.py", line 28, in <module>
    from datahub.ingestion.source.data_lake_common.path_spec import PathSpec
  File "/home/airflow/.local/lib/python3.12/site-packages/datahub/ingestion/source/data_lake_common/path_spec.py", line 8, in <module>
    import parse
ModuleNotFoundError: No module named 'parse'

The above exception was the direct cause of the following exception:

Traceback (most recent call last):
  File "/home/airflow/.local/lib/python3.12/site-packages/datahub/ingestion/run/pipeline.py", line 78, in _add_init_error_context
    yield
  File "/home/airflow/.local/lib/python3.12/site-packages/datahub/ingestion/run/pipeline.py", line 253, in __init__
    source_class = source_registry.get(self.source_type)
                   ^^^^^^^^^^^^^^^^^^^^^^^^^^^^^^^^^^^^^
  File "/home/airflow/.local/lib/python3.12/site-packages/datahub/ingestion/api/registry.py", line 177, in get
    raise ConfigurationError(
datahub.configuration.common.ConfigurationError: s3 is disabled due to a missing dependency: parse; try running `pip install 'acryl-datahub[s3]'`

The above exception was the direct cause of the following exception:

Traceback (most recent call last):
  File "/home/airflow/.local/lib/python3.12/site-packages/airflow/task/task_runner/standard_task_runner.py", line 117, in _start_by_fork
    ret = args.func(args, dag=self.dag)
          ^^^^^^^^^^^^^^^^^^^^^^^^^^^^^
  File "/home/airflow/.local/lib/python3.12/site-packages/airflow/cli/cli_config.py", line 49, in command
    return func(*args, **kwargs)
           ^^^^^^^^^^^^^^^^^^^^^
  File "/home/airflow/.local/lib/python3.12/site-packages/airflow/utils/cli.py", line 115, in wrapper
    return f(*args, **kwargs)
           ^^^^^^^^^^^^^^^^^^
  File "/home/airflow/.local/lib/python3.12/site-packages/airflow/cli/commands/task_command.py", line 483, in task_run
    task_return_code = _run_task_by_selected_method(args, _dag, ti)
                       ^^^^^^^^^^^^^^^^^^^^^^^^^^^^^^^^^^^^^^^^^^^^
  File "/home/airflow/.local/lib/python3.12/site-packages/airflow/cli/commands/task_command.py", line 256, in _run_task_by_selected_method
    return _run_raw_task(args, ti)
           ^^^^^^^^^^^^^^^^^^^^^^^
  File "/home/airflow/.local/lib/python3.12/site-packages/airflow/cli/commands/task_command.py", line 341, in _run_raw_task
    return ti._run_raw_task(
           ^^^^^^^^^^^^^^^^^
  File "/home/airflow/.local/lib/python3.12/site-packages/airflow/utils/session.py", line 97, in wrapper
    return func(*args, session=session, **kwargs)
           ^^^^^^^^^^^^^^^^^^^^^^^^^^^^^^^^^^^^^^
  File "/home/airflow/.local/lib/python3.12/site-packages/airflow/models/taskinstance.py", line 3004, in _run_raw_task
    return _run_raw_task(
           ^^^^^^^^^^^^^^
  File "/home/airflow/.local/lib/python3.12/site-packages/airflow/models/taskinstance.py", line 273, in _run_raw_task
    TaskInstance._execute_task_with_callbacks(
  File "/home/airflow/.local/lib/python3.12/site-packages/airflow/models/taskinstance.py", line 3158, in _execute_task_with_callbacks
    result = self._execute_task(context, task_orig)
             ^^^^^^^^^^^^^^^^^^^^^^^^^^^^^^^^^^^^^^
  File "/home/airflow/.local/lib/python3.12/site-packages/airflow/models/taskinstance.py", line 3182, in _execute_task
    return _execute_task(self, context, task_orig)
           ^^^^^^^^^^^^^^^^^^^^^^^^^^^^^^^^^^^^^^^
  File "/home/airflow/.local/lib/python3.12/site-packages/airflow/models/taskinstance.py", line 767, in _execute_task
    result = _execute_callable(context=context, **execute_callable_kwargs)
             ^^^^^^^^^^^^^^^^^^^^^^^^^^^^^^^^^^^^^^^^^^^^^^^^^^^^^^^^^^^^^
  File "/home/airflow/.local/lib/python3.12/site-packages/airflow/models/taskinstance.py", line 733, in _execute_callable
    return ExecutionCallableRunner(
           ^^^^^^^^^^^^^^^^^^^^^^^^
  File "/home/airflow/.local/lib/python3.12/site-packages/airflow/utils/operator_helpers.py", line 252, in run
    return self.func(*args, **kwargs)
           ^^^^^^^^^^^^^^^^^^^^^^^^^^
  File "/home/airflow/.local/lib/python3.12/site-packages/airflow/models/baseoperator.py", line 406, in wrapper
    return func(self, *args, **kwargs)
           ^^^^^^^^^^^^^^^^^^^^^^^^^^^
  File "/home/airflow/.local/lib/python3.12/site-packages/airflow/operators/python.py", line 238, in execute
    return_value = self.execute_callable()
                   ^^^^^^^^^^^^^^^^^^^^^^^
  File "/home/airflow/.local/lib/python3.12/site-packages/airflow/operators/python.py", line 256, in execute_callable
    return runner.run(*self.op_args, **self.op_kwargs)
           ^^^^^^^^^^^^^^^^^^^^^^^^^^^^^^^^^^^^^^^^^^^
  File "/home/airflow/.local/lib/python3.12/site-packages/airflow/utils/operator_helpers.py", line 252, in run
    return self.func(*args, **kwargs)
           ^^^^^^^^^^^^^^^^^^^^^^^^^^
  File "/opt/airflow/dags/datahub_ingestion.py", line 103, in _run_ingestion
    pipeline = Pipeline.create(recipe)
               ^^^^^^^^^^^^^^^^^^^^^^^
  File "/home/airflow/.local/lib/python3.12/site-packages/datahub/ingestion/run/pipeline.py", line 460, in create
    return cls(
           ^^^^
  File "/home/airflow/.local/lib/python3.12/site-packages/datahub/ingestion/run/pipeline.py", line 250, in __init__
    with _add_init_error_context(
         ^^^^^^^^^^^^^^^^^^^^^^^^
  File "/usr/local/lib/python3.12/contextlib.py", line 158, in __exit__
    self.gen.throw(value)
  File "/home/airflow/.local/lib/python3.12/site-packages/datahub/ingestion/run/pipeline.py", line 82, in _add_init_error_context
    raise PipelineInitError(f"Failed to {step}: {e}") from e
datahub.ingestion.run.pipeline.PipelineInitError: Failed to find a registered source for type s3: s3 is disabled due to a missing dependency: parse; try running `pip install 'acryl-datahub[s3]'`
[2026-06-04T16:25:05.662+0000] {local_task_job_runner.py:266} INFO - Task exited with return code 1
[2026-06-04T16:25:05.711+0000] {taskinstance.py:3900} INFO - 0 downstream tasks scheduled from follow-on schedule check
[2026-06-04T16:25:05.744+0000] {local_task_job_runner.py:245} INFO - ::endgroup::
[2026-06-04T16:25:05.842+0000] {standard_task_runner.py:217} INFO - Process not found (most likely exited), stop collecting metrics
