[2026-06-04T13:50:41.931+0000] {local_task_job_runner.py:123} INFO - ::group::Pre task execution logs
[2026-06-04T13:50:41.973+0000] {taskinstance.py:2612} INFO - Dependencies all met for dep_context=non-requeueable deps ti=<TaskInstance: ehr_data_pipeline.flink_stream_processor manual__2026-06-04T13:50:38.032166+00:00 [queued]>
[2026-06-04T13:50:41.988+0000] {taskinstance.py:2612} INFO - Dependencies all met for dep_context=requeueable deps ti=<TaskInstance: ehr_data_pipeline.flink_stream_processor manual__2026-06-04T13:50:38.032166+00:00 [queued]>
[2026-06-04T13:50:41.988+0000] {taskinstance.py:2865} INFO - Starting attempt 1 of 1
[2026-06-04T13:50:42.009+0000] {taskinstance.py:2888} INFO - Executing <Task(PythonOperator): flink_stream_processor> on 2026-06-04 13:50:38.032166+00:00
[2026-06-04T13:50:42.040+0000] {logging_mixin.py:190} WARNING - /home/***/.local/lib/python3.12/site-packages/***/task/task_runner/standard_task_runner.py:70 DeprecationWarning: This process (pid=788) is multi-threaded, use of fork() may lead to deadlocks in the child.
[2026-06-04T13:50:42.037+0000] {standard_task_runner.py:104} INFO - Running: ['***', 'tasks', 'run', 'ehr_data_pipeline', 'flink_stream_processor', 'manual__2026-06-04T13:50:38.032166+00:00', '--job-id', '15', '--raw', '--subdir', 'DAGS_FOLDER/ehr_data_pipeline.py', '--cfg-path', '/tmp/tmp8tkfmw4g']
[2026-06-04T13:50:42.049+0000] {standard_task_runner.py:105} INFO - Job 15: Subtask flink_stream_processor
[2026-06-04T13:50:42.053+0000] {standard_task_runner.py:72} INFO - Started process 793 to run task
[2026-06-04T13:50:42.174+0000] {task_command.py:467} INFO - Running <TaskInstance: ehr_data_pipeline.flink_stream_processor manual__2026-06-04T13:50:38.032166+00:00 [running]> on host g120.grove.adaptcentre.ie
[2026-06-04T13:50:42.304+0000] {taskinstance.py:3131} INFO - Exporting env vars: AIRFLOW_CTX_DAG_OWNER='***' AIRFLOW_CTX_DAG_ID='ehr_data_pipeline' AIRFLOW_CTX_TASK_ID='flink_stream_processor' AIRFLOW_CTX_EXECUTION_DATE='2026-06-04T13:50:38.032166+00:00' AIRFLOW_CTX_TRY_NUMBER='1' AIRFLOW_CTX_DAG_RUN_ID='manual__2026-06-04T13:50:38.032166+00:00'
[2026-06-04T13:50:42.321+0000] {taskinstance.py:731} INFO - ::endgroup::
[2026-06-04T13:50:42.400+0000] {logging_mixin.py:190} INFO - [flink] Submitting /opt/***/scripts/6_flink_stream_processor.py as background process ...
[2026-06-04T13:50:42.414+0000] {logging_mixin.py:190} INFO - [flink] Job submitted (non-blocking).
[2026-06-04T13:50:42.645+0000] {logging_mixin.py:190} INFO - [datahub] Emitted stream step: flink_stream_processor
[2026-06-04T13:50:42.694+0000] {logging_mixin.py:190} INFO - [run-meta] flink_stream_processor → SUCCESS  run_id=e2f146e1-59c6-4286-a7ac-29f8ccc0a4a1
[2026-06-04T13:50:42.694+0000] {python.py:240} INFO - Done. Returned value was: None
[2026-06-04T13:50:42.777+0000] {taskinstance.py:340} INFO - ::group::Post task execution logs
[2026-06-04T13:50:42.777+0000] {taskinstance.py:352} INFO - Marking task as SUCCESS. dag_id=ehr_data_pipeline, task_id=flink_stream_processor, run_id=manual__2026-06-04T13:50:38.032166+00:00, execution_date=20260604T135038, start_date=20260604T135041, end_date=20260604T135042
[2026-06-04T13:50:42.840+0000] {local_task_job_runner.py:266} INFO - Task exited with return code 0
[2026-06-04T13:50:42.891+0000] {taskinstance.py:3900} INFO - 1 downstream tasks scheduled from follow-on schedule check
[2026-06-04T13:50:42.900+0000] {local_task_job_runner.py:245} INFO - ::endgroup::
