[2026-06-04T13:51:20.517+0000] {local_task_job_runner.py:123} INFO - ::group::Pre task execution logs
[2026-06-04T13:51:20.543+0000] {taskinstance.py:2612} INFO - Dependencies all met for dep_context=non-requeueable deps ti=<TaskInstance: ehr_data_pipeline.bronze_ingest manual__2026-06-04T13:51:19.776344+00:00 [queued]>
[2026-06-04T13:51:20.554+0000] {taskinstance.py:2612} INFO - Dependencies all met for dep_context=requeueable deps ti=<TaskInstance: ehr_data_pipeline.bronze_ingest manual__2026-06-04T13:51:19.776344+00:00 [queued]>
[2026-06-04T13:51:20.555+0000] {taskinstance.py:2865} INFO - Starting attempt 1 of 1
[2026-06-04T13:51:20.575+0000] {taskinstance.py:2888} INFO - Executing <Task(PythonOperator): bronze_ingest> on 2026-06-04 13:51:19.776344+00:00
[2026-06-04T13:51:20.590+0000] {standard_task_runner.py:104} INFO - Running: ['***', 'tasks', 'run', 'ehr_data_pipeline', 'bronze_ingest', 'manual__2026-06-04T13:51:19.776344+00:00', '--job-id', '24', '--raw', '--subdir', 'DAGS_FOLDER/ehr_data_pipeline.py', '--cfg-path', '/tmp/tmppd5zb_v2']
[2026-06-04T13:51:20.593+0000] {standard_task_runner.py:105} INFO - Job 24: Subtask bronze_ingest
[2026-06-04T13:51:20.593+0000] {logging_mixin.py:190} WARNING - /home/***/.local/lib/python3.12/site-packages/***/task/task_runner/standard_task_runner.py:70 DeprecationWarning: This process (pid=1000) is multi-threaded, use of fork() may lead to deadlocks in the child.
[2026-06-04T13:51:20.594+0000] {standard_task_runner.py:72} INFO - Started process 1003 to run task
[2026-06-04T13:51:20.651+0000] {task_command.py:467} INFO - Running <TaskInstance: ehr_data_pipeline.bronze_ingest manual__2026-06-04T13:51:19.776344+00:00 [running]> on host g120.grove.adaptcentre.ie
[2026-06-04T13:51:20.767+0000] {taskinstance.py:3131} INFO - Exporting env vars: AIRFLOW_CTX_DAG_OWNER='***' AIRFLOW_CTX_DAG_ID='ehr_data_pipeline' AIRFLOW_CTX_TASK_ID='bronze_ingest' AIRFLOW_CTX_EXECUTION_DATE='2026-06-04T13:51:19.776344+00:00' AIRFLOW_CTX_TRY_NUMBER='1' AIRFLOW_CTX_DAG_RUN_ID='manual__2026-06-04T13:51:19.776344+00:00'
[2026-06-04T13:51:20.781+0000] {taskinstance.py:731} INFO - ::endgroup::
[2026-06-04T13:51:25.528+0000] {logging_mixin.py:190} WARNING - 2026-06-04 13:51:22.272 | INFO     | __main__:ingest_to_minio:50 - Initializing MinIO connection...
2026-06-04 13:51:22.277 | INFO     | __main__:ingest_to_minio:62 - MinIO bucket 'lakehouse' already exists.
2026-06-04 13:51:22.277 | INFO     | __main__:ingest_to_minio:80 - Writing raw_patients table to S3/Delta...
2026-06-04 13:51:23.193 | INFO     | __main__:ingest_to_minio:80 - Writing raw_wards table to S3/Delta...
2026-06-04 13:51:23.293 | INFO     | __main__:ingest_to_minio:80 - Writing raw_event_metadata table to S3/Delta...
2026-06-04 13:51:23.381 | INFO     | __main__:ingest_to_minio:80 - Writing raw_visits table to S3/Delta...
2026-06-04 13:51:23.605 | INFO     | __main__:ingest_to_minio:80 - Writing raw_events table to S3/Delta...
2026-06-04 13:51:24.010 | INFO     | __main__:ingest_to_minio:87 - Successfully wrote all historical EHR Delta tables to MinIO.
2026-06-04 13:51:24.019 | INFO     | utils:register_tables_in_trino:133 - Registering tables in Trino under delta.bronze ...
2026-06-04 13:51:24.051 | INFO     | utils:register_tables_in_trino:146 -   delta.bronze schema ensured.
2026-06-04 13:51:24.051 | INFO     | utils:register_tables_in_trino:149 -   Registering delta.bronze.raw_patients ...
2026-06-04 13:51:24.428 | INFO     | utils:register_tables_in_trino:149 -   Registering delta.bronze.raw_wards ...
2026-06-04 13:51:24.638 | INFO     | utils:register_tables_in_trino:149 -   Registering delta.bronze.raw_event_metadata ...
2026-06-04 13:51:24.881 | INFO     | utils:register_tables_in_trino:149 -   Registering delta.bronze.raw_visits ...
2026-06-04 13:51:25.099 | INFO     | utils:register_tables_in_trino:149 -   Registering delta.bronze.raw_events ...
2026-06-04 13:51:25.323 | INFO     | utils:register_tables_in_trino:161 -   All tables registered in Trino under delta.bronze.
2026-06-04 13:51:25.323 | INFO     | __main__:main:106 - Historical Batch Ingestion process finished.
[2026-06-04T13:51:25.788+0000] {logging_mixin.py:190} INFO - [datahub] Emitted batch step: bronze_ingest
[2026-06-04T13:51:25.800+0000] {logging_mixin.py:190} INFO - [run-meta] bronze_ingest → SUCCESS  run_id=d368b0b2-fc36-4d74-a3d2-aff0dec8c50a
[2026-06-04T13:51:25.801+0000] {python.py:240} INFO - Done. Returned value was: None
[2026-06-04T13:51:25.833+0000] {taskinstance.py:340} INFO - ::group::Post task execution logs
[2026-06-04T13:51:25.833+0000] {taskinstance.py:352} INFO - Marking task as SUCCESS. dag_id=ehr_data_pipeline, task_id=bronze_ingest, run_id=manual__2026-06-04T13:51:19.776344+00:00, execution_date=20260604T135119, start_date=20260604T135120, end_date=20260604T135125
[2026-06-04T13:51:25.872+0000] {local_task_job_runner.py:266} INFO - Task exited with return code 0
[2026-06-04T13:51:25.898+0000] {taskinstance.py:3900} INFO - 1 downstream tasks scheduled from follow-on schedule check
[2026-06-04T13:51:25.903+0000] {local_task_job_runner.py:245} INFO - ::endgroup::
