[2026-06-04T15:13:41.135+0000] {local_task_job_runner.py:123} INFO - ::group::Pre task execution logs
[2026-06-04T15:13:41.155+0000] {taskinstance.py:2612} INFO - Dependencies all met for dep_context=non-requeueable deps ti=<TaskInstance: ehr_data_pipeline.flink_stream_processor manual__2026-06-04T15:13:39.889520+00:00 [queued]>
[2026-06-04T15:13:41.163+0000] {taskinstance.py:2612} INFO - Dependencies all met for dep_context=requeueable deps ti=<TaskInstance: ehr_data_pipeline.flink_stream_processor manual__2026-06-04T15:13:39.889520+00:00 [queued]>
[2026-06-04T15:13:41.163+0000] {taskinstance.py:2865} INFO - Starting attempt 1 of 1
[2026-06-04T15:13:41.180+0000] {taskinstance.py:2888} INFO - Executing <Task(PythonOperator): flink_stream_processor> on 2026-06-04 15:13:39.889520+00:00
[2026-06-04T15:13:41.188+0000] {standard_task_runner.py:104} INFO - Running: ['***', 'tasks', 'run', 'ehr_data_pipeline', 'flink_stream_processor', 'manual__2026-06-04T15:13:39.889520+00:00', '--job-id', '57', '--raw', '--subdir', 'DAGS_FOLDER/ehr_data_pipeline.py', '--cfg-path', '/tmp/tmp9w7id_a8']
[2026-06-04T15:13:41.190+0000] {standard_task_runner.py:105} INFO - Job 57: Subtask flink_stream_processor
[2026-06-04T15:13:41.191+0000] {logging_mixin.py:190} WARNING - /home/***/.local/lib/python3.12/site-packages/***/task/task_runner/standard_task_runner.py:70 DeprecationWarning: This process (pid=186) is multi-threaded, use of fork() may lead to deadlocks in the child.
[2026-06-04T15:13:41.192+0000] {standard_task_runner.py:72} INFO - Started process 189 to run task
[2026-06-04T15:13:41.234+0000] {task_command.py:467} INFO - Running <TaskInstance: ehr_data_pipeline.flink_stream_processor manual__2026-06-04T15:13:39.889520+00:00 [running]> on host g120.grove.adaptcentre.ie
[2026-06-04T15:13:41.325+0000] {taskinstance.py:3131} INFO - Exporting env vars: AIRFLOW_CTX_DAG_OWNER='***' AIRFLOW_CTX_DAG_ID='ehr_data_pipeline' AIRFLOW_CTX_TASK_ID='flink_stream_processor' AIRFLOW_CTX_EXECUTION_DATE='2026-06-04T15:13:39.889520+00:00' AIRFLOW_CTX_TRY_NUMBER='1' AIRFLOW_CTX_DAG_RUN_ID='manual__2026-06-04T15:13:39.889520+00:00'
[2026-06-04T15:13:41.334+0000] {taskinstance.py:731} INFO - ::endgroup::
[2026-06-04T15:13:41.391+0000] {logging_mixin.py:190} INFO - [flink] Submitting /opt/***/scripts/6_flink_stream_processor.py as background process ...
[2026-06-04T15:13:41.392+0000] {logging_mixin.py:190} INFO - [flink] Job submitted (non-blocking).
[2026-06-04T15:13:41.508+0000] {logging_mixin.py:190} INFO - [datahub] Emitted stream step: flink_stream_processor
[2026-06-04T15:13:41.525+0000] {logging_mixin.py:190} INFO - [run-meta] flink_stream_processor → SUCCESS  run_id=86c18144-e285-4e66-90c0-71dbfc24ca26
[2026-06-04T15:13:41.525+0000] {python.py:240} INFO - Done. Returned value was: None
[2026-06-04T15:13:41.553+0000] {taskinstance.py:340} INFO - ::group::Post task execution logs
[2026-06-04T15:13:41.554+0000] {taskinstance.py:352} INFO - Marking task as SUCCESS. dag_id=ehr_data_pipeline, task_id=flink_stream_processor, run_id=manual__2026-06-04T15:13:39.889520+00:00, execution_date=20260604T151339, start_date=20260604T151341, end_date=20260604T151341
[2026-06-04T15:13:41.607+0000] {local_task_job_runner.py:266} INFO - Task exited with return code 0
[2026-06-04T15:13:41.651+0000] {taskinstance.py:3900} INFO - 1 downstream tasks scheduled from follow-on schedule check
[2026-06-04T15:13:41.657+0000] {local_task_job_runner.py:245} INFO - ::endgroup::
