[2026-06-04T14:11:24.358+0000] {local_task_job_runner.py:123} INFO - ::group::Pre task execution logs
[2026-06-04T14:11:24.374+0000] {taskinstance.py:2612} INFO - Dependencies all met for dep_context=non-requeueable deps ti=<TaskInstance: ehr_data_pipeline.silver_transform manual__2026-06-04T14:11:14.322275+00:00 [queued]>
[2026-06-04T14:11:24.381+0000] {taskinstance.py:2612} INFO - Dependencies all met for dep_context=requeueable deps ti=<TaskInstance: ehr_data_pipeline.silver_transform manual__2026-06-04T14:11:14.322275+00:00 [queued]>
[2026-06-04T14:11:24.381+0000] {taskinstance.py:2865} INFO - Starting attempt 1 of 1
[2026-06-04T14:11:24.396+0000] {taskinstance.py:2888} INFO - Executing <Task(PythonOperator): silver_transform> on 2026-06-04 14:11:14.322275+00:00
[2026-06-04T14:11:24.402+0000] {standard_task_runner.py:104} INFO - Running: ['***', 'tasks', 'run', 'ehr_data_pipeline', 'silver_transform', 'manual__2026-06-04T14:11:14.322275+00:00', '--job-id', '36', '--raw', '--subdir', 'DAGS_FOLDER/ehr_data_pipeline.py', '--cfg-path', '/tmp/tmp0bzbgjfh']
[2026-06-04T14:11:24.403+0000] {standard_task_runner.py:105} INFO - Job 36: Subtask silver_transform
[2026-06-04T14:11:24.406+0000] {logging_mixin.py:190} WARNING - /home/***/.local/lib/python3.12/site-packages/***/task/task_runner/standard_task_runner.py:70 DeprecationWarning: This process (pid=362) is multi-threaded, use of fork() may lead to deadlocks in the child.
[2026-06-04T14:11:24.407+0000] {standard_task_runner.py:72} INFO - Started process 363 to run task
[2026-06-04T14:11:24.438+0000] {task_command.py:467} INFO - Running <TaskInstance: ehr_data_pipeline.silver_transform manual__2026-06-04T14:11:14.322275+00:00 [running]> on host g120.grove.adaptcentre.ie
[2026-06-04T14:11:24.510+0000] {taskinstance.py:3131} INFO - Exporting env vars: AIRFLOW_CTX_DAG_OWNER='***' AIRFLOW_CTX_DAG_ID='ehr_data_pipeline' AIRFLOW_CTX_TASK_ID='silver_transform' AIRFLOW_CTX_EXECUTION_DATE='2026-06-04T14:11:14.322275+00:00' AIRFLOW_CTX_TRY_NUMBER='1' AIRFLOW_CTX_DAG_RUN_ID='manual__2026-06-04T14:11:14.322275+00:00'
[2026-06-04T14:11:24.510+0000] {taskinstance.py:731} INFO - ::endgroup::
[2026-06-04T14:14:08.171+0000] {logging_mixin.py:190} INFO - :: loading settings :: url = jar:file:/home/***/.local/lib/python3.12/site-packages/pyspark/jars/ivy-2.5.1.jar!/org/apache/ivy/core/settings/ivysettings.xml
Ivy Default Cache set to: /home/***/.ivy2/cache
The jars for the packages stored in: /home/***/.ivy2/jars
io.delta#delta-spark_2.12 added as a dependency
org.apache.hadoop#hadoop-aws added as a dependency
com.amazonaws#aws-java-sdk-bundle added as a dependency
:: resolving dependencies :: org.apache.spark#spark-submit-parent-4be8b36d-7285-4470-bd91-4cfda4c67bd7;1.0
	confs: [default]
	found io.delta#delta-spark_2.12;3.3.0 in central
	found io.delta#delta-storage;3.3.0 in central
	found org.antlr#antlr4-runtime;4.9.3 in central
	found org.apache.hadoop#hadoop-aws;3.3.4 in central
	found com.amazonaws#aws-java-sdk-bundle;1.12.262 in central
	found org.wildfly.openssl#wildfly-openssl;1.0.7.Final in central
downloading https://repo1.maven.org/maven2/io/delta/delta-spark_2.12/3.3.0/delta-spark_2.12-3.3.0.jar ...
	[SUCCESSFUL ] io.delta#delta-spark_2.12;3.3.0!delta-spark_2.12.jar (334ms)
downloading https://repo1.maven.org/maven2/org/apache/hadoop/hadoop-aws/3.3.4/hadoop-aws-3.3.4.jar ...
	[SUCCESSFUL ] org.apache.hadoop#hadoop-aws;3.3.4!hadoop-aws.jar (49ms)
downloading https://repo1.maven.org/maven2/com/amazonaws/aws-java-sdk-bundle/1.12.262/aws-java-sdk-bundle-1.12.262.jar ...
	[SUCCESSFUL ] com.amazonaws#aws-java-sdk-bundle;1.12.262!aws-java-sdk-bundle.jar (2749ms)
downloading https://repo1.maven.org/maven2/io/delta/delta-storage/3.3.0/delta-storage-3.3.0.jar ...
	[SUCCESSFUL ] io.delta#delta-storage;3.3.0!delta-storage.jar (29ms)
downloading https://repo1.maven.org/maven2/org/antlr/antlr4-runtime/4.9.3/antlr4-runtime-4.9.3.jar ...
	[SUCCESSFUL ] org.antlr#antlr4-runtime;4.9.3!antlr4-runtime.jar (46ms)
downloading https://repo1.maven.org/maven2/org/wildfly/openssl/wildfly-openssl/1.0.7.Final/wildfly-openssl-1.0.7.Final.jar ...
	[SUCCESSFUL ] org.wildfly.openssl#wildfly-openssl;1.0.7.Final!wildfly-openssl.jar (29ms)
:: resolution report :: resolve 3191ms :: artifacts dl 3243ms
	:: modules in use:
	com.amazonaws#aws-java-sdk-bundle;1.12.262 from central in [default]
	io.delta#delta-spark_2.12;3.3.0 from central in [default]
	io.delta#delta-storage;3.3.0 from central in [default]
	org.antlr#antlr4-runtime;4.9.3 from central in [default]
	org.apache.hadoop#hadoop-aws;3.3.4 from central in [default]
	org.wildfly.openssl#wildfly-openssl;1.0.7.Final from central in [default]
	---------------------------------------------------------------------
	|                  |            modules            ||   artifacts   |
	|       conf       | number| search|dwnlded|evicted|| number|dwnlded|
	---------------------------------------------------------------------
	|      default     |   6   |   6   |   6   |   0   ||   6   |   6   |
	---------------------------------------------------------------------
:: retrieving :: org.apache.spark#spark-submit-parent-4be8b36d-7285-4470-bd91-4cfda4c67bd7
	confs: [default]
	6 artifacts copied, 0 already retrieved (282735kB/441ms)
26/06/04 14:11:33 WARN NativeCodeLoader: Unable to load native-hadoop library for your platform... using builtin-java classes where applicable
/opt/***/scripts/3_transform_to_silver.py:297: DeprecationWarning: datetime.datetime.utcnow() is deprecated and scheduled for removal in a future version. Use timezone-aware objects to represent datetimes in UTC: datetime.datetime.now(datetime.UTC).
  run_id    = datetime.utcnow().strftime("%Y%m%d_%H%M%S")
2026-06-04 14:11:34.596 | INFO     | __main__:main:299 - ============================================================
2026-06-04 14:11:34.596 | INFO     | __main__:main:300 - EHR SILVER TRANSFORMATION — run_id=20260604_141134
2026-06-04 14:11:34.596 | INFO     | __main__:main:301 - ============================================================
2026-06-04 14:11:34.596 | INFO     | utils:build_spark_session:69 - Connecting to Spark cluster: local[*] for EHR-Silver-Transformation
26/06/04 14:11:34 INFO SparkContext: Running Spark version 3.5.6
26/06/04 14:11:34 INFO SparkContext: OS info Linux, 5.10.0-42-amd64, amd64
26/06/04 14:11:34 INFO SparkContext: Java version 17.0.11
26/06/04 14:11:34 INFO ResourceUtils: ==============================================================
26/06/04 14:11:34 INFO ResourceUtils: No custom resources configured for spark.driver.
26/06/04 14:11:34 INFO ResourceUtils: ==============================================================
26/06/04 14:11:34 INFO SparkContext: Submitted application: EHR-Silver-Transformation
26/06/04 14:11:34 INFO ResourceProfile: Default ResourceProfile created, executor resources: Map(cores -> name: cores, amount: 2, script: , vendor: , memory -> name: memory, amount: 16384, script: , vendor: , offHeap -> name: offHeap, amount: 0, script: , vendor: ), task resources: Map(cpus -> name: cpus, amount: 1.0)
26/06/04 14:11:34 INFO ResourceProfile: Limiting resource is cpus at 2 tasks per executor
26/06/04 14:11:34 INFO ResourceProfileManager: Added ResourceProfile id: 0
26/06/04 14:11:34 INFO SecurityManager: Changing view acls to: ***
26/06/04 14:11:34 INFO SecurityManager: Changing modify acls to: ***
26/06/04 14:11:34 INFO SecurityManager: Changing view acls groups to: 
26/06/04 14:11:34 INFO SecurityManager: Changing modify acls groups to: 
26/06/04 14:11:34 INFO SecurityManager: SecurityManager: authentication disabled; ui acls disabled; users with view permissions: ***; groups with view permissions: EMPTY; users with modify permissions: ***; groups with modify permissions: EMPTY
26/06/04 14:11:35 INFO Utils: Successfully started service 'sparkDriver' on port 34689.
26/06/04 14:11:35 INFO SparkEnv: Registering MapOutputTracker
26/06/04 14:11:35 INFO SparkEnv: Registering BlockManagerMaster
26/06/04 14:11:35 INFO BlockManagerMasterEndpoint: Using org.apache.spark.storage.DefaultTopologyMapper for getting topology information
26/06/04 14:11:35 INFO BlockManagerMasterEndpoint: BlockManagerMasterEndpoint up
26/06/04 14:11:35 INFO SparkEnv: Registering BlockManagerMasterHeartbeat
26/06/04 14:11:35 INFO DiskBlockManager: Created local directory at /tmp/blockmgr-9ebc6879-c02e-4113-b82a-6053ed713c4f
26/06/04 14:11:35 INFO MemoryStore: MemoryStore started with capacity 434.4 MiB
26/06/04 14:11:35 INFO SparkEnv: Registering OutputCommitCoordinator
26/06/04 14:11:35 INFO JettyUtils: Start Jetty 0.0.0.0:4040 for SparkUI
26/06/04 14:11:35 INFO Utils: Successfully started service 'SparkUI' on port 4040.
26/06/04 14:11:35 INFO SparkContext: Added JAR file:///home/***/.ivy2/jars/io.delta_delta-spark_2.12-3.3.0.jar at spark://host.containers.internal:34689/jars/io.delta_delta-spark_2.12-3.3.0.jar with timestamp 1780582294709
26/06/04 14:11:35 INFO SparkContext: Added JAR file:///home/***/.ivy2/jars/org.apache.hadoop_hadoop-aws-3.3.4.jar at spark://host.containers.internal:34689/jars/org.apache.hadoop_hadoop-aws-3.3.4.jar with timestamp 1780582294709
26/06/04 14:11:35 INFO SparkContext: Added JAR file:///home/***/.ivy2/jars/com.amazonaws_aws-java-sdk-bundle-1.12.262.jar at spark://host.containers.internal:34689/jars/com.amazonaws_aws-java-sdk-bundle-1.12.262.jar with timestamp 1780582294709
26/06/04 14:11:35 INFO SparkContext: Added JAR file:///home/***/.ivy2/jars/io.delta_delta-storage-3.3.0.jar at spark://host.containers.internal:34689/jars/io.delta_delta-storage-3.3.0.jar with timestamp 1780582294709
26/06/04 14:11:35 INFO SparkContext: Added JAR file:///home/***/.ivy2/jars/org.antlr_antlr4-runtime-4.9.3.jar at spark://host.containers.internal:34689/jars/org.antlr_antlr4-runtime-4.9.3.jar with timestamp 1780582294709
26/06/04 14:11:35 INFO SparkContext: Added JAR file:///home/***/.ivy2/jars/org.wildfly.openssl_wildfly-openssl-1.0.7.Final.jar at spark://host.containers.internal:34689/jars/org.wildfly.openssl_wildfly-openssl-1.0.7.Final.jar with timestamp 1780582294709
26/06/04 14:11:35 INFO SparkContext: Added file file:///home/***/.ivy2/jars/io.delta_delta-spark_2.12-3.3.0.jar at file:///home/***/.ivy2/jars/io.delta_delta-spark_2.12-3.3.0.jar with timestamp 1780582294709
26/06/04 14:11:35 INFO Utils: Copying /home/***/.ivy2/jars/io.delta_delta-spark_2.12-3.3.0.jar to /tmp/spark-4f239304-e6be-4092-b540-c6ae126920ed/userFiles-ae7b92a3-f9fd-4ebb-8cd1-5b177fb983a1/io.delta_delta-spark_2.12-3.3.0.jar
26/06/04 14:11:35 INFO SparkContext: Added file file:///home/***/.ivy2/jars/org.apache.hadoop_hadoop-aws-3.3.4.jar at file:///home/***/.ivy2/jars/org.apache.hadoop_hadoop-aws-3.3.4.jar with timestamp 1780582294709
26/06/04 14:11:35 INFO Utils: Copying /home/***/.ivy2/jars/org.apache.hadoop_hadoop-aws-3.3.4.jar to /tmp/spark-4f239304-e6be-4092-b540-c6ae126920ed/userFiles-ae7b92a3-f9fd-4ebb-8cd1-5b177fb983a1/org.apache.hadoop_hadoop-aws-3.3.4.jar
26/06/04 14:11:35 INFO SparkContext: Added file file:///home/***/.ivy2/jars/com.amazonaws_aws-java-sdk-bundle-1.12.262.jar at file:///home/***/.ivy2/jars/com.amazonaws_aws-java-sdk-bundle-1.12.262.jar with timestamp 1780582294709
26/06/04 14:11:35 INFO Utils: Copying /home/***/.ivy2/jars/com.amazonaws_aws-java-sdk-bundle-1.12.262.jar to /tmp/spark-4f239304-e6be-4092-b540-c6ae126920ed/userFiles-ae7b92a3-f9fd-4ebb-8cd1-5b177fb983a1/com.amazonaws_aws-java-sdk-bundle-1.12.262.jar
26/06/04 14:11:35 INFO SparkContext: Added file file:///home/***/.ivy2/jars/io.delta_delta-storage-3.3.0.jar at file:///home/***/.ivy2/jars/io.delta_delta-storage-3.3.0.jar with timestamp 1780582294709
26/06/04 14:11:35 INFO Utils: Copying /home/***/.ivy2/jars/io.delta_delta-storage-3.3.0.jar to /tmp/spark-4f239304-e6be-4092-b540-c6ae126920ed/userFiles-ae7b92a3-f9fd-4ebb-8cd1-5b177fb983a1/io.delta_delta-storage-3.3.0.jar
26/06/04 14:11:35 INFO SparkContext: Added file file:///home/***/.ivy2/jars/org.antlr_antlr4-runtime-4.9.3.jar at file:///home/***/.ivy2/jars/org.antlr_antlr4-runtime-4.9.3.jar with timestamp 1780582294709
26/06/04 14:11:35 INFO Utils: Copying /home/***/.ivy2/jars/org.antlr_antlr4-runtime-4.9.3.jar to /tmp/spark-4f239304-e6be-4092-b540-c6ae126920ed/userFiles-ae7b92a3-f9fd-4ebb-8cd1-5b177fb983a1/org.antlr_antlr4-runtime-4.9.3.jar
26/06/04 14:11:35 INFO SparkContext: Added file file:///home/***/.ivy2/jars/org.wildfly.openssl_wildfly-openssl-1.0.7.Final.jar at file:///home/***/.ivy2/jars/org.wildfly.openssl_wildfly-openssl-1.0.7.Final.jar with timestamp 1780582294709
26/06/04 14:11:35 INFO Utils: Copying /home/***/.ivy2/jars/org.wildfly.openssl_wildfly-openssl-1.0.7.Final.jar to /tmp/spark-4f239304-e6be-4092-b540-c6ae126920ed/userFiles-ae7b92a3-f9fd-4ebb-8cd1-5b177fb983a1/org.wildfly.openssl_wildfly-openssl-1.0.7.Final.jar
26/06/04 14:11:35 INFO Executor: Starting executor ID driver on host host.containers.internal
26/06/04 14:11:35 INFO Executor: OS info Linux, 5.10.0-42-amd64, amd64
26/06/04 14:11:35 INFO Executor: Java version 17.0.11
26/06/04 14:11:35 INFO Executor: Starting executor with user classpath (userClassPathFirst = false): ''
26/06/04 14:11:35 INFO Executor: Created or updated repl class loader org.apache.spark.util.MutableURLClassLoader@6915778b for default.
26/06/04 14:11:35 INFO Executor: Fetching file:///home/***/.ivy2/jars/io.delta_delta-storage-3.3.0.jar with timestamp 1780582294709
26/06/04 14:11:35 INFO Utils: /home/***/.ivy2/jars/io.delta_delta-storage-3.3.0.jar has been previously copied to /tmp/spark-4f239304-e6be-4092-b540-c6ae126920ed/userFiles-ae7b92a3-f9fd-4ebb-8cd1-5b177fb983a1/io.delta_delta-storage-3.3.0.jar
26/06/04 14:11:35 INFO Executor: Fetching file:///home/***/.ivy2/jars/org.apache.hadoop_hadoop-aws-3.3.4.jar with timestamp 1780582294709
26/06/04 14:11:35 INFO Utils: /home/***/.ivy2/jars/org.apache.hadoop_hadoop-aws-3.3.4.jar has been previously copied to /tmp/spark-4f239304-e6be-4092-b540-c6ae126920ed/userFiles-ae7b92a3-f9fd-4ebb-8cd1-5b177fb983a1/org.apache.hadoop_hadoop-aws-3.3.4.jar
26/06/04 14:11:35 INFO Executor: Fetching file:///home/***/.ivy2/jars/io.delta_delta-spark_2.12-3.3.0.jar with timestamp 1780582294709
26/06/04 14:11:35 INFO Utils: /home/***/.ivy2/jars/io.delta_delta-spark_2.12-3.3.0.jar has been previously copied to /tmp/spark-4f239304-e6be-4092-b540-c6ae126920ed/userFiles-ae7b92a3-f9fd-4ebb-8cd1-5b177fb983a1/io.delta_delta-spark_2.12-3.3.0.jar
26/06/04 14:11:35 INFO Executor: Fetching file:///home/***/.ivy2/jars/org.antlr_antlr4-runtime-4.9.3.jar with timestamp 1780582294709
26/06/04 14:11:35 INFO Utils: /home/***/.ivy2/jars/org.antlr_antlr4-runtime-4.9.3.jar has been previously copied to /tmp/spark-4f239304-e6be-4092-b540-c6ae126920ed/userFiles-ae7b92a3-f9fd-4ebb-8cd1-5b177fb983a1/org.antlr_antlr4-runtime-4.9.3.jar
26/06/04 14:11:35 INFO Executor: Fetching file:///home/***/.ivy2/jars/org.wildfly.openssl_wildfly-openssl-1.0.7.Final.jar with timestamp 1780582294709
26/06/04 14:11:35 INFO Utils: /home/***/.ivy2/jars/org.wildfly.openssl_wildfly-openssl-1.0.7.Final.jar has been previously copied to /tmp/spark-4f239304-e6be-4092-b540-c6ae126920ed/userFiles-ae7b92a3-f9fd-4ebb-8cd1-5b177fb983a1/org.wildfly.openssl_wildfly-openssl-1.0.7.Final.jar
26/06/04 14:11:35 INFO Executor: Fetching file:///home/***/.ivy2/jars/com.amazonaws_aws-java-sdk-bundle-1.12.262.jar with timestamp 1780582294709
26/06/04 14:11:36 INFO Utils: /home/***/.ivy2/jars/com.amazonaws_aws-java-sdk-bundle-1.12.262.jar has been previously copied to /tmp/spark-4f239304-e6be-4092-b540-c6ae126920ed/userFiles-ae7b92a3-f9fd-4ebb-8cd1-5b177fb983a1/com.amazonaws_aws-java-sdk-bundle-1.12.262.jar
26/06/04 14:11:36 INFO Executor: Fetching spark://host.containers.internal:34689/jars/com.amazonaws_aws-java-sdk-bundle-1.12.262.jar with timestamp 1780582294709
26/06/04 14:11:36 INFO TransportClientFactory: Successfully created connection to host.containers.internal/192.168.1.120:34689 after 30 ms (0 ms spent in bootstraps)
26/06/04 14:11:36 INFO Utils: Fetching spark://host.containers.internal:34689/jars/com.amazonaws_aws-java-sdk-bundle-1.12.262.jar to /tmp/spark-4f239304-e6be-4092-b540-c6ae126920ed/userFiles-ae7b92a3-f9fd-4ebb-8cd1-5b177fb983a1/fetchFileTemp16628718309345031964.tmp
26/06/04 14:11:37 INFO Utils: /tmp/spark-4f239304-e6be-4092-b540-c6ae126920ed/userFiles-ae7b92a3-f9fd-4ebb-8cd1-5b177fb983a1/fetchFileTemp16628718309345031964.tmp has been previously copied to /tmp/spark-4f239304-e6be-4092-b540-c6ae126920ed/userFiles-ae7b92a3-f9fd-4ebb-8cd1-5b177fb983a1/com.amazonaws_aws-java-sdk-bundle-1.12.262.jar
26/06/04 14:11:37 INFO Executor: Adding file:/tmp/spark-4f239304-e6be-4092-b540-c6ae126920ed/userFiles-ae7b92a3-f9fd-4ebb-8cd1-5b177fb983a1/com.amazonaws_aws-java-sdk-bundle-1.12.262.jar to class loader default
26/06/04 14:11:37 INFO Executor: Fetching spark://host.containers.internal:34689/jars/org.antlr_antlr4-runtime-4.9.3.jar with timestamp 1780582294709
26/06/04 14:11:37 INFO Utils: Fetching spark://host.containers.internal:34689/jars/org.antlr_antlr4-runtime-4.9.3.jar to /tmp/spark-4f239304-e6be-4092-b540-c6ae126920ed/userFiles-ae7b92a3-f9fd-4ebb-8cd1-5b177fb983a1/fetchFileTemp2178163920012857489.tmp
26/06/04 14:11:37 INFO Utils: /tmp/spark-4f239304-e6be-4092-b540-c6ae126920ed/userFiles-ae7b92a3-f9fd-4ebb-8cd1-5b177fb983a1/fetchFileTemp2178163920012857489.tmp has been previously copied to /tmp/spark-4f239304-e6be-4092-b540-c6ae126920ed/userFiles-ae7b92a3-f9fd-4ebb-8cd1-5b177fb983a1/org.antlr_antlr4-runtime-4.9.3.jar
26/06/04 14:11:37 INFO Executor: Adding file:/tmp/spark-4f239304-e6be-4092-b540-c6ae126920ed/userFiles-ae7b92a3-f9fd-4ebb-8cd1-5b177fb983a1/org.antlr_antlr4-runtime-4.9.3.jar to class loader default
26/06/04 14:11:37 INFO Executor: Fetching spark://host.containers.internal:34689/jars/org.apache.hadoop_hadoop-aws-3.3.4.jar with timestamp 1780582294709
26/06/04 14:11:37 INFO Utils: Fetching spark://host.containers.internal:34689/jars/org.apache.hadoop_hadoop-aws-3.3.4.jar to /tmp/spark-4f239304-e6be-4092-b540-c6ae126920ed/userFiles-ae7b92a3-f9fd-4ebb-8cd1-5b177fb983a1/fetchFileTemp13538510850477352226.tmp
26/06/04 14:11:37 INFO Utils: /tmp/spark-4f239304-e6be-4092-b540-c6ae126920ed/userFiles-ae7b92a3-f9fd-4ebb-8cd1-5b177fb983a1/fetchFileTemp13538510850477352226.tmp has been previously copied to /tmp/spark-4f239304-e6be-4092-b540-c6ae126920ed/userFiles-ae7b92a3-f9fd-4ebb-8cd1-5b177fb983a1/org.apache.hadoop_hadoop-aws-3.3.4.jar
26/06/04 14:11:37 INFO Executor: Adding file:/tmp/spark-4f239304-e6be-4092-b540-c6ae126920ed/userFiles-ae7b92a3-f9fd-4ebb-8cd1-5b177fb983a1/org.apache.hadoop_hadoop-aws-3.3.4.jar to class loader default
26/06/04 14:11:37 INFO Executor: Fetching spark://host.containers.internal:34689/jars/io.delta_delta-storage-3.3.0.jar with timestamp 1780582294709
26/06/04 14:11:37 INFO Utils: Fetching spark://host.containers.internal:34689/jars/io.delta_delta-storage-3.3.0.jar to /tmp/spark-4f239304-e6be-4092-b540-c6ae126920ed/userFiles-ae7b92a3-f9fd-4ebb-8cd1-5b177fb983a1/fetchFileTemp7308855486780776267.tmp
26/06/04 14:11:37 INFO Utils: /tmp/spark-4f239304-e6be-4092-b540-c6ae126920ed/userFiles-ae7b92a3-f9fd-4ebb-8cd1-5b177fb983a1/fetchFileTemp7308855486780776267.tmp has been previously copied to /tmp/spark-4f239304-e6be-4092-b540-c6ae126920ed/userFiles-ae7b92a3-f9fd-4ebb-8cd1-5b177fb983a1/io.delta_delta-storage-3.3.0.jar
26/06/04 14:11:37 INFO Executor: Adding file:/tmp/spark-4f239304-e6be-4092-b540-c6ae126920ed/userFiles-ae7b92a3-f9fd-4ebb-8cd1-5b177fb983a1/io.delta_delta-storage-3.3.0.jar to class loader default
26/06/04 14:11:37 INFO Executor: Fetching spark://host.containers.internal:34689/jars/io.delta_delta-spark_2.12-3.3.0.jar with timestamp 1780582294709
26/06/04 14:11:37 INFO Utils: Fetching spark://host.containers.internal:34689/jars/io.delta_delta-spark_2.12-3.3.0.jar to /tmp/spark-4f239304-e6be-4092-b540-c6ae126920ed/userFiles-ae7b92a3-f9fd-4ebb-8cd1-5b177fb983a1/fetchFileTemp5092455956196962517.tmp
26/06/04 14:11:37 INFO Utils: /tmp/spark-4f239304-e6be-4092-b540-c6ae126920ed/userFiles-ae7b92a3-f9fd-4ebb-8cd1-5b177fb983a1/fetchFileTemp5092455956196962517.tmp has been previously copied to /tmp/spark-4f239304-e6be-4092-b540-c6ae126920ed/userFiles-ae7b92a3-f9fd-4ebb-8cd1-5b177fb983a1/io.delta_delta-spark_2.12-3.3.0.jar
26/06/04 14:11:37 INFO Executor: Adding file:/tmp/spark-4f239304-e6be-4092-b540-c6ae126920ed/userFiles-ae7b92a3-f9fd-4ebb-8cd1-5b177fb983a1/io.delta_delta-spark_2.12-3.3.0.jar to class loader default
26/06/04 14:11:37 INFO Executor: Fetching spark://host.containers.internal:34689/jars/org.wildfly.openssl_wildfly-openssl-1.0.7.Final.jar with timestamp 1780582294709
26/06/04 14:11:37 INFO Utils: Fetching spark://host.containers.internal:34689/jars/org.wildfly.openssl_wildfly-openssl-1.0.7.Final.jar to /tmp/spark-4f239304-e6be-4092-b540-c6ae126920ed/userFiles-ae7b92a3-f9fd-4ebb-8cd1-5b177fb983a1/fetchFileTemp2107415127590003929.tmp
26/06/04 14:11:37 INFO Utils: /tmp/spark-4f239304-e6be-4092-b540-c6ae126920ed/userFiles-ae7b92a3-f9fd-4ebb-8cd1-5b177fb983a1/fetchFileTemp2107415127590003929.tmp has been previously copied to /tmp/spark-4f239304-e6be-4092-b540-c6ae126920ed/userFiles-ae7b92a3-f9fd-4ebb-8cd1-5b177fb983a1/org.wildfly.openssl_wildfly-openssl-1.0.7.Final.jar
26/06/04 14:11:37 INFO Executor: Adding file:/tmp/spark-4f239304-e6be-4092-b540-c6ae126920ed/userFiles-ae7b92a3-f9fd-4ebb-8cd1-5b177fb983a1/org.wildfly.openssl_wildfly-openssl-1.0.7.Final.jar to class loader default
26/06/04 14:11:37 INFO Utils: Successfully started service 'org.apache.spark.network.netty.NettyBlockTransferService' on port 37987.
26/06/04 14:11:37 INFO NettyBlockTransferService: Server created on host.containers.internal:37987
26/06/04 14:11:37 INFO BlockManager: Using org.apache.spark.storage.RandomBlockReplicationPolicy for block replication policy
26/06/04 14:11:37 INFO BlockManagerMaster: Registering BlockManager BlockManagerId(driver, host.containers.internal, 37987, None)
26/06/04 14:11:37 INFO BlockManagerMasterEndpoint: Registering block manager host.containers.internal:37987 with 434.4 MiB RAM, BlockManagerId(driver, host.containers.internal, 37987, None)
26/06/04 14:11:37 INFO BlockManagerMaster: Registered BlockManager BlockManagerId(driver, host.containers.internal, 37987, None)
26/06/04 14:11:37 INFO BlockManager: Initialized BlockManager: BlockManagerId(driver, host.containers.internal, 37987, None)
26/06/04 14:11:37 INFO SingleEventLogFileWriter: Logging events to file:/.tmp/spark-logs/local-1780582295870.inprogress
2026-06-04 14:11:38.295 | INFO     | utils:build_spark_session:101 - Spark version: 3.5.6
2026-06-04 14:11:38.295 | INFO     | __main__:transform_patients:77 - Transforming raw_patients → stg_patients ...
26/06/04 14:11:39 WARN MetricsConfig: Cannot locate configuration: tried hadoop-metrics2-s3a-file-system.properties,hadoop-metrics2.properties
26/06/04 14:11:45 WARN SparkStringUtils: Truncated the string representation of a plan since it was too large. This behavior can be adjusted by setting 'spark.sql.debug.maxToStringFields'.
2026-06-04 14:11:53.145 | INFO     | __main__:transform_patients:95 -   stg_patients: 10,000 → 10,000 rows (removed 0 dupes)
/home/***/.local/lib/python3.12/site-packages/sqlalchemy_redshift/commands.py:31: SyntaxWarning: invalid escape sequence '\-'
  IAM_ROLE_NAME_RE = re.compile('[A-Za-z0-9+=,.@\-_]{1,64}')  # noqa
/home/***/.local/lib/python3.12/site-packages/sqlalchemy_redshift/commands.py:33: SyntaxWarning: invalid escape sequence '\-'
  '[0-9]{12}:role/[A-Za-z0-9+=,.@\-_]{1,64}')  # noqa
2026-06-04 14:12:07.197 | INFO     | utils:run_data_assertions:287 - Running data quality assertions on stg_patients...
2026-06-04 14:12:10.323 | WARNING  | utils:run_data_assertions:370 - Failed to emit assertions to DataHub: (<avro.schema.RecordSchema object at 0x7f4c746d4c80>, AssertionInfoClass({'customProperties': {}, 'externalUrl': None, 'type': 'DATASET', 'datasetAssertion': DatasetAssertionInfoClass({'dataset': 'urn:li:dataset:(urn:li:dataPlatform:trino,delta.silver.stg_patients,PROD)', 'scope': 'DATASET_COLUMN', 'fields': ['patient_id'], 'aggregation': None, 'operator': 'EQUAL', 'parameters': None, 'nativeType': None, 'nativeParameters': None, 'logic': None}), 'freshnessAssertion': None, 'volumeAssertion': None, 'sqlAssertion': None, 'fieldAssertion': None, 'schemaAssertion': None, 'customAssertion': None, 'source': None, 'lastUpdated': None, 'description': None, 'note': None}))
2026-06-04 14:12:14.775 | INFO     | __main__:transform_wards:114 - Transforming raw_wards → stg_wards ...
2026-06-04 14:12:18.422 | INFO     | __main__:transform_wards:128 -   stg_wards: 4 → 4 rows
2026-06-04 14:12:18.422 | INFO     | utils:run_data_assertions:287 - Running data quality assertions on stg_wards...
2026-06-04 14:12:19.514 | WARNING  | utils:run_data_assertions:370 - Failed to emit assertions to DataHub: (<avro.schema.RecordSchema object at 0x7f4c746d4c80>, AssertionInfoClass({'customProperties': {}, 'externalUrl': None, 'type': 'DATASET', 'datasetAssertion': DatasetAssertionInfoClass({'dataset': 'urn:li:dataset:(urn:li:dataPlatform:trino,delta.silver.stg_wards,PROD)', 'scope': 'DATASET_COLUMN', 'fields': ['ward_id'], 'aggregation': None, 'operator': 'EQUAL', 'parameters': None, 'nativeType': None, 'nativeParameters': None, 'logic': None}), 'freshnessAssertion': None, 'volumeAssertion': None, 'sqlAssertion': None, 'fieldAssertion': None, 'schemaAssertion': None, 'customAssertion': None, 'source': None, 'lastUpdated': None, 'description': None, 'note': None}))
2026-06-04 14:12:22.348 | INFO     | __main__:transform_event_metadata:147 - Transforming raw_event_metadata → stg_event_metadata ...
2026-06-04 14:12:25.309 | INFO     | __main__:transform_event_metadata:159 -   stg_event_metadata: 17 → 17 rows
2026-06-04 14:12:25.309 | INFO     | utils:run_data_assertions:287 - Running data quality assertions on stg_event_metadata...
2026-06-04 14:12:26.382 | WARNING  | utils:run_data_assertions:370 - Failed to emit assertions to DataHub: (<avro.schema.RecordSchema object at 0x7f4c746d4c80>, AssertionInfoClass({'customProperties': {}, 'externalUrl': None, 'type': 'DATASET', 'datasetAssertion': DatasetAssertionInfoClass({'dataset': 'urn:li:dataset:(urn:li:dataPlatform:trino,delta.silver.stg_event_metadata,PROD)', 'scope': 'DATASET_COLUMN', 'fields': ['event_type_id'], 'aggregation': None, 'operator': 'EQUAL', 'parameters': None, 'nativeType': None, 'nativeParameters': None, 'logic': None}), 'freshnessAssertion': None, 'volumeAssertion': None, 'sqlAssertion': None, 'fieldAssertion': None, 'schemaAssertion': None, 'customAssertion': None, 'source': None, 'lastUpdated': None, 'description': None, 'note': None}))
2026-06-04 14:12:28.734 | INFO     | __main__:transform_visits:186 - Transforming raw_visits → stg_visits ...
2026-06-04 14:12:31.525 | INFO     | __main__:transform_visits:219 -   stg_visits: 50,000 → 50,000 rows
2026-06-04 14:12:31.525 | INFO     | utils:run_data_assertions:287 - Running data quality assertions on stg_visits...
2026-06-04 14:12:33.419 | WARNING  | utils:run_data_assertions:370 - Failed to emit assertions to DataHub: (<avro.schema.RecordSchema object at 0x7f4c746d4c80>, AssertionInfoClass({'customProperties': {}, 'externalUrl': None, 'type': 'DATASET', 'datasetAssertion': DatasetAssertionInfoClass({'dataset': 'urn:li:dataset:(urn:li:dataPlatform:trino,delta.silver.stg_visits,PROD)', 'scope': 'DATASET_COLUMN', 'fields': ['visit_id'], 'aggregation': None, 'operator': 'EQUAL', 'parameters': None, 'nativeType': None, 'nativeParameters': None, 'logic': None}), 'freshnessAssertion': None, 'volumeAssertion': None, 'sqlAssertion': None, 'fieldAssertion': None, 'schemaAssertion': None, 'customAssertion': None, 'source': None, 'lastUpdated': None, 'description': None, 'note': None}))
2026-06-04 14:13:15.273 | INFO     | __main__:transform_events:248 - Transforming raw_events → stg_events ...
2026-06-04 14:13:19.723 | INFO     | __main__:transform_events:276 -   stg_events: 153,000 → 150,000 rows
2026-06-04 14:13:19.723 | INFO     | __main__:transform_events:277 -   Duplicates removed: 3,000 (1.96%)
2026-06-04 14:13:19.723 | INFO     | __main__:transform_events:278 -   Unknown event_type rows flagged: 0
2026-06-04 14:13:19.723 | INFO     | utils:run_data_assertions:287 - Running data quality assertions on stg_events...
2026-06-04 14:13:23.091 | WARNING  | utils:run_data_assertions:370 - Failed to emit assertions to DataHub: (<avro.schema.RecordSchema object at 0x7f4c746d4c80>, AssertionInfoClass({'customProperties': {}, 'externalUrl': None, 'type': 'DATASET', 'datasetAssertion': DatasetAssertionInfoClass({'dataset': 'urn:li:dataset:(urn:li:dataPlatform:trino,delta.silver.stg_events,PROD)', 'scope': 'DATASET_COLUMN', 'fields': ['event_id'], 'aggregation': None, 'operator': 'EQUAL', 'parameters': None, 'nativeType': None, 'nativeParameters': None, 'logic': None}), 'freshnessAssertion': None, 'volumeAssertion': None, 'sqlAssertion': None, 'fieldAssertion': None, 'schemaAssertion': None, 'customAssertion': None, 'source': None, 'lastUpdated': None, 'description': None, 'note': None}))
2026-06-04 14:14:03.305 | INFO     | __main__:main:314 - ============================================================
2026-06-04 14:14:03.305 | INFO     | __main__:main:315 - Silver table row counts:
2026-06-04 14:14:03.305 | INFO     | __main__:main:317 -   stg_patients             :     10,000 rows
2026-06-04 14:14:03.305 | INFO     | __main__:main:317 -   stg_wards                :          4 rows
2026-06-04 14:14:03.305 | INFO     | __main__:main:317 -   stg_event_metadata       :         17 rows
2026-06-04 14:14:03.305 | INFO     | __main__:main:317 -   stg_visits               :     50,000 rows
2026-06-04 14:14:03.305 | INFO     | __main__:main:317 -   stg_events               :    150,000 rows
2026-06-04 14:14:03.305 | INFO     | utils:register_tables_in_trino:133 - Registering tables in Trino under delta.silver ...
2026-06-04 14:14:03.322 | INFO     | utils:register_tables_in_trino:146 -   delta.silver schema ensured.
2026-06-04 14:14:03.322 | INFO     | utils:register_tables_in_trino:149 -   Registering delta.silver.stg_patients ...
2026-06-04 14:14:03.448 | INFO     | utils:register_tables_in_trino:149 -   Registering delta.silver.stg_wards ...
2026-06-04 14:14:03.558 | INFO     | utils:register_tables_in_trino:149 -   Registering delta.silver.stg_event_metadata ...
2026-06-04 14:14:03.657 | INFO     | utils:register_tables_in_trino:149 -   Registering delta.silver.stg_visits ...
2026-06-04 14:14:04.325 | INFO     | utils:register_tables_in_trino:149 -   Registering delta.silver.stg_events ...
2026-06-04 14:14:04.972 | INFO     | utils:register_tables_in_trino:161 -   All tables registered in Trino under delta.silver.
2026-06-04 14:14:05.135 | INFO     | __main__:main:326 - ============================================================
2026-06-04 14:14:05.135 | INFO     | __main__:main:327 - Silver transformation complete. run_id=20260604_141134, elapsed=150.5s
2026-06-04 14:14:05.135 | INFO     | __main__:main:328 - ============================================================
[2026-06-04T14:14:08.172+0000] {logging_mixin.py:190} WARNING - 2026-06-04 14:11:24.919 | INFO     | utils:run_with_spark_submit:179 - Script was not started with spark-submit. Submitting job to cluster via subprocess...
2026-06-04 14:11:24.919 | INFO     | utils:run_with_spark_submit:189 - Running command: spark-submit --master local[*] --packages io.delta:delta-spark_2.12:3.3.0,org.apache.hadoop:hadoop-aws:3.3.4,com.amazonaws:aws-java-sdk-bundle:1.12.262 /opt/***/scripts/3_transform_to_silver.py
[2026-06-04T14:14:08.398+0000] {logging_mixin.py:190} INFO - [datahub] Emitted batch step: silver_transform
[2026-06-04T14:14:08.410+0000] {logging_mixin.py:190} INFO - [run-meta] silver_transform → SUCCESS  run_id=3aaa913d-543d-4827-8c29-e70d63a6f1aa
[2026-06-04T14:14:08.411+0000] {python.py:240} INFO - Done. Returned value was: None
[2026-06-04T14:14:08.420+0000] {taskinstance.py:340} INFO - ::group::Post task execution logs
[2026-06-04T14:14:08.420+0000] {taskinstance.py:352} INFO - Marking task as SUCCESS. dag_id=ehr_data_pipeline, task_id=silver_transform, run_id=manual__2026-06-04T14:11:14.322275+00:00, execution_date=20260604T141114, start_date=20260604T141124, end_date=20260604T141408
[2026-06-04T14:14:08.457+0000] {local_task_job_runner.py:266} INFO - Task exited with return code 0
[2026-06-04T14:14:08.479+0000] {taskinstance.py:3900} INFO - 1 downstream tasks scheduled from follow-on schedule check
[2026-06-04T14:14:08.485+0000] {local_task_job_runner.py:245} INFO - ::endgroup::
