[2026-06-04T13:45:57.985+0000] {local_task_job_runner.py:123} INFO - ::group::Pre task execution logs
[2026-06-04T13:45:58.007+0000] {taskinstance.py:2612} INFO - Dependencies all met for dep_context=non-requeueable deps ti=<TaskInstance: ehr_data_pipeline.bronze_ingest manual__2026-06-04T13:45:56.627046+00:00 [queued]>
[2026-06-04T13:45:58.018+0000] {taskinstance.py:2612} INFO - Dependencies all met for dep_context=requeueable deps ti=<TaskInstance: ehr_data_pipeline.bronze_ingest manual__2026-06-04T13:45:56.627046+00:00 [queued]>
[2026-06-04T13:45:58.018+0000] {taskinstance.py:2865} INFO - Starting attempt 1 of 1
[2026-06-04T13:45:58.043+0000] {taskinstance.py:2888} INFO - Executing <Task(PythonOperator): bronze_ingest> on 2026-06-04 13:45:56.627046+00:00
[2026-06-04T13:45:58.056+0000] {standard_task_runner.py:104} INFO - Running: ['***', 'tasks', 'run', 'ehr_data_pipeline', 'bronze_ingest', 'manual__2026-06-04T13:45:56.627046+00:00', '--job-id', '8', '--raw', '--subdir', 'DAGS_FOLDER/ehr_data_pipeline.py', '--cfg-path', '/tmp/tmpgr1_mu2q']
[2026-06-04T13:45:58.059+0000] {standard_task_runner.py:105} INFO - Job 8: Subtask bronze_ingest
[2026-06-04T13:45:58.061+0000] {logging_mixin.py:190} WARNING - /home/***/.local/lib/python3.12/site-packages/***/task/task_runner/standard_task_runner.py:70 DeprecationWarning: This process (pid=546) is multi-threaded, use of fork() may lead to deadlocks in the child.
[2026-06-04T13:45:58.062+0000] {standard_task_runner.py:72} INFO - Started process 548 to run task
[2026-06-04T13:45:58.126+0000] {task_command.py:467} INFO - Running <TaskInstance: ehr_data_pipeline.bronze_ingest manual__2026-06-04T13:45:56.627046+00:00 [running]> on host g120.grove.adaptcentre.ie
[2026-06-04T13:45:58.243+0000] {taskinstance.py:3131} INFO - Exporting env vars: AIRFLOW_CTX_DAG_OWNER='***' AIRFLOW_CTX_DAG_ID='ehr_data_pipeline' AIRFLOW_CTX_TASK_ID='bronze_ingest' AIRFLOW_CTX_EXECUTION_DATE='2026-06-04T13:45:56.627046+00:00' AIRFLOW_CTX_TRY_NUMBER='1' AIRFLOW_CTX_DAG_RUN_ID='manual__2026-06-04T13:45:56.627046+00:00'
[2026-06-04T13:45:58.257+0000] {taskinstance.py:731} INFO - ::endgroup::
[2026-06-04T13:46:02.492+0000] {logging_mixin.py:190} WARNING - 2026-06-04 13:45:59.943 | INFO     | __main__:ingest_to_minio:50 - Initializing MinIO connection...
2026-06-04 13:45:59.973 | INFO     | __main__:ingest_to_minio:60 - Created MinIO bucket: 'lakehouse'
2026-06-04 13:45:59.974 | INFO     | __main__:ingest_to_minio:80 - Writing raw_patients table to S3/Delta...
2026-06-04 13:45:59.989 | ERROR    | __main__:main:95 - Failed MinIO Ingestion step: [Errno 2] No such file or directory: '/opt/data/synthetic/patients.parquet'
2026-06-04 13:45:59.989 | INFO     | utils:register_tables_in_trino:133 - Registering tables in Trino under delta.bronze ...
2026-06-04 13:46:01.607 | INFO     | utils:register_tables_in_trino:146 -   delta.bronze schema ensured.
2026-06-04 13:46:01.607 | INFO     | utils:register_tables_in_trino:149 -   Registering delta.bronze.raw_patients ...
2026-06-04 13:46:02.282 | ERROR    | __main__:main:102 - Failed Trino Registration step: TrinoUserError(type=USER_ERROR, name=GENERIC_USER_ERROR, message="No transaction log found in location s3://lakehouse/topics/raw_patients/_delta_log", query_id=20260604_134601_00006_a9tfe)
2026-06-04 13:46:02.283 | INFO     | __main__:main:104 - Historical Batch Ingestion process finished.
[2026-06-04T13:46:02.826+0000] {logging_mixin.py:190} INFO - [datahub] Emitted batch step: bronze_ingest
[2026-06-04T13:46:02.845+0000] {logging_mixin.py:190} INFO - [run-meta] bronze_ingest → SUCCESS  run_id=2f4a2e9d-836d-4fda-bce2-a6d7d134237c
[2026-06-04T13:46:02.845+0000] {python.py:240} INFO - Done. Returned value was: None
[2026-06-04T13:46:02.874+0000] {taskinstance.py:340} INFO - ::group::Post task execution logs
[2026-06-04T13:46:02.875+0000] {taskinstance.py:352} INFO - Marking task as SUCCESS. dag_id=ehr_data_pipeline, task_id=bronze_ingest, run_id=manual__2026-06-04T13:45:56.627046+00:00, execution_date=20260604T134556, start_date=20260604T134558, end_date=20260604T134602
[2026-06-04T13:46:02.908+0000] {local_task_job_runner.py:266} INFO - Task exited with return code 0
[2026-06-04T13:46:02.936+0000] {taskinstance.py:3900} INFO - 1 downstream tasks scheduled from follow-on schedule check
[2026-06-04T13:46:02.941+0000] {local_task_job_runner.py:245} INFO - ::endgroup::
