[2026-06-04T16:23:42.897+0000] {local_task_job_runner.py:123} INFO - ::group::Pre task execution logs
[2026-06-04T16:23:42.934+0000] {taskinstance.py:2612} INFO - Dependencies all met for dep_context=non-requeueable deps ti=<TaskInstance: ehr_data_pipeline.silver_transform manual__2026-06-04T16:21:14.038551+00:00 [queued]>
[2026-06-04T16:23:42.968+0000] {taskinstance.py:2612} INFO - Dependencies all met for dep_context=requeueable deps ti=<TaskInstance: ehr_data_pipeline.silver_transform manual__2026-06-04T16:21:14.038551+00:00 [queued]>
[2026-06-04T16:23:42.971+0000] {taskinstance.py:2865} INFO - Starting attempt 2 of 1
[2026-06-04T16:23:42.994+0000] {taskinstance.py:2888} INFO - Executing <Task(PythonOperator): silver_transform> on 2026-06-04 16:21:14.038551+00:00
[2026-06-04T16:23:43.027+0000] {logging_mixin.py:190} WARNING - /home/***/.local/lib/python3.12/site-packages/***/task/task_runner/standard_task_runner.py:70 DeprecationWarning: This process (pid=4676) is multi-threaded, use of fork() may lead to deadlocks in the child.
[2026-06-04T16:23:43.031+0000] {standard_task_runner.py:72} INFO - Started process 4677 to run task
[2026-06-04T16:23:43.032+0000] {standard_task_runner.py:104} INFO - Running: ['***', 'tasks', 'run', 'ehr_data_pipeline', 'silver_transform', 'manual__2026-06-04T16:21:14.038551+00:00', '--job-id', '69', '--raw', '--subdir', 'DAGS_FOLDER/ehr_data_pipeline.py', '--cfg-path', '/tmp/tmpqtff4foc']
[2026-06-04T16:23:43.046+0000] {standard_task_runner.py:105} INFO - Job 69: Subtask silver_transform
[2026-06-04T16:23:43.229+0000] {task_command.py:467} INFO - Running <TaskInstance: ehr_data_pipeline.silver_transform manual__2026-06-04T16:21:14.038551+00:00 [running]> on host g120.grove.adaptcentre.ie
[2026-06-04T16:23:43.393+0000] {taskinstance.py:3131} INFO - Exporting env vars: AIRFLOW_CTX_DAG_OWNER='***' AIRFLOW_CTX_DAG_ID='ehr_data_pipeline' AIRFLOW_CTX_TASK_ID='silver_transform' AIRFLOW_CTX_EXECUTION_DATE='2026-06-04T16:21:14.038551+00:00' AIRFLOW_CTX_TRY_NUMBER='2' AIRFLOW_CTX_DAG_RUN_ID='manual__2026-06-04T16:21:14.038551+00:00'
[2026-06-04T16:23:43.398+0000] {taskinstance.py:731} INFO - ::endgroup::
[2026-06-04T16:26:11.300+0000] {local_task_job_runner.py:346} WARNING - State of this instance has been externally set to success. Terminating instance.
[2026-06-04T16:26:11.304+0000] {local_task_job_runner.py:245} INFO - ::endgroup::
[2026-06-04T16:26:11.309+0000] {process_utils.py:132} INFO - Sending 15 to group 4677. PIDs of all processes in the group: [4679, 4685, 4689, 4756, 4677]
[2026-06-04T16:26:11.314+0000] {process_utils.py:87} INFO - Sending the signal 15 to group 4677
[2026-06-04T16:26:11.319+0000] {taskinstance.py:3092} ERROR - Received SIGTERM. Terminating subprocesses.
[2026-06-04T16:26:11.326+0000] {process_utils.py:80} INFO - Process psutil.Process(pid=4685, status='terminated', started='16:23:42') (4685) terminated with exit code None
[2026-06-04T16:26:11.329+0000] {process_utils.py:80} INFO - Process psutil.Process(pid=4679, status='terminated', started='16:23:42') (4679) terminated with exit code None
[2026-06-04T16:26:11.406+0000] {taskinstance.py:340} INFO - ::group::Post task execution logs
[2026-06-04T16:26:11.425+0000] {process_utils.py:80} INFO - Process psutil.Process(pid=4756, status='terminated', started='16:23:47') (4756) terminated with exit code None
[2026-06-04T16:26:11.641+0000] {process_utils.py:80} INFO - Process psutil.Process(pid=4677, status='terminated', exitcode=0, started='16:23:42') (4677) terminated with exit code 0
[2026-06-04T16:26:12.059+0000] {process_utils.py:80} INFO - Process psutil.Process(pid=4689, status='terminated', started='16:23:43') (4689) terminated with exit code None
