[2026-06-04T16:21:22.247+0000] {local_task_job_runner.py:123} INFO - ::group::Pre task execution logs
[2026-06-04T16:21:22.264+0000] {taskinstance.py:2612} INFO - Dependencies all met for dep_context=non-requeueable deps ti=<TaskInstance: ehr_data_pipeline.silver_transform manual__2026-06-04T16:21:14.038551+00:00 [queued]>
[2026-06-04T16:21:22.273+0000] {taskinstance.py:2612} INFO - Dependencies all met for dep_context=requeueable deps ti=<TaskInstance: ehr_data_pipeline.silver_transform manual__2026-06-04T16:21:14.038551+00:00 [queued]>
[2026-06-04T16:21:22.275+0000] {taskinstance.py:2865} INFO - Starting attempt 1 of 1
[2026-06-04T16:21:22.310+0000] {taskinstance.py:2888} INFO - Executing <Task(PythonOperator): silver_transform> on 2026-06-04 16:21:14.038551+00:00
[2026-06-04T16:21:22.318+0000] {standard_task_runner.py:104} INFO - Running: ['***', 'tasks', 'run', 'ehr_data_pipeline', 'silver_transform', 'manual__2026-06-04T16:21:14.038551+00:00', '--job-id', '68', '--raw', '--subdir', 'DAGS_FOLDER/ehr_data_pipeline.py', '--cfg-path', '/tmp/tmp65evvekk']
[2026-06-04T16:21:22.321+0000] {logging_mixin.py:190} WARNING - /home/***/.local/lib/python3.12/site-packages/***/task/task_runner/standard_task_runner.py:70 DeprecationWarning: This process (pid=4033) is multi-threaded, use of fork() may lead to deadlocks in the child.
[2026-06-04T16:21:22.322+0000] {standard_task_runner.py:105} INFO - Job 68: Subtask silver_transform
[2026-06-04T16:21:22.324+0000] {standard_task_runner.py:72} INFO - Started process 4035 to run task
[2026-06-04T16:21:22.366+0000] {task_command.py:467} INFO - Running <TaskInstance: ehr_data_pipeline.silver_transform manual__2026-06-04T16:21:14.038551+00:00 [running]> on host g120.grove.adaptcentre.ie
[2026-06-04T16:21:22.448+0000] {taskinstance.py:3131} INFO - Exporting env vars: AIRFLOW_CTX_DAG_OWNER='***' AIRFLOW_CTX_DAG_ID='ehr_data_pipeline' AIRFLOW_CTX_TASK_ID='silver_transform' AIRFLOW_CTX_EXECUTION_DATE='2026-06-04T16:21:14.038551+00:00' AIRFLOW_CTX_TRY_NUMBER='1' AIRFLOW_CTX_DAG_RUN_ID='manual__2026-06-04T16:21:14.038551+00:00'
[2026-06-04T16:21:22.450+0000] {taskinstance.py:731} INFO - ::endgroup::
[2026-06-04T16:22:28.753+0000] {job.py:229} INFO - Heartbeat recovered after 26.08 seconds
[2026-06-04T16:23:03.084+0000] {job.py:229} INFO - Heartbeat recovered after 51.39 seconds
[2026-06-04T16:23:30.107+0000] {job.py:229} INFO - Heartbeat recovered after 56.29 seconds
[2026-06-04T16:23:41.509+0000] {job.py:229} INFO - Heartbeat recovered after 33.37 seconds
[2026-06-04T16:23:46.572+0000] {job.py:229} INFO - Heartbeat recovered after 11.41 seconds
[2026-06-04T16:23:46.592+0000] {local_task_job_runner.py:318} WARNING - Recorded pid 4677 does not match the current pid 4035
[2026-06-04T16:23:46.594+0000] {local_task_job_runner.py:218} WARNING - Heartbeat failed with Exception: PID of job runner does not match
[2026-06-04T16:23:51.640+0000] {local_task_job_runner.py:318} WARNING - Recorded pid 4677 does not match the current pid 4035
[2026-06-04T16:23:51.643+0000] {local_task_job_runner.py:218} WARNING - Heartbeat failed with Exception: PID of job runner does not match
[2026-06-04T16:23:56.681+0000] {local_task_job_runner.py:318} WARNING - Recorded pid 4677 does not match the current pid 4035
[2026-06-04T16:23:56.684+0000] {local_task_job_runner.py:218} WARNING - Heartbeat failed with Exception: PID of job runner does not match
[2026-06-04T16:24:01.829+0000] {local_task_job_runner.py:318} WARNING - Recorded pid 4677 does not match the current pid 4035
[2026-06-04T16:24:01.831+0000] {local_task_job_runner.py:218} WARNING - Heartbeat failed with Exception: PID of job runner does not match
[2026-06-04T16:24:07.929+0000] {local_task_job_runner.py:318} WARNING - Recorded pid 4677 does not match the current pid 4035
[2026-06-04T16:24:07.931+0000] {local_task_job_runner.py:218} WARNING - Heartbeat failed with Exception: PID of job runner does not match
[2026-06-04T16:24:13.192+0000] {local_task_job_runner.py:318} WARNING - Recorded pid 4677 does not match the current pid 4035
[2026-06-04T16:24:13.195+0000] {local_task_job_runner.py:218} WARNING - Heartbeat failed with Exception: PID of job runner does not match
[2026-06-04T16:24:18.414+0000] {local_task_job_runner.py:318} WARNING - Recorded pid 4677 does not match the current pid 4035
[2026-06-04T16:24:18.417+0000] {local_task_job_runner.py:218} WARNING - Heartbeat failed with Exception: PID of job runner does not match
[2026-06-04T16:24:23.519+0000] {local_task_job_runner.py:318} WARNING - Recorded pid 4677 does not match the current pid 4035
[2026-06-04T16:24:23.521+0000] {local_task_job_runner.py:218} WARNING - Heartbeat failed with Exception: PID of job runner does not match
[2026-06-04T16:24:28.626+0000] {local_task_job_runner.py:318} WARNING - Recorded pid 4677 does not match the current pid 4035
[2026-06-04T16:24:28.629+0000] {local_task_job_runner.py:218} WARNING - Heartbeat failed with Exception: PID of job runner does not match
[2026-06-04T16:24:33.743+0000] {local_task_job_runner.py:318} WARNING - Recorded pid 4677 does not match the current pid 4035
[2026-06-04T16:24:33.745+0000] {local_task_job_runner.py:218} WARNING - Heartbeat failed with Exception: PID of job runner does not match
[2026-06-04T16:24:38.830+0000] {local_task_job_runner.py:318} WARNING - Recorded pid 4677 does not match the current pid 4035
[2026-06-04T16:24:38.833+0000] {local_task_job_runner.py:218} WARNING - Heartbeat failed with Exception: PID of job runner does not match
[2026-06-04T16:24:43.893+0000] {local_task_job_runner.py:318} WARNING - Recorded pid 4677 does not match the current pid 4035
[2026-06-04T16:24:43.895+0000] {local_task_job_runner.py:218} WARNING - Heartbeat failed with Exception: PID of job runner does not match
[2026-06-04T16:24:48.954+0000] {local_task_job_runner.py:318} WARNING - Recorded pid 4677 does not match the current pid 4035
[2026-06-04T16:24:48.956+0000] {local_task_job_runner.py:218} WARNING - Heartbeat failed with Exception: PID of job runner does not match
[2026-06-04T16:24:54.037+0000] {local_task_job_runner.py:318} WARNING - Recorded pid 4677 does not match the current pid 4035
[2026-06-04T16:24:54.040+0000] {local_task_job_runner.py:218} WARNING - Heartbeat failed with Exception: PID of job runner does not match
[2026-06-04T16:24:59.089+0000] {local_task_job_runner.py:318} WARNING - Recorded pid 4677 does not match the current pid 4035
[2026-06-04T16:24:59.092+0000] {local_task_job_runner.py:218} WARNING - Heartbeat failed with Exception: PID of job runner does not match
[2026-06-04T16:25:04.257+0000] {local_task_job_runner.py:318} WARNING - Recorded pid 4677 does not match the current pid 4035
[2026-06-04T16:25:04.261+0000] {local_task_job_runner.py:218} WARNING - Heartbeat failed with Exception: PID of job runner does not match
[2026-06-04T16:25:09.373+0000] {local_task_job_runner.py:318} WARNING - Recorded pid 4677 does not match the current pid 4035
[2026-06-04T16:25:09.375+0000] {local_task_job_runner.py:218} WARNING - Heartbeat failed with Exception: PID of job runner does not match
[2026-06-04T16:25:14.484+0000] {local_task_job_runner.py:318} WARNING - Recorded pid 4677 does not match the current pid 4035
[2026-06-04T16:25:14.487+0000] {local_task_job_runner.py:218} WARNING - Heartbeat failed with Exception: PID of job runner does not match
[2026-06-04T16:25:19.589+0000] {local_task_job_runner.py:318} WARNING - Recorded pid 4677 does not match the current pid 4035
[2026-06-04T16:25:19.591+0000] {local_task_job_runner.py:218} WARNING - Heartbeat failed with Exception: PID of job runner does not match
[2026-06-04T16:25:24.726+0000] {local_task_job_runner.py:318} WARNING - Recorded pid 4677 does not match the current pid 4035
[2026-06-04T16:25:24.729+0000] {local_task_job_runner.py:218} WARNING - Heartbeat failed with Exception: PID of job runner does not match
[2026-06-04T16:25:29.797+0000] {local_task_job_runner.py:318} WARNING - Recorded pid 4677 does not match the current pid 4035
[2026-06-04T16:25:29.800+0000] {local_task_job_runner.py:218} WARNING - Heartbeat failed with Exception: PID of job runner does not match
[2026-06-04T16:25:34.892+0000] {local_task_job_runner.py:318} WARNING - Recorded pid 4677 does not match the current pid 4035
[2026-06-04T16:25:34.895+0000] {local_task_job_runner.py:218} WARNING - Heartbeat failed with Exception: PID of job runner does not match
[2026-06-04T16:25:39.997+0000] {local_task_job_runner.py:318} WARNING - Recorded pid 4677 does not match the current pid 4035
[2026-06-04T16:25:39.999+0000] {local_task_job_runner.py:218} WARNING - Heartbeat failed with Exception: PID of job runner does not match
[2026-06-04T16:25:43.481+0000] {logging_mixin.py:190} INFO - :: loading settings :: url = jar:file:/home/***/.local/lib/python3.12/site-packages/pyspark/jars/ivy-2.5.1.jar!/org/apache/ivy/core/settings/ivysettings.xml
Ivy Default Cache set to: /home/***/.ivy2/cache
The jars for the packages stored in: /home/***/.ivy2/jars
io.delta#delta-spark_2.12 added as a dependency
org.apache.hadoop#hadoop-aws added as a dependency
com.amazonaws#aws-java-sdk-bundle added as a dependency
:: resolving dependencies :: org.apache.spark#spark-submit-parent-21e57c49-b0d4-4448-a8ef-4a07499c5356;1.0
	confs: [default]
	found io.delta#delta-spark_2.12;3.3.0 in central
	found io.delta#delta-storage;3.3.0 in central
	found org.antlr#antlr4-runtime;4.9.3 in central
	found org.apache.hadoop#hadoop-aws;3.3.4 in central
	found com.amazonaws#aws-java-sdk-bundle;1.12.262 in central
	found org.wildfly.openssl#wildfly-openssl;1.0.7.Final in central
:: resolution report :: resolve 255ms :: artifacts dl 11ms
	:: modules in use:
	com.amazonaws#aws-java-sdk-bundle;1.12.262 from central in [default]
	io.delta#delta-spark_2.12;3.3.0 from central in [default]
	io.delta#delta-storage;3.3.0 from central in [default]
	org.antlr#antlr4-runtime;4.9.3 from central in [default]
	org.apache.hadoop#hadoop-aws;3.3.4 from central in [default]
	org.wildfly.openssl#wildfly-openssl;1.0.7.Final from central in [default]
	---------------------------------------------------------------------
	|                  |            modules            ||   artifacts   |
	|       conf       | number| search|dwnlded|evicted|| number|dwnlded|
	---------------------------------------------------------------------
	|      default     |   6   |   0   |   0   |   0   ||   6   |   0   |
	---------------------------------------------------------------------
:: retrieving :: org.apache.spark#spark-submit-parent-21e57c49-b0d4-4448-a8ef-4a07499c5356
	confs: [default]
	0 artifacts copied, 6 already retrieved (0kB/6ms)
26/06/04 16:21:24 WARN NativeCodeLoader: Unable to load native-hadoop library for your platform... using builtin-java classes where applicable
/opt/***/scripts/3_transform_to_silver.py:297: DeprecationWarning: datetime.datetime.utcnow() is deprecated and scheduled for removal in a future version. Use timezone-aware objects to represent datetimes in UTC: datetime.datetime.now(datetime.UTC).
  run_id    = datetime.utcnow().strftime("%Y%m%d_%H%M%S")
2026-06-04 16:21:25.658 | INFO     | __main__:main:299 - ============================================================
2026-06-04 16:21:25.658 | INFO     | __main__:main:300 - EHR SILVER TRANSFORMATION — run_id=20260604_162125
2026-06-04 16:21:25.658 | INFO     | __main__:main:301 - ============================================================
2026-06-04 16:21:25.658 | INFO     | utils:build_spark_session:69 - Connecting to Spark cluster: local[*] for EHR-Silver-Transformation
26/06/04 16:21:25 INFO SparkContext: Running Spark version 3.5.6
26/06/04 16:21:25 INFO SparkContext: OS info Linux, 5.10.0-42-amd64, amd64
26/06/04 16:21:25 INFO SparkContext: Java version 17.0.11
26/06/04 16:21:25 INFO ResourceUtils: ==============================================================
26/06/04 16:21:25 INFO ResourceUtils: No custom resources configured for spark.driver.
26/06/04 16:21:25 INFO ResourceUtils: ==============================================================
26/06/04 16:21:25 INFO SparkContext: Submitted application: EHR-Silver-Transformation
26/06/04 16:21:25 INFO ResourceProfile: Default ResourceProfile created, executor resources: Map(cores -> name: cores, amount: 2, script: , vendor: , memory -> name: memory, amount: 16384, script: , vendor: , offHeap -> name: offHeap, amount: 0, script: , vendor: ), task resources: Map(cpus -> name: cpus, amount: 1.0)
26/06/04 16:21:25 INFO ResourceProfile: Limiting resource is cpus at 2 tasks per executor
26/06/04 16:21:25 INFO ResourceProfileManager: Added ResourceProfile id: 0
26/06/04 16:21:25 INFO SecurityManager: Changing view acls to: ***
26/06/04 16:21:25 INFO SecurityManager: Changing modify acls to: ***
26/06/04 16:21:25 INFO SecurityManager: Changing view acls groups to: 
26/06/04 16:21:25 INFO SecurityManager: Changing modify acls groups to: 
26/06/04 16:21:25 INFO SecurityManager: SecurityManager: authentication disabled; ui acls disabled; users with view permissions: ***; groups with view permissions: EMPTY; users with modify permissions: ***; groups with modify permissions: EMPTY
26/06/04 16:21:26 INFO Utils: Successfully started service 'sparkDriver' on port 44807.
26/06/04 16:21:26 INFO SparkEnv: Registering MapOutputTracker
26/06/04 16:21:26 INFO SparkEnv: Registering BlockManagerMaster
26/06/04 16:21:26 INFO BlockManagerMasterEndpoint: Using org.apache.spark.storage.DefaultTopologyMapper for getting topology information
26/06/04 16:21:26 INFO BlockManagerMasterEndpoint: BlockManagerMasterEndpoint up
26/06/04 16:21:26 INFO SparkEnv: Registering BlockManagerMasterHeartbeat
26/06/04 16:21:26 INFO DiskBlockManager: Created local directory at /tmp/blockmgr-664368b1-4b8a-4d0b-886b-f95f1b5cc2a1
26/06/04 16:21:26 INFO MemoryStore: MemoryStore started with capacity 434.4 MiB
26/06/04 16:21:26 INFO SparkEnv: Registering OutputCommitCoordinator
26/06/04 16:21:26 INFO JettyUtils: Start Jetty 0.0.0.0:4040 for SparkUI
26/06/04 16:21:26 INFO Utils: Successfully started service 'SparkUI' on port 4040.
26/06/04 16:21:26 INFO SparkContext: Added JAR file:///home/***/.ivy2/jars/io.delta_delta-spark_2.12-3.3.0.jar at spark://host.containers.internal:44807/jars/io.delta_delta-spark_2.12-3.3.0.jar with timestamp 1780590085760
26/06/04 16:21:26 INFO SparkContext: Added JAR file:///home/***/.ivy2/jars/org.apache.hadoop_hadoop-aws-3.3.4.jar at spark://host.containers.internal:44807/jars/org.apache.hadoop_hadoop-aws-3.3.4.jar with timestamp 1780590085760
26/06/04 16:21:26 INFO SparkContext: Added JAR file:///home/***/.ivy2/jars/com.amazonaws_aws-java-sdk-bundle-1.12.262.jar at spark://host.containers.internal:44807/jars/com.amazonaws_aws-java-sdk-bundle-1.12.262.jar with timestamp 1780590085760
26/06/04 16:21:26 INFO SparkContext: Added JAR file:///home/***/.ivy2/jars/io.delta_delta-storage-3.3.0.jar at spark://host.containers.internal:44807/jars/io.delta_delta-storage-3.3.0.jar with timestamp 1780590085760
26/06/04 16:21:26 INFO SparkContext: Added JAR file:///home/***/.ivy2/jars/org.antlr_antlr4-runtime-4.9.3.jar at spark://host.containers.internal:44807/jars/org.antlr_antlr4-runtime-4.9.3.jar with timestamp 1780590085760
26/06/04 16:21:26 INFO SparkContext: Added JAR file:///home/***/.ivy2/jars/org.wildfly.openssl_wildfly-openssl-1.0.7.Final.jar at spark://host.containers.internal:44807/jars/org.wildfly.openssl_wildfly-openssl-1.0.7.Final.jar with timestamp 1780590085760
26/06/04 16:21:26 INFO SparkContext: Added file file:///home/***/.ivy2/jars/io.delta_delta-spark_2.12-3.3.0.jar at file:///home/***/.ivy2/jars/io.delta_delta-spark_2.12-3.3.0.jar with timestamp 1780590085760
26/06/04 16:21:26 INFO Utils: Copying /home/***/.ivy2/jars/io.delta_delta-spark_2.12-3.3.0.jar to /tmp/spark-99c6332f-112a-4e10-bfb7-51fe36477ad9/userFiles-5d7e8f23-8e23-400e-8e0f-e9ead5bf63b7/io.delta_delta-spark_2.12-3.3.0.jar
26/06/04 16:21:26 INFO SparkContext: Added file file:///home/***/.ivy2/jars/org.apache.hadoop_hadoop-aws-3.3.4.jar at file:///home/***/.ivy2/jars/org.apache.hadoop_hadoop-aws-3.3.4.jar with timestamp 1780590085760
26/06/04 16:21:26 INFO Utils: Copying /home/***/.ivy2/jars/org.apache.hadoop_hadoop-aws-3.3.4.jar to /tmp/spark-99c6332f-112a-4e10-bfb7-51fe36477ad9/userFiles-5d7e8f23-8e23-400e-8e0f-e9ead5bf63b7/org.apache.hadoop_hadoop-aws-3.3.4.jar
26/06/04 16:21:26 INFO SparkContext: Added file file:///home/***/.ivy2/jars/com.amazonaws_aws-java-sdk-bundle-1.12.262.jar at file:///home/***/.ivy2/jars/com.amazonaws_aws-java-sdk-bundle-1.12.262.jar with timestamp 1780590085760
26/06/04 16:21:26 INFO Utils: Copying /home/***/.ivy2/jars/com.amazonaws_aws-java-sdk-bundle-1.12.262.jar to /tmp/spark-99c6332f-112a-4e10-bfb7-51fe36477ad9/userFiles-5d7e8f23-8e23-400e-8e0f-e9ead5bf63b7/com.amazonaws_aws-java-sdk-bundle-1.12.262.jar
26/06/04 16:21:26 INFO SparkContext: Added file file:///home/***/.ivy2/jars/io.delta_delta-storage-3.3.0.jar at file:///home/***/.ivy2/jars/io.delta_delta-storage-3.3.0.jar with timestamp 1780590085760
26/06/04 16:21:26 INFO Utils: Copying /home/***/.ivy2/jars/io.delta_delta-storage-3.3.0.jar to /tmp/spark-99c6332f-112a-4e10-bfb7-51fe36477ad9/userFiles-5d7e8f23-8e23-400e-8e0f-e9ead5bf63b7/io.delta_delta-storage-3.3.0.jar
26/06/04 16:21:26 INFO SparkContext: Added file file:///home/***/.ivy2/jars/org.antlr_antlr4-runtime-4.9.3.jar at file:///home/***/.ivy2/jars/org.antlr_antlr4-runtime-4.9.3.jar with timestamp 1780590085760
26/06/04 16:21:26 INFO Utils: Copying /home/***/.ivy2/jars/org.antlr_antlr4-runtime-4.9.3.jar to /tmp/spark-99c6332f-112a-4e10-bfb7-51fe36477ad9/userFiles-5d7e8f23-8e23-400e-8e0f-e9ead5bf63b7/org.antlr_antlr4-runtime-4.9.3.jar
26/06/04 16:21:26 INFO SparkContext: Added file file:///home/***/.ivy2/jars/org.wildfly.openssl_wildfly-openssl-1.0.7.Final.jar at file:///home/***/.ivy2/jars/org.wildfly.openssl_wildfly-openssl-1.0.7.Final.jar with timestamp 1780590085760
26/06/04 16:21:26 INFO Utils: Copying /home/***/.ivy2/jars/org.wildfly.openssl_wildfly-openssl-1.0.7.Final.jar to /tmp/spark-99c6332f-112a-4e10-bfb7-51fe36477ad9/userFiles-5d7e8f23-8e23-400e-8e0f-e9ead5bf63b7/org.wildfly.openssl_wildfly-openssl-1.0.7.Final.jar
26/06/04 16:21:26 INFO Executor: Starting executor ID driver on host host.containers.internal
26/06/04 16:21:26 INFO Executor: OS info Linux, 5.10.0-42-amd64, amd64
26/06/04 16:21:26 INFO Executor: Java version 17.0.11
26/06/04 16:21:26 INFO Executor: Starting executor with user classpath (userClassPathFirst = false): ''
26/06/04 16:21:26 INFO Executor: Created or updated repl class loader org.apache.spark.util.MutableURLClassLoader@5a1f51d4 for default.
26/06/04 16:21:26 INFO Executor: Fetching file:///home/***/.ivy2/jars/io.delta_delta-storage-3.3.0.jar with timestamp 1780590085760
26/06/04 16:21:26 INFO Utils: /home/***/.ivy2/jars/io.delta_delta-storage-3.3.0.jar has been previously copied to /tmp/spark-99c6332f-112a-4e10-bfb7-51fe36477ad9/userFiles-5d7e8f23-8e23-400e-8e0f-e9ead5bf63b7/io.delta_delta-storage-3.3.0.jar
26/06/04 16:21:26 INFO Executor: Fetching file:///home/***/.ivy2/jars/org.apache.hadoop_hadoop-aws-3.3.4.jar with timestamp 1780590085760
26/06/04 16:21:26 INFO Utils: /home/***/.ivy2/jars/org.apache.hadoop_hadoop-aws-3.3.4.jar has been previously copied to /tmp/spark-99c6332f-112a-4e10-bfb7-51fe36477ad9/userFiles-5d7e8f23-8e23-400e-8e0f-e9ead5bf63b7/org.apache.hadoop_hadoop-aws-3.3.4.jar
26/06/04 16:21:26 INFO Executor: Fetching file:///home/***/.ivy2/jars/io.delta_delta-spark_2.12-3.3.0.jar with timestamp 1780590085760
26/06/04 16:21:26 INFO Utils: /home/***/.ivy2/jars/io.delta_delta-spark_2.12-3.3.0.jar has been previously copied to /tmp/spark-99c6332f-112a-4e10-bfb7-51fe36477ad9/userFiles-5d7e8f23-8e23-400e-8e0f-e9ead5bf63b7/io.delta_delta-spark_2.12-3.3.0.jar
26/06/04 16:21:26 INFO Executor: Fetching file:///home/***/.ivy2/jars/org.antlr_antlr4-runtime-4.9.3.jar with timestamp 1780590085760
26/06/04 16:21:26 INFO Utils: /home/***/.ivy2/jars/org.antlr_antlr4-runtime-4.9.3.jar has been previously copied to /tmp/spark-99c6332f-112a-4e10-bfb7-51fe36477ad9/userFiles-5d7e8f23-8e23-400e-8e0f-e9ead5bf63b7/org.antlr_antlr4-runtime-4.9.3.jar
26/06/04 16:21:26 INFO Executor: Fetching file:///home/***/.ivy2/jars/org.wildfly.openssl_wildfly-openssl-1.0.7.Final.jar with timestamp 1780590085760
26/06/04 16:21:26 INFO Utils: /home/***/.ivy2/jars/org.wildfly.openssl_wildfly-openssl-1.0.7.Final.jar has been previously copied to /tmp/spark-99c6332f-112a-4e10-bfb7-51fe36477ad9/userFiles-5d7e8f23-8e23-400e-8e0f-e9ead5bf63b7/org.wildfly.openssl_wildfly-openssl-1.0.7.Final.jar
26/06/04 16:21:26 INFO Executor: Fetching file:///home/***/.ivy2/jars/com.amazonaws_aws-java-sdk-bundle-1.12.262.jar with timestamp 1780590085760
26/06/04 16:21:26 INFO Utils: /home/***/.ivy2/jars/com.amazonaws_aws-java-sdk-bundle-1.12.262.jar has been previously copied to /tmp/spark-99c6332f-112a-4e10-bfb7-51fe36477ad9/userFiles-5d7e8f23-8e23-400e-8e0f-e9ead5bf63b7/com.amazonaws_aws-java-sdk-bundle-1.12.262.jar
26/06/04 16:21:26 INFO Executor: Fetching spark://host.containers.internal:44807/jars/io.delta_delta-storage-3.3.0.jar with timestamp 1780590085760
26/06/04 16:21:26 INFO TransportClientFactory: Successfully created connection to host.containers.internal/192.168.1.120:44807 after 23 ms (0 ms spent in bootstraps)
26/06/04 16:21:26 INFO Utils: Fetching spark://host.containers.internal:44807/jars/io.delta_delta-storage-3.3.0.jar to /tmp/spark-99c6332f-112a-4e10-bfb7-51fe36477ad9/userFiles-5d7e8f23-8e23-400e-8e0f-e9ead5bf63b7/fetchFileTemp14433364796960278442.tmp
26/06/04 16:21:27 INFO Utils: /tmp/spark-99c6332f-112a-4e10-bfb7-51fe36477ad9/userFiles-5d7e8f23-8e23-400e-8e0f-e9ead5bf63b7/fetchFileTemp14433364796960278442.tmp has been previously copied to /tmp/spark-99c6332f-112a-4e10-bfb7-51fe36477ad9/userFiles-5d7e8f23-8e23-400e-8e0f-e9ead5bf63b7/io.delta_delta-storage-3.3.0.jar
26/06/04 16:21:27 INFO Executor: Adding file:/tmp/spark-99c6332f-112a-4e10-bfb7-51fe36477ad9/userFiles-5d7e8f23-8e23-400e-8e0f-e9ead5bf63b7/io.delta_delta-storage-3.3.0.jar to class loader default
26/06/04 16:21:27 INFO Executor: Fetching spark://host.containers.internal:44807/jars/org.wildfly.openssl_wildfly-openssl-1.0.7.Final.jar with timestamp 1780590085760
26/06/04 16:21:27 INFO Utils: Fetching spark://host.containers.internal:44807/jars/org.wildfly.openssl_wildfly-openssl-1.0.7.Final.jar to /tmp/spark-99c6332f-112a-4e10-bfb7-51fe36477ad9/userFiles-5d7e8f23-8e23-400e-8e0f-e9ead5bf63b7/fetchFileTemp1507785792200691894.tmp
26/06/04 16:21:27 INFO Utils: /tmp/spark-99c6332f-112a-4e10-bfb7-51fe36477ad9/userFiles-5d7e8f23-8e23-400e-8e0f-e9ead5bf63b7/fetchFileTemp1507785792200691894.tmp has been previously copied to /tmp/spark-99c6332f-112a-4e10-bfb7-51fe36477ad9/userFiles-5d7e8f23-8e23-400e-8e0f-e9ead5bf63b7/org.wildfly.openssl_wildfly-openssl-1.0.7.Final.jar
26/06/04 16:21:27 INFO Executor: Adding file:/tmp/spark-99c6332f-112a-4e10-bfb7-51fe36477ad9/userFiles-5d7e8f23-8e23-400e-8e0f-e9ead5bf63b7/org.wildfly.openssl_wildfly-openssl-1.0.7.Final.jar to class loader default
26/06/04 16:21:27 INFO Executor: Fetching spark://host.containers.internal:44807/jars/com.amazonaws_aws-java-sdk-bundle-1.12.262.jar with timestamp 1780590085760
26/06/04 16:21:27 INFO Utils: Fetching spark://host.containers.internal:44807/jars/com.amazonaws_aws-java-sdk-bundle-1.12.262.jar to /tmp/spark-99c6332f-112a-4e10-bfb7-51fe36477ad9/userFiles-5d7e8f23-8e23-400e-8e0f-e9ead5bf63b7/fetchFileTemp8236043737842066196.tmp
26/06/04 16:21:28 INFO Utils: /tmp/spark-99c6332f-112a-4e10-bfb7-51fe36477ad9/userFiles-5d7e8f23-8e23-400e-8e0f-e9ead5bf63b7/fetchFileTemp8236043737842066196.tmp has been previously copied to /tmp/spark-99c6332f-112a-4e10-bfb7-51fe36477ad9/userFiles-5d7e8f23-8e23-400e-8e0f-e9ead5bf63b7/com.amazonaws_aws-java-sdk-bundle-1.12.262.jar
26/06/04 16:21:28 INFO Executor: Adding file:/tmp/spark-99c6332f-112a-4e10-bfb7-51fe36477ad9/userFiles-5d7e8f23-8e23-400e-8e0f-e9ead5bf63b7/com.amazonaws_aws-java-sdk-bundle-1.12.262.jar to class loader default
26/06/04 16:21:28 INFO Executor: Fetching spark://host.containers.internal:44807/jars/org.apache.hadoop_hadoop-aws-3.3.4.jar with timestamp 1780590085760
26/06/04 16:21:28 INFO Utils: Fetching spark://host.containers.internal:44807/jars/org.apache.hadoop_hadoop-aws-3.3.4.jar to /tmp/spark-99c6332f-112a-4e10-bfb7-51fe36477ad9/userFiles-5d7e8f23-8e23-400e-8e0f-e9ead5bf63b7/fetchFileTemp816076926990822481.tmp
26/06/04 16:21:28 INFO Utils: /tmp/spark-99c6332f-112a-4e10-bfb7-51fe36477ad9/userFiles-5d7e8f23-8e23-400e-8e0f-e9ead5bf63b7/fetchFileTemp816076926990822481.tmp has been previously copied to /tmp/spark-99c6332f-112a-4e10-bfb7-51fe36477ad9/userFiles-5d7e8f23-8e23-400e-8e0f-e9ead5bf63b7/org.apache.hadoop_hadoop-aws-3.3.4.jar
26/06/04 16:21:28 INFO Executor: Adding file:/tmp/spark-99c6332f-112a-4e10-bfb7-51fe36477ad9/userFiles-5d7e8f23-8e23-400e-8e0f-e9ead5bf63b7/org.apache.hadoop_hadoop-aws-3.3.4.jar to class loader default
26/06/04 16:21:28 INFO Executor: Fetching spark://host.containers.internal:44807/jars/io.delta_delta-spark_2.12-3.3.0.jar with timestamp 1780590085760
26/06/04 16:21:28 INFO Utils: Fetching spark://host.containers.internal:44807/jars/io.delta_delta-spark_2.12-3.3.0.jar to /tmp/spark-99c6332f-112a-4e10-bfb7-51fe36477ad9/userFiles-5d7e8f23-8e23-400e-8e0f-e9ead5bf63b7/fetchFileTemp2694752264803643244.tmp
26/06/04 16:21:28 INFO Utils: /tmp/spark-99c6332f-112a-4e10-bfb7-51fe36477ad9/userFiles-5d7e8f23-8e23-400e-8e0f-e9ead5bf63b7/fetchFileTemp2694752264803643244.tmp has been previously copied to /tmp/spark-99c6332f-112a-4e10-bfb7-51fe36477ad9/userFiles-5d7e8f23-8e23-400e-8e0f-e9ead5bf63b7/io.delta_delta-spark_2.12-3.3.0.jar
26/06/04 16:21:28 INFO Executor: Adding file:/tmp/spark-99c6332f-112a-4e10-bfb7-51fe36477ad9/userFiles-5d7e8f23-8e23-400e-8e0f-e9ead5bf63b7/io.delta_delta-spark_2.12-3.3.0.jar to class loader default
26/06/04 16:21:28 INFO Executor: Fetching spark://host.containers.internal:44807/jars/org.antlr_antlr4-runtime-4.9.3.jar with timestamp 1780590085760
26/06/04 16:21:28 INFO Utils: Fetching spark://host.containers.internal:44807/jars/org.antlr_antlr4-runtime-4.9.3.jar to /tmp/spark-99c6332f-112a-4e10-bfb7-51fe36477ad9/userFiles-5d7e8f23-8e23-400e-8e0f-e9ead5bf63b7/fetchFileTemp6675211111889974561.tmp
26/06/04 16:21:28 INFO Utils: /tmp/spark-99c6332f-112a-4e10-bfb7-51fe36477ad9/userFiles-5d7e8f23-8e23-400e-8e0f-e9ead5bf63b7/fetchFileTemp6675211111889974561.tmp has been previously copied to /tmp/spark-99c6332f-112a-4e10-bfb7-51fe36477ad9/userFiles-5d7e8f23-8e23-400e-8e0f-e9ead5bf63b7/org.antlr_antlr4-runtime-4.9.3.jar
26/06/04 16:21:28 INFO Executor: Adding file:/tmp/spark-99c6332f-112a-4e10-bfb7-51fe36477ad9/userFiles-5d7e8f23-8e23-400e-8e0f-e9ead5bf63b7/org.antlr_antlr4-runtime-4.9.3.jar to class loader default
26/06/04 16:21:28 INFO Utils: Successfully started service 'org.apache.spark.network.netty.NettyBlockTransferService' on port 46195.
26/06/04 16:21:28 INFO NettyBlockTransferService: Server created on host.containers.internal:46195
26/06/04 16:21:28 INFO BlockManager: Using org.apache.spark.storage.RandomBlockReplicationPolicy for block replication policy
26/06/04 16:21:28 INFO BlockManagerMaster: Registering BlockManager BlockManagerId(driver, host.containers.internal, 46195, None)
26/06/04 16:21:28 INFO BlockManagerMasterEndpoint: Registering block manager host.containers.internal:46195 with 434.4 MiB RAM, BlockManagerId(driver, host.containers.internal, 46195, None)
26/06/04 16:21:28 INFO BlockManagerMaster: Registered BlockManager BlockManagerId(driver, host.containers.internal, 46195, None)
26/06/04 16:21:28 INFO BlockManager: Initialized BlockManager: BlockManagerId(driver, host.containers.internal, 46195, None)
26/06/04 16:21:28 INFO SingleEventLogFileWriter: Logging events to file:/.tmp/spark-logs/local-1780590086732.inprogress
2026-06-04 16:21:28.700 | INFO     | utils:build_spark_session:101 - Spark version: 3.5.6
2026-06-04 16:21:28.700 | INFO     | __main__:transform_patients:77 - Transforming raw_patients → stg_patients ...
26/06/04 16:21:29 WARN MetricsConfig: Cannot locate configuration: tried hadoop-metrics2-s3a-file-system.properties,hadoop-metrics2.properties
26/06/04 16:21:35 WARN SparkStringUtils: Truncated the string representation of a plan since it was too large. This behavior can be adjusted by setting 'spark.sql.debug.maxToStringFields'.
2026-06-04 16:21:42.419 | INFO     | __main__:transform_patients:95 -   stg_patients: 10,000 → 10,000 rows (removed 0 dupes)
2026-06-04 16:21:55.361 | INFO     | utils:run_data_assertions:287 - Running data quality assertions on stg_patients...
2026-06-04 16:21:58.303 | WARNING  | utils:run_data_assertions:370 - Failed to emit assertions to DataHub: (<avro.schema.RecordSchema object at 0x7fb58d7a0fb0>, AssertionInfoClass({'customProperties': {}, 'externalUrl': None, 'type': 'DATASET', 'datasetAssertion': DatasetAssertionInfoClass({'dataset': 'urn:li:dataset:(urn:li:dataPlatform:trino,delta.silver.stg_patients,PROD)', 'scope': 'DATASET_COLUMN', 'fields': ['patient_id'], 'aggregation': None, 'operator': 'EQUAL', 'parameters': None, 'nativeType': None, 'nativeParameters': None, 'logic': None}), 'freshnessAssertion': None, 'volumeAssertion': None, 'sqlAssertion': None, 'fieldAssertion': None, 'schemaAssertion': None, 'customAssertion': None, 'source': None, 'lastUpdated': None, 'description': None, 'note': None}))
2026-06-04 16:22:08.582 | INFO     | __main__:transform_wards:114 - Transforming raw_wards → stg_wards ...
2026-06-04 16:22:12.893 | INFO     | __main__:transform_wards:128 -   stg_wards: 4 → 4 rows
2026-06-04 16:22:12.893 | INFO     | utils:run_data_assertions:287 - Running data quality assertions on stg_wards...
2026-06-04 16:22:14.188 | WARNING  | utils:run_data_assertions:370 - Failed to emit assertions to DataHub: (<avro.schema.RecordSchema object at 0x7fb58d7a0fb0>, AssertionInfoClass({'customProperties': {}, 'externalUrl': None, 'type': 'DATASET', 'datasetAssertion': DatasetAssertionInfoClass({'dataset': 'urn:li:dataset:(urn:li:dataPlatform:trino,delta.silver.stg_wards,PROD)', 'scope': 'DATASET_COLUMN', 'fields': ['ward_id'], 'aggregation': None, 'operator': 'EQUAL', 'parameters': None, 'nativeType': None, 'nativeParameters': None, 'logic': None}), 'freshnessAssertion': None, 'volumeAssertion': None, 'sqlAssertion': None, 'fieldAssertion': None, 'schemaAssertion': None, 'customAssertion': None, 'source': None, 'lastUpdated': None, 'description': None, 'note': None}))
2026-06-04 16:22:21.318 | INFO     | __main__:transform_event_metadata:147 - Transforming raw_event_metadata → stg_event_metadata ...
2026-06-04 16:22:24.075 | INFO     | __main__:transform_event_metadata:159 -   stg_event_metadata: 17 → 17 rows
2026-06-04 16:22:24.075 | INFO     | utils:run_data_assertions:287 - Running data quality assertions on stg_event_metadata...
2026-06-04 16:22:25.111 | WARNING  | utils:run_data_assertions:370 - Failed to emit assertions to DataHub: (<avro.schema.RecordSchema object at 0x7fb58d7a0fb0>, AssertionInfoClass({'customProperties': {}, 'externalUrl': None, 'type': 'DATASET', 'datasetAssertion': DatasetAssertionInfoClass({'dataset': 'urn:li:dataset:(urn:li:dataPlatform:trino,delta.silver.stg_event_metadata,PROD)', 'scope': 'DATASET_COLUMN', 'fields': ['event_type_id'], 'aggregation': None, 'operator': 'EQUAL', 'parameters': None, 'nativeType': None, 'nativeParameters': None, 'logic': None}), 'freshnessAssertion': None, 'volumeAssertion': None, 'sqlAssertion': None, 'fieldAssertion': None, 'schemaAssertion': None, 'customAssertion': None, 'source': None, 'lastUpdated': None, 'description': None, 'note': None}))
2026-06-04 16:22:31.093 | INFO     | __main__:transform_visits:186 - Transforming raw_visits → stg_visits ...
2026-06-04 16:22:33.962 | INFO     | __main__:transform_visits:219 -   stg_visits: 50,000 → 50,000 rows
2026-06-04 16:22:33.963 | INFO     | utils:run_data_assertions:287 - Running data quality assertions on stg_visits...
2026-06-04 16:22:35.779 | WARNING  | utils:run_data_assertions:370 - Failed to emit assertions to DataHub: (<avro.schema.RecordSchema object at 0x7fb58d7a0fb0>, AssertionInfoClass({'customProperties': {}, 'externalUrl': None, 'type': 'DATASET', 'datasetAssertion': DatasetAssertionInfoClass({'dataset': 'urn:li:dataset:(urn:li:dataPlatform:trino,delta.silver.stg_visits,PROD)', 'scope': 'DATASET_COLUMN', 'fields': ['visit_id'], 'aggregation': None, 'operator': 'EQUAL', 'parameters': None, 'nativeType': None, 'nativeParameters': None, 'logic': None}), 'freshnessAssertion': None, 'volumeAssertion': None, 'sqlAssertion': None, 'fieldAssertion': None, 'schemaAssertion': None, 'customAssertion': None, 'source': None, 'lastUpdated': None, 'description': None, 'note': None}))
2026-06-04 16:24:33.334 | INFO     | __main__:transform_events:248 - Transforming raw_events → stg_events ...
2026-06-04 16:24:42.521 | INFO     | __main__:transform_events:276 -   stg_events: 153,000 → 150,000 rows
2026-06-04 16:24:42.521 | INFO     | __main__:transform_events:277 -   Duplicates removed: 3,000 (1.96%)
2026-06-04 16:24:42.521 | INFO     | __main__:transform_events:278 -   Unknown event_type rows flagged: 0
2026-06-04 16:24:42.521 | INFO     | utils:run_data_assertions:287 - Running data quality assertions on stg_events...
2026-06-04 16:24:46.941 | WARNING  | utils:run_data_assertions:370 - Failed to emit assertions to DataHub: (<avro.schema.RecordSchema object at 0x7fb58d7a0fb0>, AssertionInfoClass({'customProperties': {}, 'externalUrl': None, 'type': 'DATASET', 'datasetAssertion': DatasetAssertionInfoClass({'dataset': 'urn:li:dataset:(urn:li:dataPlatform:trino,delta.silver.stg_events,PROD)', 'scope': 'DATASET_COLUMN', 'fields': ['event_id'], 'aggregation': None, 'operator': 'EQUAL', 'parameters': None, 'nativeType': None, 'nativeParameters': None, 'logic': None}), 'freshnessAssertion': None, 'volumeAssertion': None, 'sqlAssertion': None, 'fieldAssertion': None, 'schemaAssertion': None, 'customAssertion': None, 'source': None, 'lastUpdated': None, 'description': None, 'note': None}))
2026-06-04 16:25:35.438 | INFO     | __main__:main:314 - ============================================================
2026-06-04 16:25:35.438 | INFO     | __main__:main:315 - Silver table row counts:
2026-06-04 16:25:35.438 | INFO     | __main__:main:317 -   stg_patients             :     10,000 rows
2026-06-04 16:25:35.438 | INFO     | __main__:main:317 -   stg_wards                :          4 rows
2026-06-04 16:25:35.438 | INFO     | __main__:main:317 -   stg_event_metadata       :         17 rows
2026-06-04 16:25:35.438 | INFO     | __main__:main:317 -   stg_visits               :     50,000 rows
2026-06-04 16:25:35.438 | INFO     | __main__:main:317 -   stg_events               :    150,000 rows
2026-06-04 16:25:35.438 | INFO     | utils:register_tables_in_trino:133 - Registering tables in Trino under delta.silver ...
2026-06-04 16:25:35.453 | INFO     | utils:register_tables_in_trino:146 -   delta.silver schema ensured.
2026-06-04 16:25:35.453 | INFO     | utils:register_tables_in_trino:149 -   Registering delta.silver.stg_patients ...
2026-06-04 16:25:35.787 | INFO     | utils:register_tables_in_trino:149 -   Registering delta.silver.stg_wards ...
2026-06-04 16:25:35.919 | INFO     | utils:register_tables_in_trino:149 -   Registering delta.silver.stg_event_metadata ...
2026-06-04 16:25:36.047 | INFO     | utils:register_tables_in_trino:149 -   Registering delta.silver.stg_visits ...
2026-06-04 16:25:37.570 | INFO     | utils:register_tables_in_trino:149 -   Registering delta.silver.stg_events ...
2026-06-04 16:25:39.637 | INFO     | utils:register_tables_in_trino:161 -   All tables registered in Trino under delta.silver.
2026-06-04 16:25:40.447 | INFO     | __main__:main:326 - ============================================================
2026-06-04 16:25:40.447 | INFO     | __main__:main:327 - Silver transformation complete. run_id=20260604_162125, elapsed=254.8s
2026-06-04 16:25:40.447 | INFO     | __main__:main:328 - ============================================================
[2026-06-04T16:25:43.485+0000] {logging_mixin.py:190} WARNING - 2026-06-04 16:21:22.849 | INFO     | utils:run_with_spark_submit:179 - Script was not started with spark-submit. Submitting job to cluster via subprocess...
2026-06-04 16:21:22.849 | INFO     | utils:run_with_spark_submit:189 - Running command: spark-submit --master local[*] --packages io.delta:delta-spark_2.12:3.3.0,org.apache.hadoop:hadoop-aws:3.3.4,com.amazonaws:aws-java-sdk-bundle:1.12.262 /opt/***/scripts/3_transform_to_silver.py
[2026-06-04T16:25:43.793+0000] {logging_mixin.py:190} INFO - [datahub] Emitted batch step: silver_transform
[2026-06-04T16:25:43.823+0000] {logging_mixin.py:190} INFO - [run-meta] silver_transform → SUCCESS  run_id=736f986c-76a4-4e74-bc0c-265b20640c72
[2026-06-04T16:25:43.825+0000] {python.py:240} INFO - Done. Returned value was: None
[2026-06-04T16:25:43.847+0000] {taskinstance.py:340} INFO - ::group::Post task execution logs
[2026-06-04T16:25:43.850+0000] {taskinstance.py:352} INFO - Marking task as SUCCESS. dag_id=ehr_data_pipeline, task_id=silver_transform, run_id=manual__2026-06-04T16:21:14.038551+00:00, execution_date=20260604T162114, start_date=20260604T162342, end_date=20260604T162543
[2026-06-04T16:25:43.916+0000] {local_task_job_runner.py:266} INFO - Task exited with return code 0
[2026-06-04T16:25:43.942+0000] {taskinstance.py:3900} INFO - 1 downstream tasks scheduled from follow-on schedule check
[2026-06-04T16:25:43.947+0000] {local_task_job_runner.py:245} INFO - ::endgroup::
