[2026-06-04T13:48:49.297+0000] {local_task_job_runner.py:123} INFO - ::group::Pre task execution logs
[2026-06-04T13:48:49.325+0000] {taskinstance.py:2612} INFO - Dependencies all met for dep_context=non-requeueable deps ti=<TaskInstance: ehr_data_pipeline.push_stream_features manual__2026-06-04T13:48:47.739420+00:00 [queued]>
[2026-06-04T13:48:49.337+0000] {taskinstance.py:2612} INFO - Dependencies all met for dep_context=requeueable deps ti=<TaskInstance: ehr_data_pipeline.push_stream_features manual__2026-06-04T13:48:47.739420+00:00 [queued]>
[2026-06-04T13:48:49.338+0000] {taskinstance.py:2865} INFO - Starting attempt 1 of 1
[2026-06-04T13:48:49.358+0000] {taskinstance.py:2888} INFO - Executing <Task(PythonOperator): push_stream_features> on 2026-06-04 13:48:47.739420+00:00
[2026-06-04T13:48:49.367+0000] {standard_task_runner.py:104} INFO - Running: ['***', 'tasks', 'run', 'ehr_data_pipeline', 'push_stream_features', 'manual__2026-06-04T13:48:47.739420+00:00', '--job-id', '13', '--raw', '--subdir', 'DAGS_FOLDER/ehr_data_pipeline.py', '--cfg-path', '/tmp/tmp9g7u2u1n']
[2026-06-04T13:48:49.370+0000] {standard_task_runner.py:105} INFO - Job 13: Subtask push_stream_features
[2026-06-04T13:48:49.371+0000] {logging_mixin.py:190} WARNING - /home/***/.local/lib/python3.12/site-packages/***/task/task_runner/standard_task_runner.py:70 DeprecationWarning: This process (pid=694) is multi-threaded, use of fork() may lead to deadlocks in the child.
[2026-06-04T13:48:49.372+0000] {standard_task_runner.py:72} INFO - Started process 696 to run task
[2026-06-04T13:48:49.433+0000] {task_command.py:467} INFO - Running <TaskInstance: ehr_data_pipeline.push_stream_features manual__2026-06-04T13:48:47.739420+00:00 [running]> on host g120.grove.adaptcentre.ie
[2026-06-04T13:48:49.564+0000] {taskinstance.py:3131} INFO - Exporting env vars: AIRFLOW_CTX_DAG_OWNER='***' AIRFLOW_CTX_DAG_ID='ehr_data_pipeline' AIRFLOW_CTX_TASK_ID='push_stream_features' AIRFLOW_CTX_EXECUTION_DATE='2026-06-04T13:48:47.739420+00:00' AIRFLOW_CTX_TRY_NUMBER='1' AIRFLOW_CTX_DAG_RUN_ID='manual__2026-06-04T13:48:47.739420+00:00'
[2026-06-04T13:48:49.565+0000] {taskinstance.py:731} INFO - ::endgroup::
[2026-06-04T13:48:49.601+0000] {logging_mixin.py:190} INFO - [feature-pipeline] Running stream feature push for 60s ...
[2026-06-04T13:48:50.567+0000] {logging_mixin.py:190} INFO - [feature-pipeline] Stream push complete.
[2026-06-04T13:48:50.653+0000] {logging_mixin.py:190} INFO - [datahub] Emitted stream step: push_stream_features
[2026-06-04T13:48:50.663+0000] {logging_mixin.py:190} INFO - [run-meta] push_stream_features → SUCCESS  run_id=c27041e6-f4b5-4d29-bb5e-77712db4d61c
[2026-06-04T13:48:50.663+0000] {python.py:240} INFO - Done. Returned value was: None
[2026-06-04T13:48:50.684+0000] {taskinstance.py:340} INFO - ::group::Post task execution logs
[2026-06-04T13:48:50.684+0000] {taskinstance.py:352} INFO - Marking task as SUCCESS. dag_id=ehr_data_pipeline, task_id=push_stream_features, run_id=manual__2026-06-04T13:48:47.739420+00:00, execution_date=20260604T134847, start_date=20260604T134849, end_date=20260604T134850
[2026-06-04T13:48:50.709+0000] {local_task_job_runner.py:266} INFO - Task exited with return code 0
[2026-06-04T13:48:50.723+0000] {taskinstance.py:3900} INFO - 0 downstream tasks scheduled from follow-on schedule check
[2026-06-04T13:48:50.727+0000] {local_task_job_runner.py:245} INFO - ::endgroup::
